Archive member included because of file (symbol)

d:/stm32_discovery/sterowniki/gnu tools arm embedded/4.7 2013q3/bin/../lib/gcc/arm-none-eabi/4.7.4/../../../../arm-none-eabi/lib/armv7e-m\libg.a(lib_a-sprintf.o)
                              ..\obj\lista_plikow.o (sprintf)
d:/stm32_discovery/sterowniki/gnu tools arm embedded/4.7 2013q3/bin/../lib/gcc/arm-none-eabi/4.7.4/../../../../arm-none-eabi/lib/armv7e-m\libg.a(lib_a-strcat.o)
                              ..\obj\lista_plikow.o (strcat)
d:/stm32_discovery/sterowniki/gnu tools arm embedded/4.7 2013q3/bin/../lib/gcc/arm-none-eabi/4.7.4/../../../../arm-none-eabi/lib/armv7e-m\libg.a(lib_a-strcpy.o)
                              d:/stm32_discovery/sterowniki/gnu tools arm embedded/4.7 2013q3/bin/../lib/gcc/arm-none-eabi/4.7.4/../../../../arm-none-eabi/lib/armv7e-m\libg.a(lib_a-strcat.o) (strcpy)
d:/stm32_discovery/sterowniki/gnu tools arm embedded/4.7 2013q3/bin/../lib/gcc/arm-none-eabi/4.7.4/../../../../arm-none-eabi/lib/armv7e-m\libg.a(lib_a-svfprintf.o)
                              d:/stm32_discovery/sterowniki/gnu tools arm embedded/4.7 2013q3/bin/../lib/gcc/arm-none-eabi/4.7.4/../../../../arm-none-eabi/lib/armv7e-m\libg.a(lib_a-sprintf.o) (_svfprintf_r)
d:/stm32_discovery/sterowniki/gnu tools arm embedded/4.7 2013q3/bin/../lib/gcc/arm-none-eabi/4.7.4/../../../../arm-none-eabi/lib/armv7e-m\libg.a(lib_a-dtoa.o)
                              d:/stm32_discovery/sterowniki/gnu tools arm embedded/4.7 2013q3/bin/../lib/gcc/arm-none-eabi/4.7.4/../../../../arm-none-eabi/lib/armv7e-m\libg.a(lib_a-svfprintf.o) (_dtoa_r)
d:/stm32_discovery/sterowniki/gnu tools arm embedded/4.7 2013q3/bin/../lib/gcc/arm-none-eabi/4.7.4/../../../../arm-none-eabi/lib/armv7e-m\libg.a(lib_a-impure.o)
                              d:/stm32_discovery/sterowniki/gnu tools arm embedded/4.7 2013q3/bin/../lib/gcc/arm-none-eabi/4.7.4/../../../../arm-none-eabi/lib/armv7e-m\libg.a(lib_a-sprintf.o) (_impure_ptr)
d:/stm32_discovery/sterowniki/gnu tools arm embedded/4.7 2013q3/bin/../lib/gcc/arm-none-eabi/4.7.4/../../../../arm-none-eabi/lib/armv7e-m\libg.a(lib_a-locale.o)
                              d:/stm32_discovery/sterowniki/gnu tools arm embedded/4.7 2013q3/bin/../lib/gcc/arm-none-eabi/4.7.4/../../../../arm-none-eabi/lib/armv7e-m\libg.a(lib_a-svfprintf.o) (_localeconv_r)
d:/stm32_discovery/sterowniki/gnu tools arm embedded/4.7 2013q3/bin/../lib/gcc/arm-none-eabi/4.7.4/../../../../arm-none-eabi/lib/armv7e-m\libg.a(lib_a-mallocr.o)
                              d:/stm32_discovery/sterowniki/gnu tools arm embedded/4.7 2013q3/bin/../lib/gcc/arm-none-eabi/4.7.4/../../../../arm-none-eabi/lib/armv7e-m\libg.a(lib_a-svfprintf.o) (_malloc_r)
d:/stm32_discovery/sterowniki/gnu tools arm embedded/4.7 2013q3/bin/../lib/gcc/arm-none-eabi/4.7.4/../../../../arm-none-eabi/lib/armv7e-m\libg.a(lib_a-memchr.o)
                              d:/stm32_discovery/sterowniki/gnu tools arm embedded/4.7 2013q3/bin/../lib/gcc/arm-none-eabi/4.7.4/../../../../arm-none-eabi/lib/armv7e-m\libg.a(lib_a-svfprintf.o) (memchr)
d:/stm32_discovery/sterowniki/gnu tools arm embedded/4.7 2013q3/bin/../lib/gcc/arm-none-eabi/4.7.4/../../../../arm-none-eabi/lib/armv7e-m\libg.a(lib_a-memcpy.o)
                              d:/stm32_discovery/sterowniki/gnu tools arm embedded/4.7 2013q3/bin/../lib/gcc/arm-none-eabi/4.7.4/../../../../arm-none-eabi/lib/armv7e-m\libg.a(lib_a-dtoa.o) (memcpy)
d:/stm32_discovery/sterowniki/gnu tools arm embedded/4.7 2013q3/bin/../lib/gcc/arm-none-eabi/4.7.4/../../../../arm-none-eabi/lib/armv7e-m\libg.a(lib_a-mlock.o)
                              d:/stm32_discovery/sterowniki/gnu tools arm embedded/4.7 2013q3/bin/../lib/gcc/arm-none-eabi/4.7.4/../../../../arm-none-eabi/lib/armv7e-m\libg.a(lib_a-mallocr.o) (__malloc_lock)
d:/stm32_discovery/sterowniki/gnu tools arm embedded/4.7 2013q3/bin/../lib/gcc/arm-none-eabi/4.7.4/../../../../arm-none-eabi/lib/armv7e-m\libg.a(lib_a-mprec.o)
                              d:/stm32_discovery/sterowniki/gnu tools arm embedded/4.7 2013q3/bin/../lib/gcc/arm-none-eabi/4.7.4/../../../../arm-none-eabi/lib/armv7e-m\libg.a(lib_a-dtoa.o) (_Balloc)
d:/stm32_discovery/sterowniki/gnu tools arm embedded/4.7 2013q3/bin/../lib/gcc/arm-none-eabi/4.7.4/../../../../arm-none-eabi/lib/armv7e-m\libg.a(lib_a-s_fpclassify.o)
                              d:/stm32_discovery/sterowniki/gnu tools arm embedded/4.7 2013q3/bin/../lib/gcc/arm-none-eabi/4.7.4/../../../../arm-none-eabi/lib/armv7e-m\libg.a(lib_a-svfprintf.o) (__fpclassifyd)
d:/stm32_discovery/sterowniki/gnu tools arm embedded/4.7 2013q3/bin/../lib/gcc/arm-none-eabi/4.7.4/../../../../arm-none-eabi/lib/armv7e-m\libg.a(lib_a-sbrkr.o)
                              d:/stm32_discovery/sterowniki/gnu tools arm embedded/4.7 2013q3/bin/../lib/gcc/arm-none-eabi/4.7.4/../../../../arm-none-eabi/lib/armv7e-m\libg.a(lib_a-mallocr.o) (_sbrk_r)
[...]
Memory Configuration

Name             Origin             Length             Attributes
rom              0x08000000         0x00100000         xr
ram              0x20000000         0x00020000         xrw
ram1             0x10000000         0x00010000         xrw
*default*        0x00000000         0xffffffff

Linker script and memory map

                0x20020000                _eram = 0x20020000

.text           0x08000000    0x11710
 *(.isr_vector .isr_vector.*)
 .isr_vector    0x08000000      0x188 ..\obj\startup_stm32f4xx.o
                0x08000000                g_pfnVectors
 *(.text .text.* .gnu.linkonce.t.*)
 .text.USB_OTG_EnableCommonInt
                0x08000188       0x44 ..\obj\usb_core.o
 .text.USB_OTG_CoreReset
                0x080001cc       0xa8 ..\obj\usb_core.o
 .text.USB_OTG_WritePacket
                0x08000274       0x84 ..\obj\usb_core.o
                0x08000274                USB_OTG_WritePacket
 .text.USB_OTG_ReadPacket
                0x080002f8       0x68 ..\obj\usb_core.o
                0x080002f8                USB_OTG_ReadPacket
 .text.USB_OTG_SelectCore
                0x08000360      0x1b4 ..\obj\usb_core.o
                0x08000360                USB_OTG_SelectCore
 .text.USB_OTG_CoreInit
                0x08000514      0x1f8 ..\obj\usb_core.o
                0x08000514                USB_OTG_CoreInit
 .text.USB_OTG_EnableGlobalInt
                0x0800070c       0x3c ..\obj\usb_core.o
                0x0800070c                USB_OTG_EnableGlobalInt
 .text.USB_OTG_DisableGlobalInt
                0x08000748       0x40 ..\obj\usb_core.o
                0x08000748                USB_OTG_DisableGlobalInt
 .text.USB_OTG_FlushTxFifo
                0x08000788       0x80 ..\obj\usb_core.o
                0x08000788                USB_OTG_FlushTxFifo
 .text.USB_OTG_FlushRxFifo
                0x08000808       0x6c ..\obj\usb_core.o
                0x08000808                USB_OTG_FlushRxFifo
 .text.USB_OTG_SetCurrentMode
                0x08000874       0x64 ..\obj\usb_core.o
                0x08000874                USB_OTG_SetCurrentMode
 .text.USB_OTG_GetMode
                0x080008d8       0x20 ..\obj\usb_core.o
                0x080008d8                USB_OTG_GetMode
 .text.USB_OTG_IsHostMode
                0x080008f8       0x24 ..\obj\usb_core.o
                0x080008f8                USB_OTG_IsHostMode
 .text.USB_OTG_ReadCoreItr
                0x0800091c       0x30 ..\obj\usb_core.o
                0x0800091c                USB_OTG_ReadCoreItr
 .text.USB_OTG_CoreInitHost
                0x0800094c      0x124 ..\obj\usb_core.o
                0x0800094c                USB_OTG_CoreInitHost
 .text.USB_OTG_IsEvenFrame
                0x08000a70       0x28 ..\obj\usb_core.o
                0x08000a70                USB_OTG_IsEvenFrame
 .text.USB_OTG_DriveVbus
                0x08000a98       0x80 ..\obj\usb_core.o
                0x08000a98                USB_OTG_DriveVbus
 .text.USB_OTG_EnableHostInt
                0x08000b18       0x8c ..\obj\usb_core.o
                0x08000b18                USB_OTG_EnableHostInt
 .text.USB_OTG_InitFSLSPClkSel
                0x08000ba4       0x38 ..\obj\usb_core.o
                0x08000ba4                USB_OTG_InitFSLSPClkSel
 .text.USB_OTG_ReadHPRT0
                0x08000bdc       0x40 ..\obj\usb_core.o
                0x08000bdc                USB_OTG_ReadHPRT0
 .text.USB_OTG_ReadHostAllChannels_intr
                0x08000c1c       0x1c ..\obj\usb_core.o
                0x08000c1c                USB_OTG_ReadHostAllChannels_intr
 .text.USB_OTG_ResetPort
                0x08000c38       0x54 ..\obj\usb_core.o
                0x08000c38                USB_OTG_ResetPort
 .text.USB_OTG_HC_Init
                0x08000c8c      0x2d4 ..\obj\usb_core.o
                0x08000c8c                USB_OTG_HC_Init
 .text.USB_OTG_HC_StartXfer
                0x08000f60      0x308 ..\obj\usb_core.o
                0x08000f60                USB_OTG_HC_StartXfer
 .text.USB_OTG_HC_Halt
                0x08001268       0xac ..\obj\usb_core.o
                0x08001268                USB_OTG_HC_Halt
 .text.USB_OTG_HC_DoPing
                0x08001314       0x88 ..\obj\usb_core.o
                0x08001314                USB_OTG_HC_DoPing
 .text.UB_USB_MSC_HOST_Init
                0x0800139c       0x44 ..\obj\stm32_ub_usb_msc_host.o
                0x0800139c                UB_USB_MSC_HOST_Init
 .text.UB_USB_MSC_HOST_Do
                0x080013e0       0x34 ..\obj\stm32_ub_usb_msc_host.o
                0x080013e0                UB_USB_MSC_HOST_Do
 .text.USBH_Open_Channel
                0x08001414      0x108 ..\obj\usbh_hcs.o
                0x08001414                USBH_Open_Channel
 .text.USBH_Modify_Channel
                0x0800151c       0x9c ..\obj\usbh_hcs.o
                0x0800151c                USBH_Modify_Channel
 .text.USBH_Alloc_Channel
                0x080015b8       0x4c ..\obj\usbh_hcs.o
                0x080015b8                USBH_Alloc_Channel
 .text.USBH_Free_Channel
                0x08001604       0x4c ..\obj\usbh_hcs.o
                0x08001604                USBH_Free_Channel
 .text.USBH_DeAllocate_AllChannel
                0x08001650       0x44 ..\obj\usbh_hcs.o
                0x08001650                USBH_DeAllocate_AllChannel
 .text.USBH_GetFreeChannel
                0x08001694       0x54 ..\obj\usbh_hcs.o
 .text.USBH_Get_DevDesc
                0x080016e8       0x5c ..\obj\usbh_stdreq.o
                0x080016e8                USBH_Get_DevDesc
 .text.USBH_Get_CfgDesc
                0x08001744       0x60 ..\obj\usbh_stdreq.o
                0x08001744                USBH_Get_CfgDesc
 .text.USBH_Get_StringDesc
                0x080017a4       0x5c ..\obj\usbh_stdreq.o
                0x080017a4                USBH_Get_StringDesc
 .text.USBH_GetDescriptor
                0x08001800       0x64 ..\obj\usbh_stdreq.o
                0x08001800                USBH_GetDescriptor
 .text.USBH_SetAddress
                0x08001864       0x54 ..\obj\usbh_stdreq.o
                0x08001864                USBH_SetAddress
 .text.USBH_SetCfg
                0x080018b8       0x50 ..\obj\usbh_stdreq.o
                0x080018b8                USBH_SetCfg
 .text.USBH_ClrFeature
                0x08001908       0x84 ..\obj\usbh_stdreq.o
                0x08001908                USBH_ClrFeature
 .text.USBH_ParseDevDesc
                0x0800198c       0xf0 ..\obj\usbh_stdreq.o
 .text.USBH_ParseCfgDesc
                0x08001a7c      0x160 ..\obj\usbh_stdreq.o
 .text.USBH_ParseInterfaceDesc
                0x08001bdc       0x5c ..\obj\usbh_stdreq.o
 .text.USBH_ParseEPDesc
                0x08001c38       0x5c ..\obj\usbh_stdreq.o
 .text.USBH_ParseStringDesc
                0x08001c94       0x74 ..\obj\usbh_stdreq.o
 .text.USBH_GetNextDesc
                0x08001d08       0x34 ..\obj\usbh_stdreq.o
 .text.czysc    0x08001d3c       0x48 ..\obj\funkcje.o
                0x08001d3c                czysc
 .text.disk_initialize
                0x08001d84       0x84 ..\obj\diskio.o
                0x08001d84                disk_initialize
 .text.disk_status
                0x08001e08       0x84 ..\obj\diskio.o
                0x08001e08                disk_status
 .text.disk_read
                0x08001e8c       0xa0 ..\obj\diskio.o
                0x08001e8c                disk_read
 .text.disk_write
                0x08001f2c       0xa0 ..\obj\diskio.o
                0x08001f2c                disk_write
 .text.get_fattime
                0x08001fcc       0x14 ..\obj\diskio.o
                0x08001fcc                get_fattime
 .text.disk_ioctl
                0x08001fe0       0x9c ..\obj\diskio.o
                0x08001fe0                disk_ioctl
 .text.Default_Reset_Handler
                0x0800207c       0x6c ..\obj\startup_stm32f4xx.o
                0x0800207c                Default_Reset_Handler
                0x0800207c                Reset_Handler
 .text.Default_Handler
                0x080020e8        0x8 ..\obj\startup_stm32f4xx.o
                0x080020e8                RTC_Alarm_IRQHandler
                0x080020e8                HASH_RNG_IRQHandler
                0x080020e8                EXTI2_IRQHandler
                0x080020e8                TIM8_CC_IRQHandler
                0x080020e8                DebugMon_Handler
                0x080020e8                TIM1_CC_IRQHandler
                0x080020e8                DMA2_Stream5_IRQHandler
                0x080020e8                HardFault_Handler
                0x080020e8                DMA1_Stream5_IRQHandler
                0x080020e8                SysTick_Handler
                0x080020e8                PVD_IRQHandler
                0x080020e8                SDIO_IRQHandler
                0x080020e8                TAMP_STAMP_IRQHandler
                0x080020e8                PendSV_Handler
                0x080020e8                NMI_Handler
                0x080020e8                CAN2_RX1_IRQHandler
                0x080020e8                EXTI3_IRQHandler
                0x080020e8                TIM8_TRG_COM_TIM14_IRQHandler
                0x080020e8                TIM1_UP_TIM10_IRQHandler
                0x080020e8                TIM8_UP_TIM13_IRQHandler
                0x080020e8                I2C3_ER_IRQHandler
                0x080020e8                EXTI0_IRQHandler
                0x080020e8                I2C2_EV_IRQHandler
                0x080020e8                DMA1_Stream2_IRQHandler
                0x080020e8                CAN1_RX0_IRQHandler
                0x080020e8                FPU_IRQHandler
                0x080020e8                OTG_HS_WKUP_IRQHandler
                0x080020e8                UsageFault_Handler
                0x080020e8                CAN2_SCE_IRQHandler
                0x080020e8                DMA2_Stream2_IRQHandler
                0x080020e8                SPI1_IRQHandler
                0x080020e8                TIM6_DAC_IRQHandler
                0x080020e8                TIM1_BRK_TIM9_IRQHandler
                0x080020e8                DCMI_IRQHandler
                0x080020e8                CAN2_RX0_IRQHandler
                0x080020e8                DMA2_Stream3_IRQHandler
                0x080020e8                USART6_IRQHandler
                0x080020e8                USART3_IRQHandler
                0x080020e8                CRYP_IRQHandler
                0x080020e8                CAN1_RX1_IRQHandler
                0x080020e8                UART5_IRQHandler
                0x080020e8                DMA2_Stream0_IRQHandler
                0x080020e8                TIM4_IRQHandler
                0x080020e8                I2C1_EV_IRQHandler
                0x080020e8                DMA1_Stream6_IRQHandler
                0x080020e8                DMA1_Stream1_IRQHandler
                0x080020e8                UART4_IRQHandler
                0x080020e8                TIM3_IRQHandler
                0x080020e8                RCC_IRQHandler
                0x080020e8                TIM8_BRK_TIM12_IRQHandler
                0x080020e8                EXTI15_10_IRQHandler
                0x080020e8                ADC_IRQHandler
                0x080020e8                DMA1_Stream7_IRQHandler
                0x080020e8                TIM7_IRQHandler
                0x080020e8                CAN2_TX_IRQHandler
                0x080020e8                TIM5_IRQHandler
                0x080020e8                DMA2_Stream7_IRQHandler
                0x080020e8                I2C3_EV_IRQHandler
                0x080020e8                EXTI9_5_IRQHandler
                0x080020e8                RTC_WKUP_IRQHandler
                0x080020e8                ETH_WKUP_IRQHandler
                0x080020e8                SPI2_IRQHandler
                0x080020e8                OTG_HS_EP1_IN_IRQHandler
                0x080020e8                MemManage_Handler
                0x080020e8                DMA1_Stream0_IRQHandler
                0x080020e8                CAN1_TX_IRQHandler
                0x080020e8                SVC_Handler
                0x080020e8                EXTI4_IRQHandler
                0x080020e8                FSMC_IRQHandler
                0x080020e8                ETH_IRQHandler
                0x080020e8                OTG_HS_EP1_OUT_IRQHandler
                0x080020e8                WWDG_IRQHandler
                0x080020e8                TIM2_IRQHandler
                0x080020e8                OTG_FS_WKUP_IRQHandler
                0x080020e8                TIM1_TRG_COM_TIM11_IRQHandler
                0x080020e8                OTG_HS_IRQHandler
                0x080020e8                EXTI1_IRQHandler
                0x080020e8                USART2_IRQHandler
                0x080020e8                I2C2_ER_IRQHandler
                0x080020e8                DMA2_Stream1_IRQHandler
                0x080020e8                CAN1_SCE_IRQHandler
                0x080020e8                FLASH_IRQHandler
                0x080020e8                DMA2_Stream4_IRQHandler
                0x080020e8                BusFault_Handler
                0x080020e8                USART1_IRQHandler
                0x080020e8                SPI3_IRQHandler
                0x080020e8                DMA1_Stream4_IRQHandler
                0x080020e8                I2C1_ER_IRQHandler
                0x080020e8                DMA2_Stream6_IRQHandler
                0x080020e8                DMA1_Stream3_IRQHandler
 .text.UB_Led_Init
                0x080020f0       0xe4 ..\obj\stm32_ub_led.o
                0x080020f0                UB_Led_Init
 .text.UB_Led_Off
                0x080021d4       0x54 ..\obj\stm32_ub_led.o
                0x080021d4                UB_Led_Off
 .text.UB_Led_On
                0x08002228       0x54 ..\obj\stm32_ub_led.o
                0x08002228                UB_Led_On
 .text.main     0x0800227c       0x10 ..\obj\main.o
                0x0800227c                main
 .text.UB_Fatfs_Mount
                0x0800228c       0x80 ..\obj\stm32_ub_fatfs.o
                0x0800228c                UB_Fatfs_Mount
 .text.UB_Fatfs_UnMount
                0x0800230c       0x4c ..\obj\stm32_ub_fatfs.o
                0x0800230c                UB_Fatfs_UnMount
 .text.UB_Fatfs_OpenFile
                0x08002358       0xbc ..\obj\stm32_ub_fatfs.o
                0x08002358                UB_Fatfs_OpenFile
 .text.UB_Fatfs_CloseFile
                0x08002414       0x40 ..\obj\stm32_ub_fatfs.o
                0x08002414                UB_Fatfs_CloseFile
 .text.UB_Fatfs_WriteString
                0x08002454       0x4c ..\obj\stm32_ub_fatfs.o
                0x08002454                UB_Fatfs_WriteString
 .text.RCC_AHB1PeriphClockCmd
                0x080024a0       0x54 ..\obj\stm32f4xx_rcc.o
                0x080024a0                RCC_AHB1PeriphClockCmd
 .text.RCC_AHB2PeriphClockCmd
                0x080024f4       0x54 ..\obj\stm32f4xx_rcc.o
                0x080024f4                RCC_AHB2PeriphClockCmd
 .text.initButton
                0x08002548       0x3c ..\obj\init.o
                0x08002548                initButton
 .text.USBH_MSC_InterfaceInit
                0x08002584      0x180 ..\obj\usbh_msc_core.o
 .text.USBH_MSC_InterfaceDeInit
                0x08002704       0x94 ..\obj\usbh_msc_core.o
 .text.USBH_MSC_ClassRequest
                0x08002798       0x2c ..\obj\usbh_msc_core.o
 .text.USBH_MSC_Handle
                0x080027c4      0x2f4 ..\obj\usbh_msc_core.o
 .text.USBH_MSC_BOTReset
                0x08002ab8       0x50 ..\obj\usbh_msc_core.o
 .text.USBH_MSC_GETMaxLUN
                0x08002b08       0x50 ..\obj\usbh_msc_core.o
 .text.USBH_MSC_ErrorHandle
                0x08002b58       0x84 ..\obj\usbh_msc_core.o
                0x08002b58                USBH_MSC_ErrorHandle
 .text.usuwanie_plikow_i_katalogow
                0x08002bdc      0x128 ..\obj\usuwanie_plikow_i_katalogow.o
                0x08002bdc                usuwanie_plikow_i_katalogow
 .text.menu     0x08002d04      0x15c ..\obj\menu.o
                0x08002d04                menu
 .text.USBH_Connect
                0x08002e60       0x30 ..\obj\usbh_core.o
                0x08002e60                USBH_Connect
 .text.USBH_Disconnect
                0x08002e90       0x30 ..\obj\usbh_core.o
                0x08002e90                USBH_Disconnect
 .text.USBH_Init
                0x08002ec0       0x7c ..\obj\usbh_core.o
                0x08002ec0                USBH_Init
 .text.USBH_DeInit
                0x08002f3c       0x74 ..\obj\usbh_core.o
                0x08002f3c                USBH_DeInit
 .text.USBH_Process
                0x08002fb0      0x294 ..\obj\usbh_core.o
                0x08002fb0                USBH_Process
 .text.USBH_ErrorHandle
                0x08003244       0x4c ..\obj\usbh_core.o
                0x08003244                USBH_ErrorHandle
 .text.USBH_HandleEnum
                0x08003290      0x338 ..\obj\usbh_core.o
 .text.USBH_HandleControl
                0x080035c8      0x3ac ..\obj\usbh_core.o
                0x080035c8                USBH_HandleControl
 .text.MMC_disk_initialize
                0x08003974       0x1c ..\obj\stm32_ub_sdcard.o
                0x08003974                MMC_disk_initialize
 .text.MMC_disk_status
                0x08003990       0x1c ..\obj\stm32_ub_sdcard.o
                0x08003990                MMC_disk_status
 .text.MMC_disk_read
                0x080039ac       0x24 ..\obj\stm32_ub_sdcard.o
                0x080039ac                MMC_disk_read
 .text.MMC_disk_write
                0x080039d0       0x24 ..\obj\stm32_ub_sdcard.o
                0x080039d0                MMC_disk_write
 .text.MMC_disk_ioctl
                0x080039f4       0x20 ..\obj\stm32_ub_sdcard.o
                0x080039f4                MMC_disk_ioctl
 .text.GPIO_Init
                0x08003a14      0x144 ..\obj\stm32f4xx_gpio.o
                0x08003a14                GPIO_Init
 .text.GPIO_ReadInputDataBit
                0x08003b58       0x3c ..\obj\stm32f4xx_gpio.o
                0x08003b58                GPIO_ReadInputDataBit
 .text.GPIO_SetBits
                0x08003b94       0x1c ..\obj\stm32f4xx_gpio.o
                0x08003b94                GPIO_SetBits
 .text.GPIO_ResetBits
                0x08003bb0       0x1c ..\obj\stm32f4xx_gpio.o
                0x08003bb0                GPIO_ResetBits
 .text.GPIO_PinAFConfig
                0x08003bcc       0xa8 ..\obj\stm32f4xx_gpio.o
                0x08003bcc                GPIO_PinAFConfig
 .text.USB_disk_initialize
                0x08003c74       0x48 ..\obj\stm32_ub_usbdisk.o
                0x08003c74                USB_disk_initialize
 .text.USB_disk_status
                0x08003cbc       0x48 ..\obj\stm32_ub_usbdisk.o
                0x08003cbc                USB_disk_status
 .text.USB_disk_read
                0x08003d04       0xb0 ..\obj\stm32_ub_usbdisk.o
                0x08003d04                USB_disk_read
 .text.USB_disk_write
                0x08003db4       0xb0 ..\obj\stm32_ub_usbdisk.o
                0x08003db4                USB_disk_write
 .text.USB_disk_ioctl
                0x08003e64       0x7c ..\obj\stm32_ub_usbdisk.o
                0x08003e64                USB_disk_ioctl
 .text.USBH_MSC_TestUnitReady
                0x08003ee0      0x17c ..\obj\usbh_msc_scsi.o
                0x08003ee0                USBH_MSC_TestUnitReady
 .text.USBH_MSC_ReadCapacity10
                0x0800405c      0x1dc ..\obj\usbh_msc_scsi.o
                0x0800405c                USBH_MSC_ReadCapacity10
 .text.USBH_MSC_ModeSense6
                0x08004238      0x1b8 ..\obj\usbh_msc_scsi.o
                0x08004238                USBH_MSC_ModeSense6
 .text.USBH_MSC_RequestSense
                0x080043f0      0x1e4 ..\obj\usbh_msc_scsi.o
                0x080043f0                USBH_MSC_RequestSense
 .text.USBH_MSC_Write10
                0x080045d4      0x1b4 ..\obj\usbh_msc_scsi.o
                0x080045d4                USBH_MSC_Write10
 .text.USBH_MSC_Read10
                0x08004788      0x1f4 ..\obj\usbh_msc_scsi.o
                0x08004788                USBH_MSC_Read10
 .text.lista_plikow
                0x0800497c      0x210 ..\obj\lista_plikow.o
                0x0800497c                lista_plikow
 .text.SystemInit
                0x08004b8c       0x94 ..\obj\system_stm32f4xx.o
                0x08004b8c                SystemInit
 .text.SetSysClock
                0x08004c20      0x188 ..\obj\system_stm32f4xx.o
 .text._sbrk    0x08004da8       0x5c ..\obj\syscalls.o
                0x08004da8                _sbrk
 .text.USBH_USR_Init
                0x08004e04        0xc ..\obj\usbh_usr.o
                0x08004e04                USBH_USR_Init
 .text.USBH_USR_DeviceAttached
                0x08004e10       0x18 ..\obj\usbh_usr.o
                0x08004e10                USBH_USR_DeviceAttached
 .text.USBH_USR_UnrecoveredError
                0x08004e28       0x18 ..\obj\usbh_usr.o
                0x08004e28                USBH_USR_UnrecoveredError
 .text.USBH_USR_DeviceDisconnected
                0x08004e40       0x18 ..\obj\usbh_usr.o
                0x08004e40                USBH_USR_DeviceDisconnected
 .text.USBH_USR_ResetDevice
                0x08004e58        0xc ..\obj\usbh_usr.o
                0x08004e58                USBH_USR_ResetDevice
 .text.USBH_USR_DeviceSpeedDetected
                0x08004e64       0x30 ..\obj\usbh_usr.o
                0x08004e64                USBH_USR_DeviceSpeedDetected
 .text.USBH_USR_Device_DescAvailable
                0x08004e94       0x14 ..\obj\usbh_usr.o
                0x08004e94                USBH_USR_Device_DescAvailable
 .text.USBH_USR_DeviceAddressAssigned
                0x08004ea8        0xc ..\obj\usbh_usr.o
                0x08004ea8                USBH_USR_DeviceAddressAssigned
 .text.USBH_USR_Configuration_DescAvailable
                0x08004eb4       0x18 ..\obj\usbh_usr.o
                0x08004eb4                USBH_USR_Configuration_DescAvailable
 .text.USBH_USR_Manufacturer_String
                0x08004ecc       0x14 ..\obj\usbh_usr.o
                0x08004ecc                USBH_USR_Manufacturer_String
 .text.USBH_USR_Product_String
                0x08004ee0       0x14 ..\obj\usbh_usr.o
                0x08004ee0                USBH_USR_Product_String
 .text.USBH_USR_SerialNum_String
                0x08004ef4       0x14 ..\obj\usbh_usr.o
                0x08004ef4                USBH_USR_SerialNum_String
 .text.USBH_USR_EnumerationDone
                0x08004f08        0xc ..\obj\usbh_usr.o
                0x08004f08                USBH_USR_EnumerationDone
 .text.USBH_USR_DeviceNotSupported
                0x08004f14       0x18 ..\obj\usbh_usr.o
                0x08004f14                USBH_USR_DeviceNotSupported
 .text.USBH_USR_UserInput
                0x08004f2c       0x10 ..\obj\usbh_usr.o
                0x08004f2c                USBH_USR_UserInput
 .text.USBH_USR_OverCurrentDetected
                0x08004f3c       0x18 ..\obj\usbh_usr.o
                0x08004f3c                USBH_USR_OverCurrentDetected
 .text.USBH_USR_MSC_Application
                0x08004f54       0x64 ..\obj\usbh_usr.o
                0x08004f54                USBH_USR_MSC_Application
 .text.USBH_USR_DeInit
                0x08004fb8       0x18 ..\obj\usbh_usr.o
                0x08004fb8                USBH_USR_DeInit
 .text.ff_convert
                0x08004fd0       0x88 ..\obj\ccsbcs.o
                0x08004fd0                ff_convert
 .text.ff_wtoupper
                0x08005058       0x70 ..\obj\ccsbcs.o
                0x08005058                ff_wtoupper
 .text.USB_OTG_BSP_Init
                0x080050c8       0xd4 ..\obj\usb_bsp.o
                0x080050c8                USB_OTG_BSP_Init
 .text.USB_OTG_BSP_EnableInterrupt
                0x0800519c       0x3c ..\obj\usb_bsp.o
                0x0800519c                USB_OTG_BSP_EnableInterrupt
 .text.USB_OTG_BSP_DriveVBUS
                0x080051d8       0x3c ..\obj\usb_bsp.o
                0x080051d8                USB_OTG_BSP_DriveVBUS
 .text.USB_OTG_BSP_ConfigVBUS
                0x08005214       0x64 ..\obj\usb_bsp.o
                0x08005214                USB_OTG_BSP_ConfigVBUS
 .text.USB_OTG_BSP_uDelay
                0x08005278       0x58 ..\obj\usb_bsp.o
                0x08005278                USB_OTG_BSP_uDelay
 .text.USB_OTG_BSP_mDelay
                0x080052d0       0x20 ..\obj\usb_bsp.o
                0x080052d0                USB_OTG_BSP_mDelay
 .text.OTG_FS_IRQHandler
                0x080052f0       0x14 ..\obj\usb_bsp.o
                0x080052f0                OTG_FS_IRQHandler
 .text.lista_plikow_i_katalogow
                0x08005304      0x244 ..\obj\lista_plikow_i_katalogow.o
                0x08005304                lista_plikow_i_katalogow
 .text.ATA_disk_initialize
                0x08005548       0x1c ..\obj\stm32_ub_atadrive.o
                0x08005548                ATA_disk_initialize
 .text.ATA_disk_status
                0x08005564       0x1c ..\obj\stm32_ub_atadrive.o
                0x08005564                ATA_disk_status
 .text.ATA_disk_read
                0x08005580       0x24 ..\obj\stm32_ub_atadrive.o
                0x08005580                ATA_disk_read
 .text.ATA_disk_write
                0x080055a4       0x24 ..\obj\stm32_ub_atadrive.o
                0x080055a4                ATA_disk_write
 .text.ATA_disk_ioctl
                0x080055c8       0x20 ..\obj\stm32_ub_atadrive.o
                0x080055c8                ATA_disk_ioctl
 .text.mem_cpy  0x080055e8       0x50 ..\obj\ff.o
 .text.mem_set  0x08005638       0x44 ..\obj\ff.o
 .text.mem_cmp  0x0800567c       0x70 ..\obj\ff.o
 .text.chk_chr  0x080056ec       0x38 ..\obj\ff.o
 .text.sync_window
                0x08005724       0xa4 ..\obj\ff.o
 .text.move_window
                0x080057c8       0x60 ..\obj\ff.o
 .text.sync_fs  0x08005828      0x17c ..\obj\ff.o
 .text.clust2sect
                0x080059a4       0x44 ..\obj\ff.o
                0x080059a4                clust2sect
 .text.get_fat  0x080059e8      0x1a4 ..\obj\ff.o
                0x080059e8                get_fat
 .text.put_fat  0x08005b8c      0x268 ..\obj\ff.o
                0x08005b8c                put_fat
 .text.remove_chain
                0x08005df4       0xb0 ..\obj\ff.o
 .text.create_chain
                0x08005ea4      0x12c ..\obj\ff.o
 .text.dir_sdi  0x08005fd0      0x11c ..\obj\ff.o
 .text.dir_next
                0x080060ec      0x1d8 ..\obj\ff.o
 .text.dir_alloc
                0x080062c4       0x90 ..\obj\ff.o
 .text.ld_clust
                0x08006354       0x64 ..\obj\ff.o
 .text.st_clust
                0x080063b8       0x5c ..\obj\ff.o
 .text.cmp_lfn  0x08006414      0x100 ..\obj\ff.o
 .text.pick_lfn
                0x08006514       0xf0 ..\obj\ff.o
 .text.fit_lfn  0x08006604      0x110 ..\obj\ff.o
 .text.gen_numname
                0x08006714      0x108 ..\obj\ff.o
                0x08006714                gen_numname
 .text.sum_sfn  0x0800681c       0x50 ..\obj\ff.o
 .text.dir_find
                0x0800686c      0x170 ..\obj\ff.o
 .text.dir_read
                0x080069dc      0x150 ..\obj\ff.o
 .text.dir_register
                0x08006b2c      0x230 ..\obj\ff.o
 .text.dir_remove
                0x08006d5c       0xa0 ..\obj\ff.o
 .text.create_name
                0x08006dfc      0x3c4 ..\obj\ff.o
 .text.get_fileinfo
                0x080071c0      0x234 ..\obj\ff.o
 .text.follow_path
                0x080073f4       0xe4 ..\obj\ff.o
 .text.check_fs
                0x080074d8       0xe8 ..\obj\ff.o
 .text.chk_mounted
                0x080075c0      0x60c ..\obj\ff.o
 .text.validate
                0x08007bcc       0x64 ..\obj\ff.o
 .text.f_mount  0x08007c30       0x64 ..\obj\ff.o
                0x08007c30                f_mount
 .text.f_open   0x08007c94      0x2dc ..\obj\ff.o
                0x08007c94                f_open
 .text.f_write  0x08007f70      0x34c ..\obj\ff.o
                0x08007f70                f_write
 .text.f_sync   0x080082bc      0x188 ..\obj\ff.o
                0x080082bc                f_sync
 .text.f_close  0x08008444       0x2c ..\obj\ff.o
                0x08008444                f_close
 .text.f_lseek  0x08008470      0x2d8 ..\obj\ff.o
                0x08008470                f_lseek
 .text.f_opendir
                0x08008748       0xe0 ..\obj\ff.o
                0x08008748                f_opendir
 .text.f_readdir
                0x08008828       0xa4 ..\obj\ff.o
                0x08008828                f_readdir
 .text.f_getfree
                0x080088cc      0x1c4 ..\obj\ff.o
                0x080088cc                f_getfree
 .text.f_unlink
                0x08008a90      0x17c ..\obj\ff.o
                0x08008a90                f_unlink
 .text.f_putc   0x08008c0c       0x54 ..\obj\ff.o
                0x08008c0c                f_putc
 .text.f_puts   0x08008c60       0x50 ..\obj\ff.o
                0x08008c60                f_puts
 .text.HCD_Init
                0x08008cb0       0xa8 ..\obj\usb_hcd.o
                0x08008cb0                HCD_Init
 .text.HCD_GetCurrentSpeed
                0x08008d58       0x28 ..\obj\usb_hcd.o
                0x08008d58                HCD_GetCurrentSpeed
 .text.HCD_ResetPort
                0x08008d80       0x1c ..\obj\usb_hcd.o
                0x08008d80                HCD_ResetPort
 .text.HCD_IsDeviceConnected
                0x08008d9c       0x1c ..\obj\usb_hcd.o
                0x08008d9c                HCD_IsDeviceConnected
 .text.HCD_GetCurrentFrame
                0x08008db8       0x24 ..\obj\usb_hcd.o
                0x08008db8                HCD_GetCurrentFrame
 .text.HCD_GetURB_State
                0x08008ddc       0x24 ..\obj\usb_hcd.o
                0x08008ddc                HCD_GetURB_State
 .text.HCD_GetXferCnt
                0x08008e00       0x24 ..\obj\usb_hcd.o
                0x08008e00                HCD_GetXferCnt
 .text.HCD_SubmitRequest
                0x08008e24       0x44 ..\obj\usb_hcd.o
                0x08008e24                HCD_SubmitRequest
 .text.USBH_MSC_Init
                0x08008e68       0x78 ..\obj\usbh_msc_bot.o
                0x08008e68                USBH_MSC_Init
 .text.USBH_MSC_HandleBOTXfer
                0x08008ee0      0x5e4 ..\obj\usbh_msc_bot.o
                0x08008ee0                USBH_MSC_HandleBOTXfer
 .text.USBH_MSC_BOT_Abort
                0x080094c4       0xa0 ..\obj\usbh_msc_bot.o
                0x080094c4                USBH_MSC_BOT_Abort
 .text.USBH_MSC_DecodeCSW
                0x08009564       0xd4 ..\obj\usbh_msc_bot.o
                0x08009564                USBH_MSC_DecodeCSW
 .text.usuwanie_plikow
                0x08009638      0x138 ..\obj\usuwanie_plikow.o
                0x08009638                usuwanie_plikow
 .text.USBH_CtlReq
                0x08009770       0xa8 ..\obj\usbh_ioreq.o
                0x08009770                USBH_CtlReq
 .text.USBH_CtlSendSetup
                0x08009818       0x7c ..\obj\usbh_ioreq.o
                0x08009818                USBH_CtlSendSetup
 .text.USBH_CtlSendData
                0x08009894       0xc4 ..\obj\usbh_ioreq.o
                0x08009894                USBH_CtlSendData
 .text.USBH_CtlReceiveData
                0x08009958       0x7c ..\obj\usbh_ioreq.o
                0x08009958                USBH_CtlReceiveData
 .text.USBH_BulkSendData
                0x080099d4       0xa8 ..\obj\usbh_ioreq.o
                0x080099d4                USBH_BulkSendData
 .text.USBH_BulkReceiveData
                0x08009a7c       0xa8 ..\obj\usbh_ioreq.o
                0x08009a7c                USBH_BulkReceiveData
 .text.USBH_SubmitSetupRequest
                0x08009b24       0x44 ..\obj\usbh_ioreq.o
 .text.NVIC_PriorityGroupConfig
                0x08009b68       0x28 ..\obj\misc.o
                0x08009b68                NVIC_PriorityGroupConfig
 .text.NVIC_Init
                0x08009b90       0xe4 ..\obj\misc.o
                0x08009b90                NVIC_Init
 .text.USBH_OTG_ISR_Handler
                0x08009c74      0x114 ..\obj\usb_hcd_int.o
                0x08009c74                USBH_OTG_ISR_Handler
 .text.USB_OTG_USBH_handle_hc_ISR
                0x08009d88       0x9c ..\obj\usb_hcd_int.o
 .text.USB_OTG_USBH_handle_sof_ISR
                0x08009e24       0x30 ..\obj\usb_hcd_int.o
 .text.USB_OTG_USBH_handle_Disconnect_ISR
                0x08009e54       0x44 ..\obj\usb_hcd_int.o
 .text.USB_OTG_USBH_handle_nptxfempty_ISR
                0x08009e98      0x1b0 ..\obj\usb_hcd_int.o
 .text.USB_OTG_USBH_handle_ptxfempty_ISR
                0x0800a048      0x1b0 ..\obj\usb_hcd_int.o
 .text.USB_OTG_USBH_handle_port_ISR
                0x0800a1f8      0x180 ..\obj\usb_hcd_int.o
 .text.USB_OTG_USBH_handle_hc_n_Out_ISR
                0x0800a378      0x560 ..\obj\usb_hcd_int.o
 .text.USB_OTG_USBH_handle_hc_n_In_ISR
                0x0800a8d8      0x60c ..\obj\usb_hcd_int.o
 .text.USB_OTG_USBH_handle_rx_qlvl_ISR
                0x0800aee4      0x1c8 ..\obj\usb_hcd_int.o
 .text.USB_OTG_USBH_handle_IncompletePeriodicXfer_ISR
                0x0800b0ac       0x54 ..\obj\usb_hcd_int.o
 .text.sprintf  0x0800b100       0x50 d:/stm32_discovery/sterowniki/gnu tools arm embedded/4.7 2013q3/bin/../lib/gcc/arm-none-eabi/4.7.4/../../../../arm-none-eabi/lib/armv7e-m\libg.a(lib_a-sprintf.o)
                0x0800b100                sprintf
 .text.strcat   0x0800b150       0x4c d:/stm32_discovery/sterowniki/gnu tools arm embedded/4.7 2013q3/bin/../lib/gcc/arm-none-eabi/4.7.4/../../../../arm-none-eabi/lib/armv7e-m\libg.a(lib_a-strcat.o)
                0x0800b150                strcat
 .text.strcpy   0x0800b19c       0xbc d:/stm32_discovery/sterowniki/gnu tools arm embedded/4.7 2013q3/bin/../lib/gcc/arm-none-eabi/4.7.4/../../../../arm-none-eabi/lib/armv7e-m\libg.a(lib_a-strcpy.o)
                0x0800b19c                strcpy
 .text._svfprintf_r
                0x0800b258     0x1adc d:/stm32_discovery/sterowniki/gnu tools arm embedded/4.7 2013q3/bin/../lib/gcc/arm-none-eabi/4.7.4/../../../../arm-none-eabi/lib/armv7e-m\libg.a(lib_a-svfprintf.o)
                0x0800b258                _svfprintf_r
 .text.quorem   0x0800cd34      0x2ec d:/stm32_discovery/sterowniki/gnu tools arm embedded/4.7 2013q3/bin/../lib/gcc/arm-none-eabi/4.7.4/../../../../arm-none-eabi/lib/armv7e-m\libg.a(lib_a-dtoa.o)
 .text._dtoa_r  0x0800d020     0x1258 d:/stm32_discovery/sterowniki/gnu tools arm embedded/4.7 2013q3/bin/../lib/gcc/arm-none-eabi/4.7.4/../../../../arm-none-eabi/lib/armv7e-m\libg.a(lib_a-dtoa.o)
                0x0800d020                _dtoa_r
 .text._localeconv_r
                0x0800e278        0xc d:/stm32_discovery/sterowniki/gnu tools arm embedded/4.7 2013q3/bin/../lib/gcc/arm-none-eabi/4.7.4/../../../../arm-none-eabi/lib/armv7e-m\libg.a(lib_a-locale.o)
                0x0800e278                _localeconv_r
 .text._malloc_r
                0x0800e284      0x55c d:/stm32_discovery/sterowniki/gnu tools arm embedded/4.7 2013q3/bin/../lib/gcc/arm-none-eabi/4.7.4/../../../../arm-none-eabi/lib/armv7e-m\libg.a(lib_a-mallocr.o)
                0x0800e284                _malloc_r
 .text.memchr   0x0800e7e0      0x140 d:/stm32_discovery/sterowniki/gnu tools arm embedded/4.7 2013q3/bin/../lib/gcc/arm-none-eabi/4.7.4/../../../../arm-none-eabi/lib/armv7e-m\libg.a(lib_a-memchr.o)
                0x0800e7e0                memchr
 .text.memcpy   0x0800e920      0x144 d:/stm32_discovery/sterowniki/gnu tools arm embedded/4.7 2013q3/bin/../lib/gcc/arm-none-eabi/4.7.4/../../../../arm-none-eabi/lib/armv7e-m\libg.a(lib_a-memcpy.o)
                0x0800e920                memcpy
 .text.__malloc_lock
                0x0800ea64        0x4 d:/stm32_discovery/sterowniki/gnu tools arm embedded/4.7 2013q3/bin/../lib/gcc/arm-none-eabi/4.7.4/../../../../arm-none-eabi/lib/armv7e-m\libg.a(lib_a-mlock.o)
                0x0800ea64                __malloc_lock
 .text.__malloc_unlock
                0x0800ea68        0x4 d:/stm32_discovery/sterowniki/gnu tools arm embedded/4.7 2013q3/bin/../lib/gcc/arm-none-eabi/4.7.4/../../../../arm-none-eabi/lib/armv7e-m\libg.a(lib_a-mlock.o)
                0x0800ea68                __malloc_unlock
 .text._Balloc  0x0800ea6c       0x4c d:/stm32_discovery/sterowniki/gnu tools arm embedded/4.7 2013q3/bin/../lib/gcc/arm-none-eabi/4.7.4/../../../../arm-none-eabi/lib/armv7e-m\libg.a(lib_a-mprec.o)
                0x0800ea6c                _Balloc
 .text._Bfree   0x0800eab8       0x14 d:/stm32_discovery/sterowniki/gnu tools arm embedded/4.7 2013q3/bin/../lib/gcc/arm-none-eabi/4.7.4/../../../../arm-none-eabi/lib/armv7e-m\libg.a(lib_a-mprec.o)
                0x0800eab8                _Bfree
 .text.__multadd
                0x0800eacc       0xf8 d:/stm32_discovery/sterowniki/gnu tools arm embedded/4.7 2013q3/bin/../lib/gcc/arm-none-eabi/4.7.4/../../../../arm-none-eabi/lib/armv7e-m\libg.a(lib_a-mprec.o)
                0x0800eacc                __multadd
 .text.__hi0bits
                0x0800ebc4       0x3c d:/stm32_discovery/sterowniki/gnu tools arm embedded/4.7 2013q3/bin/../lib/gcc/arm-none-eabi/4.7.4/../../../../arm-none-eabi/lib/armv7e-m\libg.a(lib_a-mprec.o)
                0x0800ebc4                __hi0bits
 .text.__lo0bits
                0x0800ec00       0x5c d:/stm32_discovery/sterowniki/gnu tools arm embedded/4.7 2013q3/bin/../lib/gcc/arm-none-eabi/4.7.4/../../../../arm-none-eabi/lib/armv7e-m\libg.a(lib_a-mprec.o)
                0x0800ec00                __lo0bits
 .text.__i2b    0x0800ec5c       0x14 d:/stm32_discovery/sterowniki/gnu tools arm embedded/4.7 2013q3/bin/../lib/gcc/arm-none-eabi/4.7.4/../../../../arm-none-eabi/lib/armv7e-m\libg.a(lib_a-mprec.o)
                0x0800ec5c                __i2b
 .text.__multiply
                0x0800ec70      0x2d0 d:/stm32_discovery/sterowniki/gnu tools arm embedded/4.7 2013q3/bin/../lib/gcc/arm-none-eabi/4.7.4/../../../../arm-none-eabi/lib/armv7e-m\libg.a(lib_a-mprec.o)
                0x0800ec70                __multiply
 .text.__pow5mult
                0x0800ef40       0x94 d:/stm32_discovery/sterowniki/gnu tools arm embedded/4.7 2013q3/bin/../lib/gcc/arm-none-eabi/4.7.4/../../../../arm-none-eabi/lib/armv7e-m\libg.a(lib_a-mprec.o)
                0x0800ef40                __pow5mult
 .text.__lshift
                0x0800efd4      0x188 d:/stm32_discovery/sterowniki/gnu tools arm embedded/4.7 2013q3/bin/../lib/gcc/arm-none-eabi/4.7.4/../../../../arm-none-eabi/lib/armv7e-m\libg.a(lib_a-mprec.o)
                0x0800efd4                __lshift
 .text.__mcmp   0x0800f15c       0x5c d:/stm32_discovery/sterowniki/gnu tools arm embedded/4.7 2013q3/bin/../lib/gcc/arm-none-eabi/4.7.4/../../../../arm-none-eabi/lib/armv7e-m\libg.a(lib_a-mprec.o)
                0x0800f15c                __mcmp
 .text.__mdiff  0x0800f1b8      0x20c d:/stm32_discovery/sterowniki/gnu tools arm embedded/4.7 2013q3/bin/../lib/gcc/arm-none-eabi/4.7.4/../../../../arm-none-eabi/lib/armv7e-m\libg.a(lib_a-mprec.o)
                0x0800f1b8                __mdiff
 .text.__d2b    0x0800f3c4       0xc0 d:/stm32_discovery/sterowniki/gnu tools arm embedded/4.7 2013q3/bin/../lib/gcc/arm-none-eabi/4.7.4/../../../../arm-none-eabi/lib/armv7e-m\libg.a(lib_a-mprec.o)
                0x0800f3c4                __d2b
 .text.__fpclassifyd
                0x0800f484       0x68 d:/stm32_discovery/sterowniki/gnu tools arm embedded/4.7 2013q3/bin/../lib/gcc/arm-none-eabi/4.7.4/../../../../arm-none-eabi/lib/armv7e-m\libg.a(lib_a-s_fpclassify.o)
                0x0800f484                __fpclassifyd
 .text._sbrk_r  0x0800f4ec       0x24 d:/stm32_discovery/sterowniki/gnu tools arm embedded/4.7 2013q3/bin/../lib/gcc/arm-none-eabi/4.7.4/../../../../arm-none-eabi/lib/armv7e-m\libg.a(lib_a-sbrkr.o)
                0x0800f4ec                _sbrk_r
 .text.strlen   0x0800f510       0x60 d:/stm32_discovery/sterowniki/gnu tools arm embedded/4.7 2013q3/bin/../lib/gcc/arm-none-eabi/4.7.4/../../../../arm-none-eabi/lib/armv7e-m\libg.a(lib_a-strlen.o)
                0x0800f510                strlen
 .text.__ssprint_r
                0x0800f570      0x100 d:/stm32_discovery/sterowniki/gnu tools arm embedded/4.7 2013q3/bin/../lib/gcc/arm-none-eabi/4.7.4/../../../../arm-none-eabi/lib/armv7e-m\libg.a(lib_a-svfiprintf.o)
                0x0800f570                __ssprint_r
 .text._calloc_r
                0x0800f670       0x60 d:/stm32_discovery/sterowniki/gnu tools arm embedded/4.7 2013q3/bin/../lib/gcc/arm-none-eabi/4.7.4/../../../../arm-none-eabi/lib/armv7e-m\libg.a(lib_a-callocr.o)
                0x0800f670                _calloc_r
 .text._malloc_trim_r
                0x0800f6d0       0x98 d:/stm32_discovery/sterowniki/gnu tools arm embedded/4.7 2013q3/bin/../lib/gcc/arm-none-eabi/4.7.4/../../../../arm-none-eabi/lib/armv7e-m\libg.a(lib_a-freer.o)
                0x0800f6d0                _malloc_trim_r
 .text._free_r  0x0800f768      0x194 d:/stm32_discovery/sterowniki/gnu tools arm embedded/4.7 2013q3/bin/../lib/gcc/arm-none-eabi/4.7.4/../../../../arm-none-eabi/lib/armv7e-m\libg.a(lib_a-freer.o)
                0x0800f768                _free_r
 .text.memmove  0x0800f8fc      0x198 d:/stm32_discovery/sterowniki/gnu tools arm embedded/4.7 2013q3/bin/../lib/gcc/arm-none-eabi/4.7.4/../../../../arm-none-eabi/lib/armv7e-m\libg.a(lib_a-memmove.o)
                0x0800f8fc                memmove
 .text.memset   0x0800fa94      0x12c d:/stm32_discovery/sterowniki/gnu tools arm embedded/4.7 2013q3/bin/../lib/gcc/arm-none-eabi/4.7.4/../../../../arm-none-eabi/lib/armv7e-m\libg.a(lib_a-memset.o)
                0x0800fa94                memset
 .text._realloc_r
                0x0800fbc0      0x3dc d:/stm32_discovery/sterowniki/gnu tools arm embedded/4.7 2013q3/bin/../lib/gcc/arm-none-eabi/4.7.4/../../../../arm-none-eabi/lib/armv7e-m\libg.a(lib_a-reallocr.o)
                0x0800fbc0                _realloc_r
 .text          0x0800ff9c      0x370 d:/stm32_discovery/sterowniki/gnu tools arm embedded/4.7 2013q3/bin/../lib/gcc/arm-none-eabi/4.7.4/armv7e-m\libgcc.a(_arm_addsubdf3.o)
                0x0800ff9c                __aeabi_drsub
                0x0800ffa4                __aeabi_dsub
                0x0800ffa4                __subdf3
                0x0800ffa8                __aeabi_dadd
                0x0800ffa8                __adddf3
                0x08010220                __floatunsidf
                0x08010220                __aeabi_ui2d
                0x08010240                __floatsidf
                0x08010240                __aeabi_i2d
                0x08010264                __aeabi_f2d
                0x08010264                __extendsfdf2
                0x080102a0                __floatundidf
                0x080102a0                __aeabi_ul2d
                0x080102b0                __floatdidf
                0x080102b0                __aeabi_l2d
 .text          0x0801030c      0x424 d:/stm32_discovery/sterowniki/gnu tools arm embedded/4.7 2013q3/bin/../lib/gcc/arm-none-eabi/4.7.4/armv7e-m\libgcc.a(_arm_muldivdf3.o)
                0x0801030c                __aeabi_dmul
                0x0801030c                __muldf3
                0x08010560                __divdf3
                0x08010560                __aeabi_ddiv
 .text          0x08010730      0x110 d:/stm32_discovery/sterowniki/gnu tools arm embedded/4.7 2013q3/bin/../lib/gcc/arm-none-eabi/4.7.4/armv7e-m\libgcc.a(_arm_cmpdf2.o)
                0x08010730                __gtdf2
                0x08010730                __gedf2
                0x08010738                __ltdf2
                0x08010738                __ledf2
                0x08010740                __nedf2
                0x08010740                __eqdf2
                0x08010740                __cmpdf2
                0x080107bc                __aeabi_cdrcmple
                0x080107cc                __aeabi_cdcmpeq
                0x080107cc                __aeabi_cdcmple
                0x080107dc                __aeabi_dcmpeq
                0x080107f0                __aeabi_dcmplt
                0x08010804                __aeabi_dcmple
                0x08010818                __aeabi_dcmpge
                0x0801082c                __aeabi_dcmpgt
 .text          0x08010840       0x50 d:/stm32_discovery/sterowniki/gnu tools arm embedded/4.7 2013q3/bin/../lib/gcc/arm-none-eabi/4.7.4/armv7e-m\libgcc.a(_arm_fixdfsi.o)
                0x08010840                __aeabi_d2iz
                0x08010840                __fixdfsi
 .text          0x08010890       0x2c d:/stm32_discovery/sterowniki/gnu tools arm embedded/4.7 2013q3/bin/../lib/gcc/arm-none-eabi/4.7.4/armv7e-m\libgcc.a(_aeabi_uldivmod.o)
                0x08010890                __aeabi_uldivmod
 .text          0x080108bc       0x58 d:/stm32_discovery/sterowniki/gnu tools arm embedded/4.7 2013q3/bin/../lib/gcc/arm-none-eabi/4.7.4/armv7e-m\libgcc.a(bpabi.o)
                0x080108bc                __gnu_ldivmod_helper
                0x080108e8                __gnu_uldivmod_helper
 .text          0x08010914        0x4 d:/stm32_discovery/sterowniki/gnu tools arm embedded/4.7 2013q3/bin/../lib/gcc/arm-none-eabi/4.7.4/armv7e-m\libgcc.a(_dvmd_tls.o)
                0x08010914                __aeabi_idiv0
                0x08010914                __aeabi_ldiv0
 .text          0x08010918      0x2bc d:/stm32_discovery/sterowniki/gnu tools arm embedded/4.7 2013q3/bin/../lib/gcc/arm-none-eabi/4.7.4/armv7e-m\libgcc.a(_divdi3.o)
                0x08010918                __divdi3
 .text          0x08010bd4      0x288 d:/stm32_discovery/sterowniki/gnu tools arm embedded/4.7 2013q3/bin/../lib/gcc/arm-none-eabi/4.7.4/armv7e-m\libgcc.a(_udivdi3.o)
                0x08010bd4                __udivdi3
 *(.glue_7t)
 .glue_7t       0x00000000        0x0 linker stubs
 *(.glue_7)
 .glue_7        0x00000000        0x0 linker stubs
 *(.rodata .rodata* .gnu.linkonce.r.*)
 .rodata        0x08010e5c        0x4 ..\obj\stm32_ub_fatfs.o
 .rodata        0x08010e60        0x4 ..\obj\usuwanie_plikow_i_katalogow.o
 .rodata        0x08010e64        0x4 ..\obj\usbh_core.o
 .rodata        0x08010e68       0xcc ..\obj\lista_plikow.o
 .rodata        0x08010f34      0x4c0 ..\obj\ccsbcs.o
 .rodata        0x080113f4       0xf4 ..\obj\lista_plikow_i_katalogow.o
 .rodata        0x080114e8       0xa4 ..\obj\ff.o
 .rodata        0x0801158c        0x4 ..\obj\usuwanie_plikow.o
 .rodata.str1.4
                0x08011590       0x42 d:/stm32_discovery/sterowniki/gnu tools arm embedded/4.7 2013q3/bin/../lib/gcc/arm-none-eabi/4.7.4/../../../../arm-none-eabi/lib/armv7e-m\libg.a(lib_a-svfprintf.o)
                                 0x44 (size before relaxing)
 *fill*         0x080115d2        0x2 00
 .rodata.zeroes.6721
                0x080115d4       0x10 d:/stm32_discovery/sterowniki/gnu tools arm embedded/4.7 2013q3/bin/../lib/gcc/arm-none-eabi/4.7.4/../../../../arm-none-eabi/lib/armv7e-m\libg.a(lib_a-svfprintf.o)
 .rodata.blanks.6720
                0x080115e4       0x10 d:/stm32_discovery/sterowniki/gnu tools arm embedded/4.7 2013q3/bin/../lib/gcc/arm-none-eabi/4.7.4/../../../../arm-none-eabi/lib/armv7e-m\libg.a(lib_a-svfprintf.o)
 .rodata.str1.4
                0x080115f4       0x10 d:/stm32_discovery/sterowniki/gnu tools arm embedded/4.7 2013q3/bin/../lib/gcc/arm-none-eabi/4.7.4/../../../../arm-none-eabi/lib/armv7e-m\libg.a(lib_a-dtoa.o)
                                 0x14 (size before relaxing)
 .rodata.str1.4
                0x08011604        0x2 d:/stm32_discovery/sterowniki/gnu tools arm embedded/4.7 2013q3/bin/../lib/gcc/arm-none-eabi/4.7.4/../../../../arm-none-eabi/lib/armv7e-m\libg.a(lib_a-impure.o)
                                  0x4 (size before relaxing)
 *fill*         0x08011606        0x2 00
 .rodata.str1.4
                0x08011608        0xc d:/stm32_discovery/sterowniki/gnu tools arm embedded/4.7 2013q3/bin/../lib/gcc/arm-none-eabi/4.7.4/../../../../arm-none-eabi/lib/armv7e-m\libg.a(lib_a-locale.o)
                                 0x14 (size before relaxing)
 .rodata.p05.5242
                0x08011614        0xc d:/stm32_discovery/sterowniki/gnu tools arm embedded/4.7 2013q3/bin/../lib/gcc/arm-none-eabi/4.7.4/../../../../arm-none-eabi/lib/armv7e-m\libg.a(lib_a-mprec.o)
 .rodata.__mprec_tens
                0x08011620       0xc8 d:/stm32_discovery/sterowniki/gnu tools arm embedded/4.7 2013q3/bin/../lib/gcc/arm-none-eabi/4.7.4/../../../../arm-none-eabi/lib/armv7e-m\libg.a(lib_a-mprec.o)
                0x08011620                __mprec_tens
 .rodata.__mprec_bigtens
                0x080116e8       0x28 d:/stm32_discovery/sterowniki/gnu tools arm embedded/4.7 2013q3/bin/../lib/gcc/arm-none-eabi/4.7.4/../../../../arm-none-eabi/lib/armv7e-m\libg.a(lib_a-mprec.o)
                0x080116e8                __mprec_bigtens

.vfp11_veneer   0x08011710        0x0
 .vfp11_veneer  0x00000000        0x0 linker stubs

.v4_bx          0x08011710        0x0
 .v4_bx         0x00000000        0x0 linker stubs

.iplt           0x08011710        0x0
 .iplt          0x00000000        0x0 ..\obj\usb_core.o

.ARM.extab
 *(.ARM.extab* .gnu.linkonce.armextab.*)
                0x08011710                __exidx_start = .

.ARM.exidx      0x08011710        0x8
 *(.ARM.exidx* .gnu.linkonce.armexidx.*)
 .ARM.exidx     0x08011710        0x8 d:/stm32_discovery/sterowniki/gnu tools arm embedded/4.7 2013q3/bin/../lib/gcc/arm-none-eabi/4.7.4/armv7e-m\libgcc.a(_divdi3.o)
 .ARM.exidx     0x08011718        0x0 d:/stm32_discovery/sterowniki/gnu tools arm embedded/4.7 2013q3/bin/../lib/gcc/arm-none-eabi/4.7.4/armv7e-m\libgcc.a(_udivdi3.o)
                                  0x8 (size before relaxing)
                0x08011718                __exidx_end = .

.rel.dyn        0x08011718        0x0
 .rel.iplt      0x00000000        0x0 ..\obj\usb_core.o
                0x08011718                . = ALIGN (0x4)
                0x08011718                _etext = .
                0x08011718                _sidata = .

.data           0x20000000      0x92c load address 0x08011718
                0x20000000                _sdata = .
 *(.data .data.*)
 .data          0x20000000       0x50 ..\obj\stm32_ub_led.o
                0x20000000                LED
 .data          0x20000050       0x10 ..\obj\usbh_msc_core.o
                0x20000050                USBH_MSC_cb
 .data          0x20000060        0xc ..\obj\usbh_core.o
                0x20000060                USBH_DeviceConnStatus_cb
 .data          0x2000006c        0x1 ..\obj\usbh_msc_scsi.o
 *fill*         0x2000006d        0x3 00
 .data          0x20000070       0x48 ..\obj\usbh_usr.o
                0x20000070                USR_Callbacks
 .data.impure_data
                0x200000b8      0x428 d:/stm32_discovery/sterowniki/gnu tools arm embedded/4.7 2013q3/bin/../lib/gcc/arm-none-eabi/4.7.4/../../../../arm-none-eabi/lib/armv7e-m\libg.a(lib_a-impure.o)
 .data._impure_ptr
                0x200004e0        0x4 d:/stm32_discovery/sterowniki/gnu tools arm embedded/4.7 2013q3/bin/../lib/gcc/arm-none-eabi/4.7.4/../../../../arm-none-eabi/lib/armv7e-m\libg.a(lib_a-impure.o)
                0x200004e0                _impure_ptr
 .data.lconv    0x200004e4       0x38 d:/stm32_discovery/sterowniki/gnu tools arm embedded/4.7 2013q3/bin/../lib/gcc/arm-none-eabi/4.7.4/../../../../arm-none-eabi/lib/armv7e-m\libg.a(lib_a-locale.o)
 .data.__malloc_av_
                0x2000051c      0x408 d:/stm32_discovery/sterowniki/gnu tools arm embedded/4.7 2013q3/bin/../lib/gcc/arm-none-eabi/4.7.4/../../../../arm-none-eabi/lib/armv7e-m\libg.a(lib_a-mallocr.o)
                0x2000051c                __malloc_av_
 .data.__malloc_trim_threshold
                0x20000924        0x4 d:/stm32_discovery/sterowniki/gnu tools arm embedded/4.7 2013q3/bin/../lib/gcc/arm-none-eabi/4.7.4/../../../../arm-none-eabi/lib/armv7e-m\libg.a(lib_a-mallocr.o)
                0x20000924                __malloc_trim_threshold
 .data.__malloc_sbrk_base
                0x20000928        0x4 d:/stm32_discovery/sterowniki/gnu tools arm embedded/4.7 2013q3/bin/../lib/gcc/arm-none-eabi/4.7.4/../../../../arm-none-eabi/lib/armv7e-m\libg.a(lib_a-mallocr.o)
                0x20000928                __malloc_sbrk_base
                0x2000092c                . = ALIGN (0x4)
                0x2000092c                _edata = .

.igot.plt       0x2000092c        0x0 load address 0x08012044
 .igot.plt      0x00000000        0x0 ..\obj\usb_core.o

.bss            0x2000092c     0x196c load address 0x08012044
                0x2000092c                _sbss = .
 *(.bss .bss.*)
 .bss           0x2000092c      0x234 ..\obj\stm32_ub_fatfs.o
 .bss           0x20000b60        0x2 ..\obj\usbh_msc_core.o
                0x20000b60                MSCErrorCount
 .bss           0x20000b62        0x2 ..\obj\usbh_core.o
 .bss           0x20000b64        0x4 ..\obj\syscalls.o
 .bss           0x20000b68        0x1 ..\obj\usbh_usr.o
 *fill*         0x20000b69        0x3 00
 .bss           0x20000b6c      0x208 ..\obj\ff.o
 .bss           0x20000d74       0x10 ..\obj\usbh_msc_bot.o
 .bss.__malloc_max_total_mem
                0x20000d84        0x4 d:/stm32_discovery/sterowniki/gnu tools arm embedded/4.7 2013q3/bin/../lib/gcc/arm-none-eabi/4.7.4/../../../../arm-none-eabi/lib/armv7e-m\libg.a(lib_a-mallocr.o)
                0x20000d84                __malloc_max_total_mem
 .bss.__malloc_max_sbrked_mem
                0x20000d88        0x4 d:/stm32_discovery/sterowniki/gnu tools arm embedded/4.7 2013q3/bin/../lib/gcc/arm-none-eabi/4.7.4/../../../../arm-none-eabi/lib/armv7e-m\libg.a(lib_a-mallocr.o)
                0x20000d88                __malloc_max_sbrked_mem
 .bss.__malloc_top_pad
                0x20000d8c        0x4 d:/stm32_discovery/sterowniki/gnu tools arm embedded/4.7 2013q3/bin/../lib/gcc/arm-none-eabi/4.7.4/../../../../arm-none-eabi/lib/armv7e-m\libg.a(lib_a-mallocr.o)
                0x20000d8c                __malloc_top_pad
 .bss.__malloc_current_mallinfo
                0x20000d90       0x28 d:/stm32_discovery/sterowniki/gnu tools arm embedded/4.7 2013q3/bin/../lib/gcc/arm-none-eabi/4.7.4/../../../../arm-none-eabi/lib/armv7e-m\libg.a(lib_a-mallocr.o)
                0x20000d90                __malloc_current_mallinfo
 *(COMMON)
 COMMON         0x20000db8      0x538 ..\obj\stm32_ub_usb_msc_host.o
                0x20000db8                USB_MSC_HOST_STATUS
                0x20000dbc                USB_OTG_Core
                0x2000126c                USB_Host
 COMMON         0x200012f0      0xb00 ..\obj\funkcje.o
                0x200012f0                sBuffer2Write
                0x200016f0                lfnBuffer
                0x200018f0                sBuffer
                0x200019f0                sBuffer2Write2
 COMMON         0x20001df0       0x54 ..\obj\usbh_msc_core.o
                0x20001df0                MSC_Machine
                0x20001e3c                MSC_Setup
 COMMON         0x20001e44      0x410 ..\obj\usbh_msc_scsi.o
                0x20001e44                USBH_DataInBuffer
                0x20002044                USBH_MSC_Param
                0x20002054                USBH_DataOutBuffer
 COMMON         0x20002254       0x40 ..\obj\usbh_msc_bot.o
                0x20002254                USBH_MSC_CSWData
                0x20002264                USBH_MSC_BOTXferParam
                0x20002274                USBH_MSC_CBWData
 COMMON         0x20002294        0x4 d:/stm32_discovery/sterowniki/gnu tools arm embedded/4.7 2013q3/bin/../lib/gcc/arm-none-eabi/4.7.4/../../../../arm-none-eabi/lib/armv7e-m\libg.a(lib_a-reent.o)
                0x20002294                errno
                0x20002298                . = ALIGN (0x4)
                0x20002298                _ebss = .

.co_stack       0x20002298      0x800 load address 0x080139b0
                0x20002298                . = ALIGN (0x8)
 *(.co_stack .co_stack.*)
 .co_stack      0x20002298      0x800 ..\obj\startup_stm32f4xx.o
                0x20002298                pulStack
                0x20002a98                . = ALIGN (0x4)
                0x20002a98                _end = .
LOAD ..\obj\usb_core.o
LOAD ..\obj\stm32_ub_usb_msc_host.o
LOAD ..\obj\usbh_hcs.o
LOAD ..\obj\usbh_stdreq.o
LOAD ..\obj\funkcje.o
LOAD ..\obj\diskio.o
LOAD ..\obj\startup_stm32f4xx.o
LOAD ..\obj\stm32_ub_led.o
LOAD ..\obj\main.o
LOAD ..\obj\stm32_ub_fatfs.o
LOAD ..\obj\stm32f4xx_rcc.o
LOAD ..\obj\init.o
LOAD ..\obj\usbh_msc_core.o
LOAD ..\obj\usuwanie_plikow_i_katalogow.o
LOAD ..\obj\menu.o
LOAD ..\obj\usbh_core.o
LOAD ..\obj\stm32_ub_sdcard.o
LOAD ..\obj\stm32f4xx_gpio.o
LOAD ..\obj\stm32_ub_usbdisk.o
LOAD ..\obj\usbh_msc_scsi.o
LOAD ..\obj\lista_plikow.o
LOAD ..\obj\system_stm32f4xx.o
LOAD ..\obj\syscalls.o
LOAD ..\obj\usbh_usr.o
LOAD ..\obj\ccsbcs.o
LOAD ..\obj\usb_bsp.o
LOAD ..\obj\lista_plikow_i_katalogow.o
LOAD ..\obj\stm32_ub_atadrive.o
LOAD ..\obj\ff.o
LOAD ..\obj\usb_hcd.o
LOAD ..\obj\usbh_msc_bot.o
LOAD ..\obj\usuwanie_plikow.o
LOAD ..\obj\stm32f4xx_exti.o
LOAD ..\obj\usbh_ioreq.o
LOAD ..\obj\misc.o
LOAD ..\obj\stm32f4xx_tim.o
LOAD ..\obj\usb_hcd_int.o
START GROUP
LOAD d:/stm32_discovery/sterowniki/gnu tools arm embedded/4.7 2013q3/bin/../lib/gcc/arm-none-eabi/4.7.4/armv7e-m\libgcc.a
LOAD d:/stm32_discovery/sterowniki/gnu tools arm embedded/4.7 2013q3/bin/../lib/gcc/arm-none-eabi/4.7.4/../../../../arm-none-eabi/lib/armv7e-m\libg.a
LOAD d:/stm32_discovery/sterowniki/gnu tools arm embedded/4.7 2013q3/bin/../lib/gcc/arm-none-eabi/4.7.4/../../../../arm-none-eabi/lib/armv7e-m\libc.a
END GROUP
OUTPUT(STM32F4_PenDriveProject_KWPS.elf elf32-littlearm)

.debug_info     0x00000000    0x1a2be
 .debug_info    0x00000000     0x22d0 ..\obj\usb_core.o
 .debug_info    0x000022d0     0x1457 ..\obj\stm32_ub_usb_msc_host.o
 .debug_info    0x00003727      0xc23 ..\obj\usbh_hcs.o
 .debug_info    0x0000434a     0x1880 ..\obj\usbh_stdreq.o
 .debug_info    0x00005bca      0x18e ..\obj\funkcje.o
 .debug_info    0x00005d58      0x350 ..\obj\diskio.o
 .debug_info    0x000060a8      0x103 ..\obj\startup_stm32f4xx.o
 .debug_info    0x000061ab      0x441 ..\obj\stm32_ub_led.o
 .debug_info    0x000065ec      0x17f ..\obj\main.o
 .debug_info    0x0000676b      0x8c7 ..\obj\stm32_ub_fatfs.o
 .debug_info    0x00007032      0xd49 ..\obj\stm32f4xx_rcc.o
 .debug_info    0x00007d7b      0x820 ..\obj\init.o
 .debug_info    0x0000859b     0x1785 ..\obj\usbh_msc_core.o
 .debug_info    0x00009d20      0x5a7 ..\obj\usuwanie_plikow_i_katalogow.o
 .debug_info    0x0000a2c7      0x2cb ..\obj\menu.o
 .debug_info    0x0000a592     0x162a ..\obj\usbh_core.o
 .debug_info    0x0000bbbc      0x260 ..\obj\stm32_ub_sdcard.o
 .debug_info    0x0000be1c      0x640 ..\obj\stm32f4xx_gpio.o
 .debug_info    0x0000c45c     0x166f ..\obj\stm32_ub_usbdisk.o
 .debug_info    0x0000dacb      0xf9e ..\obj\usbh_msc_scsi.o
 .debug_info    0x0000ea69      0x6d2 ..\obj\lista_plikow.o
 .debug_info    0x0000f13b      0x5f5 ..\obj\system_stm32f4xx.o
 .debug_info    0x0000f730      0x443 ..\obj\syscalls.o
 .debug_info    0x0000fb73      0x6fd ..\obj\usbh_usr.o
 .debug_info    0x00010270      0x167 ..\obj\ccsbcs.o
 .debug_info    0x000103d7     0x1019 ..\obj\usb_bsp.o
 .debug_info    0x000113f0      0x6f9 ..\obj\lista_plikow_i_katalogow.o
 .debug_info    0x00011ae9      0x260 ..\obj\stm32_ub_atadrive.o
 .debug_info    0x00011d49     0x1eb7 ..\obj\ff.o
 .debug_info    0x00013c00      0xda9 ..\obj\usb_hcd.o
 .debug_info    0x000149a9     0x181b ..\obj\usbh_msc_bot.o
 .debug_info    0x000161c4      0x5a7 ..\obj\usuwanie_plikow.o
 .debug_info    0x0001676b     0x168d ..\obj\usbh_ioreq.o
 .debug_info    0x00017df8      0x592 ..\obj\misc.o
 .debug_info    0x0001838a     0x1f34 ..\obj\usb_hcd_int.o

.debug_abbrev   0x00000000     0x314b
 .debug_abbrev  0x00000000      0x2c8 ..\obj\usb_core.o
 .debug_abbrev  0x000002c8      0x17c ..\obj\stm32_ub_usb_msc_host.o
 .debug_abbrev  0x00000444      0x161 ..\obj\usbh_hcs.o
 .debug_abbrev  0x000005a5      0x229 ..\obj\usbh_stdreq.o
 .debug_abbrev  0x000007ce       0xba ..\obj\funkcje.o
 .debug_abbrev  0x00000888      0x14a ..\obj\diskio.o
 .debug_abbrev  0x000009d2       0xb2 ..\obj\startup_stm32f4xx.o
 .debug_abbrev  0x00000a84      0x14b ..\obj\stm32_ub_led.o
 .debug_abbrev  0x00000bcf       0xab ..\obj\main.o
 .debug_abbrev  0x00000c7a      0x1a7 ..\obj\stm32_ub_fatfs.o
 .debug_abbrev  0x00000e21      0x1e5 ..\obj\stm32f4xx_rcc.o
 .debug_abbrev  0x00001006      0x10e ..\obj\init.o
 .debug_abbrev  0x00001114      0x1f5 ..\obj\usbh_msc_core.o
 .debug_abbrev  0x00001309      0x119 ..\obj\usuwanie_plikow_i_katalogow.o
 .debug_abbrev  0x00001422      0x125 ..\obj\menu.o
 .debug_abbrev  0x00001547      0x213 ..\obj\usbh_core.o
 .debug_abbrev  0x0000175a       0xc7 ..\obj\stm32_ub_sdcard.o
 .debug_abbrev  0x00001821      0x1a5 ..\obj\stm32f4xx_gpio.o
 .debug_abbrev  0x000019c6      0x1ce ..\obj\stm32_ub_usbdisk.o
 .debug_abbrev  0x00001b94      0x18e ..\obj\usbh_msc_scsi.o
 .debug_abbrev  0x00001d22      0x143 ..\obj\lista_plikow.o
 .debug_abbrev  0x00001e65      0x138 ..\obj\system_stm32f4xx.o
 .debug_abbrev  0x00001f9d       0xe4 ..\obj\syscalls.o
 .debug_abbrev  0x00002081      0x141 ..\obj\usbh_usr.o
 .debug_abbrev  0x000021c2       0x99 ..\obj\ccsbcs.o
 .debug_abbrev  0x0000225b      0x1c9 ..\obj\usb_bsp.o
 .debug_abbrev  0x00002424      0x14e ..\obj\lista_plikow_i_katalogow.o
 .debug_abbrev  0x00002572       0xc7 ..\obj\stm32_ub_atadrive.o
 .debug_abbrev  0x00002639      0x1e7 ..\obj\ff.o
 .debug_abbrev  0x00002820      0x183 ..\obj\usb_hcd.o
 .debug_abbrev  0x000029a3      0x1c7 ..\obj\usbh_msc_bot.o
 .debug_abbrev  0x00002b6a      0x119 ..\obj\usuwanie_plikow.o
 .debug_abbrev  0x00002c83      0x17a ..\obj\usbh_ioreq.o
 .debug_abbrev  0x00002dfd      0x129 ..\obj\misc.o
 .debug_abbrev  0x00002f26      0x225 ..\obj\usb_hcd_int.o

.debug_loc      0x00000000     0x4416
 .debug_loc     0x00000000      0x658 ..\obj\usb_core.o
 .debug_loc     0x00000658       0x64 ..\obj\stm32_ub_usb_msc_host.o
 .debug_loc     0x000006bc      0x150 ..\obj\usbh_hcs.o
 .debug_loc     0x0000080c      0x2d8 ..\obj\usbh_stdreq.o
 .debug_loc     0x00000ae4       0x38 ..\obj\funkcje.o
 .debug_loc     0x00000b1c      0x144 ..\obj\diskio.o
 .debug_loc     0x00000c60       0x64 ..\obj\startup_stm32f4xx.o
 .debug_loc     0x00000cc4      0x118 ..\obj\stm32_ub_led.o
 .debug_loc     0x00000ddc       0x2c ..\obj\main.o
 .debug_loc     0x00000e08      0x294 ..\obj\stm32_ub_fatfs.o
 .debug_loc     0x0000109c      0x97c ..\obj\stm32f4xx_rcc.o
 .debug_loc     0x00001a18       0xa8 ..\obj\init.o
 .debug_loc     0x00001ac0      0x188 ..\obj\usbh_msc_core.o
 .debug_loc     0x00001c48       0x3a ..\obj\usuwanie_plikow_i_katalogow.o
 .debug_loc     0x00001c82       0x38 ..\obj\menu.o
 .debug_loc     0x00001cba      0x1c2 ..\obj\usbh_core.o
 .debug_loc     0x00001e7c      0x17c ..\obj\stm32_ub_sdcard.o
 .debug_loc     0x00001ff8      0x310 ..\obj\stm32f4xx_gpio.o
 .debug_loc     0x00002308      0x17c ..\obj\stm32_ub_usbdisk.o
 .debug_loc     0x00002484      0x150 ..\obj\usbh_msc_scsi.o
 .debug_loc     0x000025d4       0x3a ..\obj\lista_plikow.o
 .debug_loc     0x0000260e       0x9c ..\obj\system_stm32f4xx.o
 .debug_loc     0x000026aa      0x1ec ..\obj\syscalls.o
 .debug_loc     0x00002896      0x360 ..\obj\usbh_usr.o
 .debug_loc     0x00002bf6       0x70 ..\obj\ccsbcs.o
 .debug_loc     0x00002c66      0x17c ..\obj\usb_bsp.o
 .debug_loc     0x00002de2       0x3a ..\obj\lista_plikow_i_katalogow.o
 .debug_loc     0x00002e1c      0x17c ..\obj\stm32_ub_atadrive.o
 .debug_loc     0x00002f98      0xbb8 ..\obj\ff.o
 .debug_loc     0x00003b50      0x230 ..\obj\usb_hcd.o
 .debug_loc     0x00003d80       0xe0 ..\obj\usbh_msc_bot.o
 .debug_loc     0x00003e60       0x3a ..\obj\usuwanie_plikow.o
 .debug_loc     0x00003e9a      0x1f8 ..\obj\usbh_ioreq.o
 .debug_loc     0x00004092      0x118 ..\obj\misc.o
 .debug_loc     0x000041aa      0x26c ..\obj\usb_hcd_int.o

.debug_aranges  0x00000000      0xd28
 .debug_aranges
                0x00000000      0x100 ..\obj\usb_core.o
 .debug_aranges
                0x00000100       0x28 ..\obj\stm32_ub_usb_msc_host.o
 .debug_aranges
                0x00000128       0x48 ..\obj\usbh_hcs.o
 .debug_aranges
                0x00000170       0x80 ..\obj\usbh_stdreq.o
 .debug_aranges
                0x000001f0       0x20 ..\obj\funkcje.o
 .debug_aranges
                0x00000210       0x48 ..\obj\diskio.o
 .debug_aranges
                0x00000258       0x28 ..\obj\startup_stm32f4xx.o
 .debug_aranges
                0x00000280       0x40 ..\obj\stm32_ub_led.o
 .debug_aranges
                0x000002c0       0x20 ..\obj\main.o
 .debug_aranges
                0x000002e0       0x78 ..\obj\stm32_ub_fatfs.o
 .debug_aranges
                0x00000358      0x178 ..\obj\stm32f4xx_rcc.o
 .debug_aranges
                0x000004d0       0x30 ..\obj\init.o
 .debug_aranges
                0x00000500       0x50 ..\obj\usbh_msc_core.o
 .debug_aranges
                0x00000550       0x20 ..\obj\usuwanie_plikow_i_katalogow.o
 .debug_aranges
                0x00000570       0x20 ..\obj\menu.o
 .debug_aranges
                0x00000590       0x58 ..\obj\usbh_core.o
 .debug_aranges
                0x000005e8       0x50 ..\obj\stm32_ub_sdcard.o
 .debug_aranges
                0x00000638       0x88 ..\obj\stm32f4xx_gpio.o
 .debug_aranges
                0x000006c0       0x50 ..\obj\stm32_ub_usbdisk.o
 .debug_aranges
                0x00000710       0x48 ..\obj\usbh_msc_scsi.o
 .debug_aranges
                0x00000758       0x20 ..\obj\lista_plikow.o
 .debug_aranges
                0x00000778       0x30 ..\obj\system_stm32f4xx.o
 .debug_aranges
                0x000007a8       0x60 ..\obj\syscalls.o
 .debug_aranges
                0x00000808       0xa8 ..\obj\usbh_usr.o
 .debug_aranges
                0x000008b0       0x28 ..\obj\ccsbcs.o
 .debug_aranges
                0x000008d8       0x50 ..\obj\usb_bsp.o
 .debug_aranges
                0x00000928       0x20 ..\obj\lista_plikow_i_katalogow.o
 .debug_aranges
                0x00000948       0x50 ..\obj\stm32_ub_atadrive.o
 .debug_aranges
                0x00000998      0x1c0 ..\obj\ff.o
 .debug_aranges
                0x00000b58       0x68 ..\obj\usb_hcd.o
 .debug_aranges
                0x00000bc0       0x38 ..\obj\usbh_msc_bot.o
 .debug_aranges
                0x00000bf8       0x20 ..\obj\usuwanie_plikow.o
 .debug_aranges
                0x00000c18       0x60 ..\obj\usbh_ioreq.o
 .debug_aranges
                0x00000c78       0x40 ..\obj\misc.o
 .debug_aranges
                0x00000cb8       0x70 ..\obj\usb_hcd_int.o

.debug_ranges   0x00000000      0xb20
 .debug_ranges  0x00000000       0xf0 ..\obj\usb_core.o
 .debug_ranges  0x000000f0       0x18 ..\obj\stm32_ub_usb_msc_host.o
 .debug_ranges  0x00000108       0x38 ..\obj\usbh_hcs.o
 .debug_ranges  0x00000140       0x70 ..\obj\usbh_stdreq.o
 .debug_ranges  0x000001b0       0x10 ..\obj\funkcje.o
 .debug_ranges  0x000001c0       0x38 ..\obj\diskio.o
 .debug_ranges  0x000001f8       0x18 ..\obj\startup_stm32f4xx.o
 .debug_ranges  0x00000210       0x30 ..\obj\stm32_ub_led.o
 .debug_ranges  0x00000240       0x10 ..\obj\main.o
 .debug_ranges  0x00000250       0x68 ..\obj\stm32_ub_fatfs.o
 .debug_ranges  0x000002b8      0x168 ..\obj\stm32f4xx_rcc.o
 .debug_ranges  0x00000420       0x20 ..\obj\init.o
 .debug_ranges  0x00000440       0x40 ..\obj\usbh_msc_core.o
 .debug_ranges  0x00000480       0x10 ..\obj\usuwanie_plikow_i_katalogow.o
 .debug_ranges  0x00000490       0x38 ..\obj\menu.o
 .debug_ranges  0x000004c8       0x48 ..\obj\usbh_core.o
 .debug_ranges  0x00000510       0x40 ..\obj\stm32_ub_sdcard.o
 .debug_ranges  0x00000550       0x78 ..\obj\stm32f4xx_gpio.o
 .debug_ranges  0x000005c8       0x40 ..\obj\stm32_ub_usbdisk.o
 .debug_ranges  0x00000608       0x38 ..\obj\usbh_msc_scsi.o
 .debug_ranges  0x00000640       0x10 ..\obj\lista_plikow.o
 .debug_ranges  0x00000650       0x20 ..\obj\system_stm32f4xx.o
 .debug_ranges  0x00000670       0x50 ..\obj\syscalls.o
 .debug_ranges  0x000006c0       0x98 ..\obj\usbh_usr.o
 .debug_ranges  0x00000758       0x18 ..\obj\ccsbcs.o
 .debug_ranges  0x00000770       0x40 ..\obj\usb_bsp.o
 .debug_ranges  0x000007b0       0x10 ..\obj\lista_plikow_i_katalogow.o
 .debug_ranges  0x000007c0       0x40 ..\obj\stm32_ub_atadrive.o
 .debug_ranges  0x00000800      0x1b0 ..\obj\ff.o
 .debug_ranges  0x000009b0       0x58 ..\obj\usb_hcd.o
 .debug_ranges  0x00000a08       0x28 ..\obj\usbh_msc_bot.o
 .debug_ranges  0x00000a30       0x10 ..\obj\usuwanie_plikow.o
 .debug_ranges  0x00000a40       0x50 ..\obj\usbh_ioreq.o
 .debug_ranges  0x00000a90       0x30 ..\obj\misc.o
 .debug_ranges  0x00000ac0       0x60 ..\obj\usb_hcd_int.o

.debug_line     0x00000000     0x7387
 .debug_line    0x00000000      0x600 ..\obj\usb_core.o
 .debug_line    0x00000600      0x276 ..\obj\stm32_ub_usb_msc_host.o
 .debug_line    0x00000876      0x24d ..\obj\usbh_hcs.o
 .debug_line    0x00000ac3      0x386 ..\obj\usbh_stdreq.o
 .debug_line    0x00000e49      0x1fa ..\obj\funkcje.o
 .debug_line    0x00001043      0x29a ..\obj\diskio.o
 .debug_line    0x000012dd       0xbc ..\obj\startup_stm32f4xx.o
 .debug_line    0x00001399      0x2b0 ..\obj\stm32_ub_led.o
 .debug_line    0x00001649      0x1e7 ..\obj\main.o
 .debug_line    0x00001830      0x37e ..\obj\stm32_ub_fatfs.o
 .debug_line    0x00001bae      0x5e1 ..\obj\stm32f4xx_rcc.o
 .debug_line    0x0000218f      0x27d ..\obj\init.o
 .debug_line    0x0000240c      0x309 ..\obj\usbh_msc_core.o
 .debug_line    0x00002715      0x2d1 ..\obj\usuwanie_plikow_i_katalogow.o
 .debug_line    0x000029e6      0x295 ..\obj\menu.o
 .debug_line    0x00002c7b      0x3e3 ..\obj\usbh_core.o
 .debug_line    0x0000305e      0x252 ..\obj\stm32_ub_sdcard.o
 .debug_line    0x000032b0      0x385 ..\obj\stm32f4xx_gpio.o
 .debug_line    0x00003635      0x3bd ..\obj\stm32_ub_usbdisk.o
 .debug_line    0x000039f2      0x394 ..\obj\usbh_msc_scsi.o
 .debug_line    0x00003d86      0x2da ..\obj\lista_plikow.o
 .debug_line    0x00004060      0x1f9 ..\obj\system_stm32f4xx.o
 .debug_line    0x00004259      0x1c3 ..\obj\syscalls.o
 .debug_line    0x0000441c      0x34f ..\obj\usbh_usr.o
 .debug_line    0x0000476b      0x147 ..\obj\ccsbcs.o
 .debug_line    0x000048b2      0x2fd ..\obj\usb_bsp.o
 .debug_line    0x00004baf      0x2e5 ..\obj\lista_plikow_i_katalogow.o
 .debug_line    0x00004e94      0x253 ..\obj\stm32_ub_atadrive.o
 .debug_line    0x000050e7     0x110c ..\obj\ff.o
 .debug_line    0x000061f3      0x278 ..\obj\usb_hcd.o
 .debug_line    0x0000646b      0x321 ..\obj\usbh_msc_bot.o
 .debug_line    0x0000678c      0x2bb ..\obj\usuwanie_plikow.o
 .debug_line    0x00006a47      0x2a1 ..\obj\usbh_ioreq.o
 .debug_line    0x00006ce8      0x28b ..\obj\misc.o
 .debug_line    0x00006f73      0x414 ..\obj\usb_hcd_int.o

.debug_str      0x00000000     0x54e0
 .debug_str     0x00000000     0x1046 ..\obj\usb_core.o
                               0x1334 (size before relaxing)
 .debug_str     0x00001046      0xabb ..\obj\stm32_ub_usb_msc_host.o
                               0x129f (size before relaxing)
 .debug_str     0x00001b01       0xf8 ..\obj\usbh_hcs.o
                                0x854 (size before relaxing)
 .debug_str     0x00001bf9      0x21a ..\obj\usbh_stdreq.o
                               0x12bc (size before relaxing)
 .debug_str     0x00001e13       0x82 ..\obj\funkcje.o
                                0x2a3 (size before relaxing)
 .debug_str     0x00001e95       0xbd ..\obj\diskio.o
                                0x331 (size before relaxing)
 .debug_str     0x00001f52       0xcb ..\obj\startup_stm32f4xx.o
                                0x12f (size before relaxing)
 .debug_str     0x0000201d      0x2c4 ..\obj\stm32_ub_led.o
                                0x3c6 (size before relaxing)
 .debug_str     0x000022e1       0x4a ..\obj\main.o
                                0x29f (size before relaxing)
 .debug_str     0x0000232b      0x46b ..\obj\stm32_ub_fatfs.o
                                0x6d8 (size before relaxing)
 .debug_str     0x00002796      0x6ba ..\obj\stm32f4xx_rcc.o
                                0x80e (size before relaxing)
 .debug_str     0x00002e50      0x707 ..\obj\init.o
                                0xa0e (size before relaxing)
 .debug_str     0x00003557      0x3d2 ..\obj\usbh_msc_core.o
                               0x147d (size before relaxing)
 .debug_str     0x00003929       0xc4 ..\obj\usuwanie_plikow_i_katalogow.o
                                0x607 (size before relaxing)
 .debug_str     0x000039ed       0x4f ..\obj\menu.o
                                0x316 (size before relaxing)
 .debug_str     0x00003a3c      0x126 ..\obj\usbh_core.o
                               0x1209 (size before relaxing)
 .debug_str     0x00003b62       0xe2 ..\obj\stm32_ub_sdcard.o
                                0x200 (size before relaxing)
 .debug_str     0x00003c44      0x1be ..\obj\stm32f4xx_gpio.o
                                0x461 (size before relaxing)
 .debug_str     0x00003e02      0x15b ..\obj\stm32_ub_usbdisk.o
                               0x13aa (size before relaxing)
 .debug_str     0x00003f5d      0x244 ..\obj\usbh_msc_scsi.o
                                0xbfb (size before relaxing)
 .debug_str     0x000041a1       0x6d ..\obj\lista_plikow.o
                                0x64a (size before relaxing)
 .debug_str     0x0000420e      0x133 ..\obj\system_stm32f4xx.o
                                0x368 (size before relaxing)
 .debug_str     0x00004341      0x163 ..\obj\syscalls.o
                                0x2ea (size before relaxing)
 .debug_str     0x000044a4      0x24a ..\obj\usbh_usr.o
                                0x83c (size before relaxing)
 .debug_str     0x000046ee       0x84 ..\obj\ccsbcs.o
                                0x139 (size before relaxing)
 .debug_str     0x00004772      0x129 ..\obj\usb_bsp.o
                                0xfdf (size before relaxing)
 .debug_str     0x0000489b       0x77 ..\obj\lista_plikow_i_katalogow.o
                                0x662 (size before relaxing)
 .debug_str     0x00004912       0xe8 ..\obj\stm32_ub_atadrive.o
                                0x206 (size before relaxing)
 .debug_str     0x000049fa      0x311 ..\obj\ff.o
                                0x6e3 (size before relaxing)
 .debug_str     0x00004d0b      0x112 ..\obj\usb_hcd.o
                                0x8f1 (size before relaxing)
 .debug_str     0x00004e1d      0x118 ..\obj\usbh_msc_bot.o
                               0x1465 (size before relaxing)
 .debug_str     0x00004f35       0x65 ..\obj\usuwanie_plikow.o
                                0x5ef (size before relaxing)
 .debug_str     0x00004f9a      0x11f ..\obj\usbh_ioreq.o
                               0x11c5 (size before relaxing)
 .debug_str     0x000050b9      0x17c ..\obj\misc.o
                                0x397 (size before relaxing)
 .debug_str     0x00005235      0x2ab ..\obj\usb_hcd_int.o
                                0xefb (size before relaxing)

.comment        0x00000000       0x70
 .comment       0x00000000       0x70 ..\obj\usb_core.o
                                 0x71 (size before relaxing)
 .comment       0x00000000       0x71 ..\obj\stm32_ub_usb_msc_host.o
 .comment       0x00000000       0x71 ..\obj\usbh_hcs.o
 .comment       0x00000000       0x71 ..\obj\usbh_stdreq.o
 .comment       0x00000000       0x71 ..\obj\funkcje.o
 .comment       0x00000000       0x71 ..\obj\diskio.o
 .comment       0x00000000       0x71 ..\obj\startup_stm32f4xx.o
 .comment       0x00000000       0x71 ..\obj\stm32_ub_led.o
 .comment       0x00000000       0x71 ..\obj\main.o
 .comment       0x00000000       0x71 ..\obj\stm32_ub_fatfs.o
 .comment       0x00000000       0x71 ..\obj\stm32f4xx_rcc.o
 .comment       0x00000000       0x71 ..\obj\init.o
 .comment       0x00000000       0x71 ..\obj\usbh_msc_core.o
 .comment       0x00000000       0x71 ..\obj\usuwanie_plikow_i_katalogow.o
 .comment       0x00000000       0x71 ..\obj\menu.o
 .comment       0x00000000       0x71 ..\obj\usbh_core.o
 .comment       0x00000000       0x71 ..\obj\stm32_ub_sdcard.o
 .comment       0x00000000       0x71 ..\obj\stm32f4xx_gpio.o
 .comment       0x00000000       0x71 ..\obj\stm32_ub_usbdisk.o
 .comment       0x00000000       0x71 ..\obj\usbh_msc_scsi.o
 .comment       0x00000000       0x71 ..\obj\lista_plikow.o
 .comment       0x00000000       0x71 ..\obj\system_stm32f4xx.o
 .comment       0x00000000       0x71 ..\obj\syscalls.o
 .comment       0x00000000       0x71 ..\obj\usbh_usr.o
 .comment       0x00000000       0x71 ..\obj\ccsbcs.o
 .comment       0x00000000       0x71 ..\obj\usb_bsp.o
 .comment       0x00000000       0x71 ..\obj\lista_plikow_i_katalogow.o
 .comment       0x00000000       0x71 ..\obj\stm32_ub_atadrive.o
 .comment       0x00000000       0x71 ..\obj\ff.o
 .comment       0x00000000       0x71 ..\obj\usb_hcd.o
 .comment       0x00000000       0x71 ..\obj\usbh_msc_bot.o
 .comment       0x00000000       0x71 ..\obj\usuwanie_plikow.o
 .comment       0x00000000       0x71 ..\obj\usbh_ioreq.o
 .comment       0x00000000       0x71 ..\obj\misc.o
 .comment       0x00000000       0x71 ..\obj\usb_hcd_int.o

.ARM.attributes
                0x00000000       0x33
 .ARM.attributes
                0x00000000       0x33 ..\obj\usb_core.o
 .ARM.attributes
                0x00000033       0x33 ..\obj\stm32_ub_usb_msc_host.o
 .ARM.attributes
                0x00000066       0x33 ..\obj\usbh_hcs.o
 .ARM.attributes
                0x00000099       0x33 ..\obj\usbh_stdreq.o
 .ARM.attributes
                0x000000cc       0x33 ..\obj\funkcje.o
 .ARM.attributes
                0x000000ff       0x33 ..\obj\diskio.o
 .ARM.attributes
                0x00000132       0x33 ..\obj\startup_stm32f4xx.o
 .ARM.attributes
                0x00000165       0x33 ..\obj\stm32_ub_led.o
 .ARM.attributes
                0x00000198       0x33 ..\obj\main.o
 .ARM.attributes
                0x000001cb       0x33 ..\obj\stm32_ub_fatfs.o
 .ARM.attributes
                0x000001fe       0x33 ..\obj\stm32f4xx_rcc.o
 .ARM.attributes
                0x00000231       0x33 ..\obj\init.o
 .ARM.attributes
                0x00000264       0x33 ..\obj\usbh_msc_core.o
 .ARM.attributes
                0x00000297       0x33 ..\obj\usuwanie_plikow_i_katalogow.o
 .ARM.attributes
                0x000002ca       0x33 ..\obj\menu.o
 .ARM.attributes
                0x000002fd       0x33 ..\obj\usbh_core.o
 .ARM.attributes
                0x00000330       0x33 ..\obj\stm32_ub_sdcard.o
 .ARM.attributes
                0x00000363       0x33 ..\obj\stm32f4xx_gpio.o
 .ARM.attributes
                0x00000396       0x33 ..\obj\stm32_ub_usbdisk.o
 .ARM.attributes
                0x000003c9       0x33 ..\obj\usbh_msc_scsi.o
 .ARM.attributes
                0x000003fc       0x33 ..\obj\lista_plikow.o
 .ARM.attributes
                0x0000042f       0x33 ..\obj\system_stm32f4xx.o
 .ARM.attributes
                0x00000462       0x33 ..\obj\syscalls.o
 .ARM.attributes
                0x00000495       0x33 ..\obj\usbh_usr.o
 .ARM.attributes
                0x000004c8       0x33 ..\obj\ccsbcs.o
 .ARM.attributes
                0x000004fb       0x33 ..\obj\usb_bsp.o
 .ARM.attributes
                0x0000052e       0x33 ..\obj\lista_plikow_i_katalogow.o
 .ARM.attributes
                0x00000561       0x33 ..\obj\stm32_ub_atadrive.o
 .ARM.attributes
                0x00000594       0x33 ..\obj\ff.o
 .ARM.attributes
                0x000005c7       0x33 ..\obj\usb_hcd.o
 .ARM.attributes
                0x000005fa       0x33 ..\obj\usbh_msc_bot.o
 .ARM.attributes
                0x0000062d       0x33 ..\obj\usuwanie_plikow.o
 .ARM.attributes
                0x00000660       0x33 ..\obj\usbh_ioreq.o
 .ARM.attributes
                0x00000693       0x33 ..\obj\misc.o
 .ARM.attributes
                0x000006c6       0x33 ..\obj\usb_hcd_int.o
 .ARM.attributes
                0x000006f9       0x2e d:/stm32_discovery/sterowniki/gnu tools arm embedded/4.7 2013q3/bin/../lib/gcc/arm-none-eabi/4.7.4/../../../../arm-none-eabi/lib/armv7e-m\libg.a(lib_a-sprintf.o)
 .ARM.attributes
                0x00000727       0x2e d:/stm32_discovery/sterowniki/gnu tools arm embedded/4.7 2013q3/bin/../lib/gcc/arm-none-eabi/4.7.4/../../../../arm-none-eabi/lib/armv7e-m\libg.a(lib_a-strcat.o)
 .ARM.attributes
                0x00000755       0x2e d:/stm32_discovery/sterowniki/gnu tools arm embedded/4.7 2013q3/bin/../lib/gcc/arm-none-eabi/4.7.4/../../../../arm-none-eabi/lib/armv7e-m\libg.a(lib_a-strcpy.o)
 .ARM.attributes
                0x00000783       0x2e d:/stm32_discovery/sterowniki/gnu tools arm embedded/4.7 2013q3/bin/../lib/gcc/arm-none-eabi/4.7.4/../../../../arm-none-eabi/lib/armv7e-m\libg.a(lib_a-svfprintf.o)
 .ARM.attributes
                0x000007b1       0x2e d:/stm32_discovery/sterowniki/gnu tools arm embedded/4.7 2013q3/bin/../lib/gcc/arm-none-eabi/4.7.4/../../../../arm-none-eabi/lib/armv7e-m\libg.a(lib_a-dtoa.o)
 .ARM.attributes
                0x000007df       0x2e d:/stm32_discovery/sterowniki/gnu tools arm embedded/4.7 2013q3/bin/../lib/gcc/arm-none-eabi/4.7.4/../../../../arm-none-eabi/lib/armv7e-m\libg.a(lib_a-impure.o)
 .ARM.attributes
                0x0000080d       0x2e d:/stm32_discovery/sterowniki/gnu tools arm embedded/4.7 2013q3/bin/../lib/gcc/arm-none-eabi/4.7.4/../../../../arm-none-eabi/lib/armv7e-m\libg.a(lib_a-locale.o)
 .ARM.attributes
                0x0000083b       0x2e d:/stm32_discovery/sterowniki/gnu tools arm embedded/4.7 2013q3/bin/../lib/gcc/arm-none-eabi/4.7.4/../../../../arm-none-eabi/lib/armv7e-m\libg.a(lib_a-mallocr.o)
 .ARM.attributes
                0x00000869       0x2e d:/stm32_discovery/sterowniki/gnu tools arm embedded/4.7 2013q3/bin/../lib/gcc/arm-none-eabi/4.7.4/../../../../arm-none-eabi/lib/armv7e-m\libg.a(lib_a-memchr.o)
 .ARM.attributes
                0x00000897       0x2e d:/stm32_discovery/sterowniki/gnu tools arm embedded/4.7 2013q3/bin/../lib/gcc/arm-none-eabi/4.7.4/../../../../arm-none-eabi/lib/armv7e-m\libg.a(lib_a-memcpy.o)
 .ARM.attributes
                0x000008c5       0x2e d:/stm32_discovery/sterowniki/gnu tools arm embedded/4.7 2013q3/bin/../lib/gcc/arm-none-eabi/4.7.4/../../../../arm-none-eabi/lib/armv7e-m\libg.a(lib_a-mlock.o)
 .ARM.attributes
                0x000008f3       0x2e d:/stm32_discovery/sterowniki/gnu tools arm embedded/4.7 2013q3/bin/../lib/gcc/arm-none-eabi/4.7.4/../../../../arm-none-eabi/lib/armv7e-m\libg.a(lib_a-mprec.o)
 .ARM.attributes
                0x00000921       0x2e d:/stm32_discovery/sterowniki/gnu tools arm embedded/4.7 2013q3/bin/../lib/gcc/arm-none-eabi/4.7.4/../../../../arm-none-eabi/lib/armv7e-m\libg.a(lib_a-s_fpclassify.o)
 .ARM.attributes
                0x0000094f       0x2e d:/stm32_discovery/sterowniki/gnu tools arm embedded/4.7 2013q3/bin/../lib/gcc/arm-none-eabi/4.7.4/../../../../arm-none-eabi/lib/armv7e-m\libg.a(lib_a-sbrkr.o)
 .ARM.attributes
                0x0000097d       0x2e d:/stm32_discovery/sterowniki/gnu tools arm embedded/4.7 2013q3/bin/../lib/gcc/arm-none-eabi/4.7.4/../../../../arm-none-eabi/lib/armv7e-m\libg.a(lib_a-strlen.o)
 .ARM.attributes
                0x000009ab       0x2e d:/stm32_discovery/sterowniki/gnu tools arm embedded/4.7 2013q3/bin/../lib/gcc/arm-none-eabi/4.7.4/../../../../arm-none-eabi/lib/armv7e-m\libg.a(lib_a-svfiprintf.o)
 .ARM.attributes
                0x000009d9       0x2e d:/stm32_discovery/sterowniki/gnu tools arm embedded/4.7 2013q3/bin/../lib/gcc/arm-none-eabi/4.7.4/../../../../arm-none-eabi/lib/armv7e-m\libg.a(lib_a-callocr.o)
 .ARM.attributes
                0x00000a07       0x2e d:/stm32_discovery/sterowniki/gnu tools arm embedded/4.7 2013q3/bin/../lib/gcc/arm-none-eabi/4.7.4/../../../../arm-none-eabi/lib/armv7e-m\libg.a(lib_a-freer.o)
 .ARM.attributes
                0x00000a35       0x2e d:/stm32_discovery/sterowniki/gnu tools arm embedded/4.7 2013q3/bin/../lib/gcc/arm-none-eabi/4.7.4/../../../../arm-none-eabi/lib/armv7e-m\libg.a(lib_a-memmove.o)
 .ARM.attributes
                0x00000a63       0x2e d:/stm32_discovery/sterowniki/gnu tools arm embedded/4.7 2013q3/bin/../lib/gcc/arm-none-eabi/4.7.4/../../../../arm-none-eabi/lib/armv7e-m\libg.a(lib_a-memset.o)
 .ARM.attributes
                0x00000a91       0x2e d:/stm32_discovery/sterowniki/gnu tools arm embedded/4.7 2013q3/bin/../lib/gcc/arm-none-eabi/4.7.4/../../../../arm-none-eabi/lib/armv7e-m\libg.a(lib_a-reallocr.o)
 .ARM.attributes
                0x00000abf       0x2e d:/stm32_discovery/sterowniki/gnu tools arm embedded/4.7 2013q3/bin/../lib/gcc/arm-none-eabi/4.7.4/../../../../arm-none-eabi/lib/armv7e-m\libg.a(lib_a-reent.o)
 .ARM.attributes
                0x00000aed       0x1e d:/stm32_discovery/sterowniki/gnu tools arm embedded/4.7 2013q3/bin/../lib/gcc/arm-none-eabi/4.7.4/armv7e-m\libgcc.a(_arm_addsubdf3.o)
 .ARM.attributes
                0x00000b0b       0x1e d:/stm32_discovery/sterowniki/gnu tools arm embedded/4.7 2013q3/bin/../lib/gcc/arm-none-eabi/4.7.4/armv7e-m\libgcc.a(_arm_muldivdf3.o)
 .ARM.attributes
                0x00000b29       0x1e d:/stm32_discovery/sterowniki/gnu tools arm embedded/4.7 2013q3/bin/../lib/gcc/arm-none-eabi/4.7.4/armv7e-m\libgcc.a(_arm_cmpdf2.o)
 .ARM.attributes
                0x00000b47       0x1e d:/stm32_discovery/sterowniki/gnu tools arm embedded/4.7 2013q3/bin/../lib/gcc/arm-none-eabi/4.7.4/armv7e-m\libgcc.a(_arm_fixdfsi.o)
 .ARM.attributes
                0x00000b65       0x1e d:/stm32_discovery/sterowniki/gnu tools arm embedded/4.7 2013q3/bin/../lib/gcc/arm-none-eabi/4.7.4/armv7e-m\libgcc.a(_aeabi_uldivmod.o)
 .ARM.attributes
                0x00000b83       0x2e d:/stm32_discovery/sterowniki/gnu tools arm embedded/4.7 2013q3/bin/../lib/gcc/arm-none-eabi/4.7.4/armv7e-m\libgcc.a(bpabi.o)
 .ARM.attributes
                0x00000bb1       0x1e d:/stm32_discovery/sterowniki/gnu tools arm embedded/4.7 2013q3/bin/../lib/gcc/arm-none-eabi/4.7.4/armv7e-m\libgcc.a(_dvmd_tls.o)
 .ARM.attributes
                0x00000bcf       0x2e d:/stm32_discovery/sterowniki/gnu tools arm embedded/4.7 2013q3/bin/../lib/gcc/arm-none-eabi/4.7.4/armv7e-m\libgcc.a(_divdi3.o)
 .ARM.attributes
                0x00000bfd       0x2e d:/stm32_discovery/sterowniki/gnu tools arm embedded/4.7 2013q3/bin/../lib/gcc/arm-none-eabi/4.7.4/armv7e-m\libgcc.a(_udivdi3.o)

.debug_frame    0x00000000     0x2ea8
 .debug_frame   0x00000000      0x370 ..\obj\usb_core.o
 .debug_frame   0x00000370       0x4c ..\obj\stm32_ub_usb_msc_host.o
 .debug_frame   0x000003bc       0xc4 ..\obj\usbh_hcs.o
 .debug_frame   0x00000480      0x19c ..\obj\usbh_stdreq.o
 .debug_frame   0x0000061c       0x2c ..\obj\funkcje.o
 .debug_frame   0x00000648       0xc8 ..\obj\diskio.o
 .debug_frame   0x00000710       0x48 ..\obj\startup_stm32f4xx.o
 .debug_frame   0x00000758       0xa8 ..\obj\stm32_ub_led.o
 .debug_frame   0x00000800       0x2c ..\obj\main.o
 .debug_frame   0x0000082c      0x188 ..\obj\stm32_ub_fatfs.o
 .debug_frame   0x000009b4      0x4d8 ..\obj\stm32f4xx_rcc.o
 .debug_frame   0x00000e8c       0x70 ..\obj\init.o
 .debug_frame   0x00000efc       0xe8 ..\obj\usbh_msc_core.o
 .debug_frame   0x00000fe4       0x30 ..\obj\usuwanie_plikow_i_katalogow.o
 .debug_frame   0x00001014       0x30 ..\obj\menu.o
 .debug_frame   0x00001044      0x108 ..\obj\usbh_core.o
 .debug_frame   0x0000114c       0xd0 ..\obj\stm32_ub_sdcard.o
 .debug_frame   0x0000121c      0x19c ..\obj\stm32f4xx_gpio.o
 .debug_frame   0x000013b8       0xe4 ..\obj\stm32_ub_usbdisk.o
 .debug_frame   0x0000149c       0xd0 ..\obj\usbh_msc_scsi.o
 .debug_frame   0x0000156c       0x30 ..\obj\lista_plikow.o
 .debug_frame   0x0000159c       0x64 ..\obj\system_stm32f4xx.o
 .debug_frame   0x00001600      0x108 ..\obj\syscalls.o
 .debug_frame   0x00001708      0x1d8 ..\obj\usbh_usr.o
 .debug_frame   0x000018e0       0x48 ..\obj\ccsbcs.o
 .debug_frame   0x00001928       0xe8 ..\obj\usb_bsp.o
 .debug_frame   0x00001a10       0x30 ..\obj\lista_plikow_i_katalogow.o
 .debug_frame   0x00001a40       0xd0 ..\obj\stm32_ub_atadrive.o
 .debug_frame   0x00001b10      0x68c ..\obj\ff.o
 .debug_frame   0x0000219c      0x138 ..\obj\usb_hcd.o
 .debug_frame   0x000022d4       0x90 ..\obj\usbh_msc_bot.o
 .debug_frame   0x00002364       0x30 ..\obj\usuwanie_plikow.o
 .debug_frame   0x00002394      0x12c ..\obj\usbh_ioreq.o
 .debug_frame   0x000024c0       0x9c ..\obj\misc.o
 .debug_frame   0x0000255c      0x168 ..\obj\usb_hcd_int.o
 .debug_frame   0x000026c4       0x60 d:/stm32_discovery/sterowniki/gnu tools arm embedded/4.7 2013q3/bin/../lib/gcc/arm-none-eabi/4.7.4/../../../../arm-none-eabi/lib/armv7e-m\libg.a(lib_a-sprintf.o)
 .debug_frame   0x00002724       0x2c d:/stm32_discovery/sterowniki/gnu tools arm embedded/4.7 2013q3/bin/../lib/gcc/arm-none-eabi/4.7.4/../../../../arm-none-eabi/lib/armv7e-m\libg.a(lib_a-strcat.o)
 .debug_frame   0x00002750       0x20 d:/stm32_discovery/sterowniki/gnu tools arm embedded/4.7 2013q3/bin/../lib/gcc/arm-none-eabi/4.7.4/../../../../arm-none-eabi/lib/armv7e-m\libg.a(lib_a-strcpy.o)
 .debug_frame   0x00002770       0x3c d:/stm32_discovery/sterowniki/gnu tools arm embedded/4.7 2013q3/bin/../lib/gcc/arm-none-eabi/4.7.4/../../../../arm-none-eabi/lib/armv7e-m\libg.a(lib_a-svfprintf.o)
 .debug_frame   0x000027ac       0x64 d:/stm32_discovery/sterowniki/gnu tools arm embedded/4.7 2013q3/bin/../lib/gcc/arm-none-eabi/4.7.4/../../../../arm-none-eabi/lib/armv7e-m\libg.a(lib_a-dtoa.o)
 .debug_frame   0x00002810       0xa0 d:/stm32_discovery/sterowniki/gnu tools arm embedded/4.7 2013q3/bin/../lib/gcc/arm-none-eabi/4.7.4/../../../../arm-none-eabi/lib/armv7e-m\libg.a(lib_a-locale.o)
 .debug_frame   0x000028b0       0x38 d:/stm32_discovery/sterowniki/gnu tools arm embedded/4.7 2013q3/bin/../lib/gcc/arm-none-eabi/4.7.4/../../../../arm-none-eabi/lib/armv7e-m\libg.a(lib_a-mallocr.o)
 .debug_frame   0x000028e8       0x2c d:/stm32_discovery/sterowniki/gnu tools arm embedded/4.7 2013q3/bin/../lib/gcc/arm-none-eabi/4.7.4/../../../../arm-none-eabi/lib/armv7e-m\libg.a(lib_a-memchr.o)
 .debug_frame   0x00002914       0x30 d:/stm32_discovery/sterowniki/gnu tools arm embedded/4.7 2013q3/bin/../lib/gcc/arm-none-eabi/4.7.4/../../../../arm-none-eabi/lib/armv7e-m\libg.a(lib_a-memcpy.o)
 .debug_frame   0x00002944       0x30 d:/stm32_discovery/sterowniki/gnu tools arm embedded/4.7 2013q3/bin/../lib/gcc/arm-none-eabi/4.7.4/../../../../arm-none-eabi/lib/armv7e-m\libg.a(lib_a-mlock.o)
 .debug_frame   0x00002974      0x234 d:/stm32_discovery/sterowniki/gnu tools arm embedded/4.7 2013q3/bin/../lib/gcc/arm-none-eabi/4.7.4/../../../../arm-none-eabi/lib/armv7e-m\libg.a(lib_a-mprec.o)
 .debug_frame   0x00002ba8       0x20 d:/stm32_discovery/sterowniki/gnu tools arm embedded/4.7 2013q3/bin/../lib/gcc/arm-none-eabi/4.7.4/../../../../arm-none-eabi/lib/armv7e-m\libg.a(lib_a-s_fpclassify.o)
 .debug_frame   0x00002bc8       0x2c d:/stm32_discovery/sterowniki/gnu tools arm embedded/4.7 2013q3/bin/../lib/gcc/arm-none-eabi/4.7.4/../../../../arm-none-eabi/lib/armv7e-m\libg.a(lib_a-sbrkr.o)
 .debug_frame   0x00002bf4       0x20 d:/stm32_discovery/sterowniki/gnu tools arm embedded/4.7 2013q3/bin/../lib/gcc/arm-none-eabi/4.7.4/../../../../arm-none-eabi/lib/armv7e-m\libg.a(lib_a-strlen.o)
 .debug_frame   0x00002c14       0x64 d:/stm32_discovery/sterowniki/gnu tools arm embedded/4.7 2013q3/bin/../lib/gcc/arm-none-eabi/4.7.4/../../../../arm-none-eabi/lib/armv7e-m\libg.a(lib_a-svfiprintf.o)
 .debug_frame   0x00002c78       0x28 d:/stm32_discovery/sterowniki/gnu tools arm embedded/4.7 2013q3/bin/../lib/gcc/arm-none-eabi/4.7.4/../../../../arm-none-eabi/lib/armv7e-m\libg.a(lib_a-callocr.o)
 .debug_frame   0x00002ca0       0x50 d:/stm32_discovery/sterowniki/gnu tools arm embedded/4.7 2013q3/bin/../lib/gcc/arm-none-eabi/4.7.4/../../../../arm-none-eabi/lib/armv7e-m\libg.a(lib_a-freer.o)
 .debug_frame   0x00002cf0       0x30 d:/stm32_discovery/sterowniki/gnu tools arm embedded/4.7 2013q3/bin/../lib/gcc/arm-none-eabi/4.7.4/../../../../arm-none-eabi/lib/armv7e-m\libg.a(lib_a-memmove.o)
 .debug_frame   0x00002d20       0x2c d:/stm32_discovery/sterowniki/gnu tools arm embedded/4.7 2013q3/bin/../lib/gcc/arm-none-eabi/4.7.4/../../../../arm-none-eabi/lib/armv7e-m\libg.a(lib_a-memset.o)
 .debug_frame   0x00002d4c       0x38 d:/stm32_discovery/sterowniki/gnu tools arm embedded/4.7 2013q3/bin/../lib/gcc/arm-none-eabi/4.7.4/../../../../arm-none-eabi/lib/armv7e-m\libg.a(lib_a-reallocr.o)
 .debug_frame   0x00002d84       0x6c d:/stm32_discovery/sterowniki/gnu tools arm embedded/4.7 2013q3/bin/../lib/gcc/arm-none-eabi/4.7.4/../../../../arm-none-eabi/lib/armv7e-m\libg.a(lib_a-reent.o)
 .debug_frame   0x00002df0       0x50 d:/stm32_discovery/sterowniki/gnu tools arm embedded/4.7 2013q3/bin/../lib/gcc/arm-none-eabi/4.7.4/armv7e-m\libgcc.a(bpabi.o)
 .debug_frame   0x00002e40       0x34 d:/stm32_discovery/sterowniki/gnu tools arm embedded/4.7 2013q3/bin/../lib/gcc/arm-none-eabi/4.7.4/armv7e-m\libgcc.a(_divdi3.o)
 .debug_frame   0x00002e74       0x34 d:/stm32_discovery/sterowniki/gnu tools arm embedded/4.7 2013q3/bin/../lib/gcc/arm-none-eabi/4.7.4/armv7e-m\libgcc.a(_udivdi3.o)