
Allocating common symbols
Common symbol       size              file

HSEStartUpStatus    0x1               ..\obj\usb_bsp.o
USBH_MSC_CSWData    0x10              ..\obj\usbh_msc_bot.o
MSC_Machine         0x4a              ..\obj\usbh_msc_core.o
USBH_DataInBuffer   0x200             ..\obj\usbh_msc_scsi.o
sBuffer2Write       0x400             ..\obj\funkcje.o
USBH_MSC_Param      0x10              ..\obj\usbh_msc_scsi.o
USBH_MSC_BOTXferParam
                    0x10              ..\obj\usbh_msc_bot.o
USB_MSC_HOST_STATUS
                    0x1               ..\obj\stm32_ub_usb_msc_host.o
lfnBuffer           0x200             ..\obj\funkcje.o
USB_OTG_Core        0x4b0             ..\obj\stm32_ub_usb_msc_host.o
USBH_DataOutBuffer  0x200             ..\obj\usbh_msc_scsi.o
sBuffer             0x100             ..\obj\funkcje.o
MSC_Setup           0x8               ..\obj\usbh_msc_core.o
USBH_MSC_CBWData    0x20              ..\obj\usbh_msc_bot.o
USB_Host            0x84              ..\obj\stm32_ub_usb_msc_host.o

Discarded input sections

 .text          0x00000000        0x0 ..\obj\usb_core.o
 .data          0x00000000        0x0 ..\obj\usb_core.o
 .bss           0x00000000        0x0 ..\obj\usb_core.o
 .text.USB_OTG_IsDeviceMode
                0x00000000       0x24 ..\obj\usb_core.o
 .text.USB_OTG_ReadOtgItr
                0x00000000       0x1c ..\obj\usb_core.o
 .text.USB_OTG_StopHost
                0x00000000       0x90 ..\obj\usb_core.o
 .text          0x00000000        0x0 ..\obj\stm32_ub_usb_msc_host.o
 .data          0x00000000        0x0 ..\obj\stm32_ub_usb_msc_host.o
 .bss           0x00000000        0x0 ..\obj\stm32_ub_usb_msc_host.o
 .text          0x00000000        0x0 ..\obj\usbh_hcs.o
 .data          0x00000000        0x0 ..\obj\usbh_hcs.o
 .bss           0x00000000        0x0 ..\obj\usbh_hcs.o
 .text          0x00000000        0x0 ..\obj\usbh_stdreq.o
 .data          0x00000000        0x0 ..\obj\usbh_stdreq.o
 .bss           0x00000000        0x0 ..\obj\usbh_stdreq.o
 .text          0x00000000        0x0 ..\obj\funkcje.o
 .data          0x00000000        0x0 ..\obj\funkcje.o
 .bss           0x00000000        0x0 ..\obj\funkcje.o
 .text          0x00000000        0x0 ..\obj\diskio.o
 .data          0x00000000        0x0 ..\obj\diskio.o
 .bss           0x00000000        0x0 ..\obj\diskio.o
 .text.get_fattime
                0x00000000       0x14 ..\obj\diskio.o
 .text          0x00000000        0x0 ..\obj\startup_stm32f4xx.o
 .data          0x00000000        0x0 ..\obj\startup_stm32f4xx.o
 .bss           0x00000000        0x0 ..\obj\startup_stm32f4xx.o
 .text          0x00000000        0x0 ..\obj\stm32_ub_led.o
 .bss           0x00000000        0x0 ..\obj\stm32_ub_led.o
 .text.UB_Led_Toggle
                0x00000000       0x74 ..\obj\stm32_ub_led.o
 .text.UB_Led_Switch
                0x00000000       0x30 ..\obj\stm32_ub_led.o
 .text          0x00000000        0x0 ..\obj\main.o
 .data          0x00000000        0x0 ..\obj\main.o
 .bss           0x00000000        0x0 ..\obj\main.o
 .text          0x00000000        0x0 ..\obj\stm32_ub_fatfs.o
 .data          0x00000000        0x0 ..\obj\stm32_ub_fatfs.o
 .text.UB_Fatfs_Init
                0x00000000       0x14 ..\obj\stm32_ub_fatfs.o
 .text.UB_Fatfs_CheckMedia
                0x00000000       0x44 ..\obj\stm32_ub_fatfs.o
 .text.UB_Fatfs_DelFile
                0x00000000       0x40 ..\obj\stm32_ub_fatfs.o
 .text.UB_Fatfs_OpenFile
                0x00000000       0xbc ..\obj\stm32_ub_fatfs.o
 .text.UB_Fatfs_CloseFile
                0x00000000       0x40 ..\obj\stm32_ub_fatfs.o
 .text.UB_Fatfs_WriteString
                0x00000000       0x4c ..\obj\stm32_ub_fatfs.o
 .text.UB_Fatfs_ReadString
                0x00000000       0x6c ..\obj\stm32_ub_fatfs.o
 .text.UB_Fatfs_FileSize
                0x00000000       0x2c ..\obj\stm32_ub_fatfs.o
 .text.UB_Fatfs_ReadBlock
                0x00000000       0x88 ..\obj\stm32_ub_fatfs.o
 .text.UB_Fatfs_WriteBlock
                0x00000000       0x88 ..\obj\stm32_ub_fatfs.o
 .text          0x00000000        0x0 ..\obj\stm32f4xx_rcc.o
 .data          0x00000000       0x10 ..\obj\stm32f4xx_rcc.o
 .bss           0x00000000        0x0 ..\obj\stm32f4xx_rcc.o
 .text.RCC_DeInit
                0x00000000       0x84 ..\obj\stm32f4xx_rcc.o
 .text.RCC_HSEConfig
                0x00000000       0x30 ..\obj\stm32f4xx_rcc.o
 .text.RCC_WaitForHSEStartUp
                0x00000000       0x64 ..\obj\stm32f4xx_rcc.o
 .text.RCC_AdjustHSICalibrationValue
                0x00000000       0x48 ..\obj\stm32f4xx_rcc.o
 .text.RCC_HSICmd
                0x00000000       0x20 ..\obj\stm32f4xx_rcc.o
 .text.RCC_LSEConfig
                0x00000000       0x60 ..\obj\stm32f4xx_rcc.o
 .text.RCC_LSICmd
                0x00000000       0x20 ..\obj\stm32f4xx_rcc.o
 .text.RCC_PLLConfig
                0x00000000       0x48 ..\obj\stm32f4xx_rcc.o
 .text.RCC_PLLCmd
                0x00000000       0x20 ..\obj\stm32f4xx_rcc.o
 .text.RCC_PLLI2SConfig
                0x00000000       0x30 ..\obj\stm32f4xx_rcc.o
 .text.RCC_PLLI2SCmd
                0x00000000       0x20 ..\obj\stm32f4xx_rcc.o
 .text.RCC_ClockSecuritySystemCmd
                0x00000000       0x20 ..\obj\stm32f4xx_rcc.o
 .text.RCC_MCO1Config
                0x00000000       0x48 ..\obj\stm32f4xx_rcc.o
 .text.RCC_MCO2Config
                0x00000000       0x48 ..\obj\stm32f4xx_rcc.o
 .text.RCC_SYSCLKConfig
                0x00000000       0x40 ..\obj\stm32f4xx_rcc.o
 .text.RCC_GetSYSCLKSource
                0x00000000       0x20 ..\obj\stm32f4xx_rcc.o
 .text.RCC_HCLKConfig
                0x00000000       0x40 ..\obj\stm32f4xx_rcc.o
 .text.RCC_PCLK1Config
                0x00000000       0x40 ..\obj\stm32f4xx_rcc.o
 .text.RCC_PCLK2Config
                0x00000000       0x44 ..\obj\stm32f4xx_rcc.o
 .text.RCC_GetClocksFreq
                0x00000000      0x1cc ..\obj\stm32f4xx_rcc.o
 .text.RCC_RTCCLKConfig
                0x00000000       0x74 ..\obj\stm32f4xx_rcc.o
 .text.RCC_RTCCLKCmd
                0x00000000       0x20 ..\obj\stm32f4xx_rcc.o
 .text.RCC_BackupResetCmd
                0x00000000       0x20 ..\obj\stm32f4xx_rcc.o
 .text.RCC_I2SCLKConfig
                0x00000000       0x20 ..\obj\stm32f4xx_rcc.o
 .text.RCC_AHB3PeriphClockCmd
                0x00000000       0x54 ..\obj\stm32f4xx_rcc.o
 .text.RCC_APB1PeriphClockCmd
                0x00000000       0x54 ..\obj\stm32f4xx_rcc.o
 .text.RCC_APB2PeriphClockCmd
                0x00000000       0x54 ..\obj\stm32f4xx_rcc.o
 .text.RCC_AHB1PeriphResetCmd
                0x00000000       0x54 ..\obj\stm32f4xx_rcc.o
 .text.RCC_AHB2PeriphResetCmd
                0x00000000       0x54 ..\obj\stm32f4xx_rcc.o
 .text.RCC_AHB3PeriphResetCmd
                0x00000000       0x54 ..\obj\stm32f4xx_rcc.o
 .text.RCC_APB1PeriphResetCmd
                0x00000000       0x54 ..\obj\stm32f4xx_rcc.o
 .text.RCC_APB2PeriphResetCmd
                0x00000000       0x54 ..\obj\stm32f4xx_rcc.o
 .text.RCC_AHB1PeriphClockLPModeCmd
                0x00000000       0x54 ..\obj\stm32f4xx_rcc.o
 .text.RCC_AHB2PeriphClockLPModeCmd
                0x00000000       0x54 ..\obj\stm32f4xx_rcc.o
 .text.RCC_AHB3PeriphClockLPModeCmd
                0x00000000       0x54 ..\obj\stm32f4xx_rcc.o
 .text.RCC_APB1PeriphClockLPModeCmd
                0x00000000       0x54 ..\obj\stm32f4xx_rcc.o
 .text.RCC_APB2PeriphClockLPModeCmd
                0x00000000       0x54 ..\obj\stm32f4xx_rcc.o
 .text.RCC_ITConfig
                0x00000000       0x60 ..\obj\stm32f4xx_rcc.o
 .text.RCC_GetFlagStatus
                0x00000000       0x90 ..\obj\stm32f4xx_rcc.o
 .text.RCC_ClearFlag
                0x00000000       0x24 ..\obj\stm32f4xx_rcc.o
 .text.RCC_GetITStatus
                0x00000000       0x40 ..\obj\stm32f4xx_rcc.o
 .text.RCC_ClearITPendingBit
                0x00000000       0x20 ..\obj\stm32f4xx_rcc.o
 .text          0x00000000        0x0 ..\obj\init.o
 .data          0x00000000        0x0 ..\obj\init.o
 .bss           0x00000000        0x0 ..\obj\init.o
 .text.initTimer
                0x00000000       0x5c ..\obj\init.o
 .text.initIRQ  0x00000000       0x54 ..\obj\init.o
 .text          0x00000000        0x0 ..\obj\usbh_msc_core.o
 .text          0x00000000        0x0 ..\obj\usbh_core.o
 .text          0x00000000        0x0 ..\obj\stm32_ub_sdcard.o
 .data          0x00000000        0x0 ..\obj\stm32_ub_sdcard.o
 .bss           0x00000000        0x0 ..\obj\stm32_ub_sdcard.o
 .text.UB_SDCard_Init
                0x00000000        0xc ..\obj\stm32_ub_sdcard.o
 .text.UB_SDCard_CheckMedia
                0x00000000       0x1c ..\obj\stm32_ub_sdcard.o
 .text          0x00000000        0x0 ..\obj\stm32f4xx_gpio.o
 .data          0x00000000        0x0 ..\obj\stm32f4xx_gpio.o
 .bss           0x00000000        0x0 ..\obj\stm32f4xx_gpio.o
 .text.GPIO_DeInit
                0x00000000      0x178 ..\obj\stm32f4xx_gpio.o
 .text.GPIO_StructInit
                0x00000000       0x3c ..\obj\stm32f4xx_gpio.o
 .text.GPIO_PinLockConfig
                0x00000000       0x44 ..\obj\stm32f4xx_gpio.o
 .text.GPIO_ReadInputData
                0x00000000       0x1c ..\obj\stm32f4xx_gpio.o
 .text.GPIO_ReadOutputDataBit
                0x00000000       0x3c ..\obj\stm32f4xx_gpio.o
 .text.GPIO_ReadOutputData
                0x00000000       0x1c ..\obj\stm32f4xx_gpio.o
 .text.GPIO_WriteBit
                0x00000000       0x30 ..\obj\stm32f4xx_gpio.o
 .text.GPIO_Write
                0x00000000       0x1c ..\obj\stm32f4xx_gpio.o
 .text.GPIO_ToggleBits
                0x00000000       0x24 ..\obj\stm32f4xx_gpio.o
 .text          0x00000000        0x0 ..\obj\stm32_ub_usbdisk.o
 .data          0x00000000        0x0 ..\obj\stm32_ub_usbdisk.o
 .bss           0x00000000        0x0 ..\obj\stm32_ub_usbdisk.o
 .text.UB_USBDisk_Init
                0x00000000        0xc ..\obj\stm32_ub_usbdisk.o
 .text.UB_USBDrive_CheckMedia
                0x00000000       0x48 ..\obj\stm32_ub_usbdisk.o
 .text          0x00000000        0x0 ..\obj\usbh_msc_scsi.o
 .bss           0x00000000        0x0 ..\obj\usbh_msc_scsi.o
 .text          0x00000000        0x0 ..\obj\system_stm32f4xx.o
 .data          0x00000000       0x14 ..\obj\system_stm32f4xx.o
 .bss           0x00000000        0x0 ..\obj\system_stm32f4xx.o
 .text.SystemCoreClockUpdate
                0x00000000      0x170 ..\obj\system_stm32f4xx.o
 .text          0x00000000        0x0 ..\obj\syscalls.o
 .data          0x00000000        0x0 ..\obj\syscalls.o
 .bss           0x00000000        0x4 ..\obj\syscalls.o
 .text._sbrk    0x00000000       0x5c ..\obj\syscalls.o
 .text.link     0x00000000       0x1c ..\obj\syscalls.o
 .text._close   0x00000000       0x18 ..\obj\syscalls.o
 .text._fstat   0x00000000       0x24 ..\obj\syscalls.o
 .text._isatty  0x00000000       0x18 ..\obj\syscalls.o
 .text._lseek   0x00000000       0x1c ..\obj\syscalls.o
 .text._read    0x00000000       0x1c ..\obj\syscalls.o
 .text._write   0x00000000       0x1c ..\obj\syscalls.o
 .text.abort    0x00000000        0x8 ..\obj\syscalls.o
 .debug_info    0x00000000      0x443 ..\obj\syscalls.o
 .debug_abbrev  0x00000000       0xe4 ..\obj\syscalls.o
 .debug_loc     0x00000000      0x1ec ..\obj\syscalls.o
 .debug_aranges
                0x00000000       0x60 ..\obj\syscalls.o
 .debug_ranges  0x00000000       0x50 ..\obj\syscalls.o
 .debug_line    0x00000000      0x1b4 ..\obj\syscalls.o
 .debug_str     0x00000000      0x2da ..\obj\syscalls.o
 .comment       0x00000000       0x71 ..\obj\syscalls.o
 .ARM.attributes
                0x00000000       0x33 ..\obj\syscalls.o
 .debug_frame   0x00000000      0x108 ..\obj\syscalls.o
 .text          0x00000000        0x0 ..\obj\usbh_usr.o
 .text          0x00000000        0x0 ..\obj\ccsbcs.o
 .data          0x00000000        0x0 ..\obj\ccsbcs.o
 .bss           0x00000000        0x0 ..\obj\ccsbcs.o
 .text          0x00000000        0x0 ..\obj\usb_bsp.o
 .data          0x00000000        0x0 ..\obj\usb_bsp.o
 .bss           0x00000000        0x0 ..\obj\usb_bsp.o
 COMMON         0x00000000        0x1 ..\obj\usb_bsp.o
 .text          0x00000000        0x0 ..\obj\stm32_ub_atadrive.o
 .data          0x00000000        0x0 ..\obj\stm32_ub_atadrive.o
 .bss           0x00000000        0x0 ..\obj\stm32_ub_atadrive.o
 .text.UB_ATADrive_Init
                0x00000000        0xc ..\obj\stm32_ub_atadrive.o
 .text.UB_ATADrive_CheckMedia
                0x00000000       0x1c ..\obj\stm32_ub_atadrive.o
 .text          0x00000000        0x0 ..\obj\ff.o
 .data          0x00000000        0x0 ..\obj\ff.o
 .text.dir_alloc
                0x00000000       0x90 ..\obj\ff.o
 .text.st_clust
                0x00000000       0x5c ..\obj\ff.o
 .text.fit_lfn  0x00000000      0x110 ..\obj\ff.o
 .text.gen_numname
                0x00000000      0x108 ..\obj\ff.o
 .text.dir_register
                0x00000000      0x230 ..\obj\ff.o
 .text.f_open   0x00000000      0x2dc ..\obj\ff.o
 .text.f_read   0x00000000      0x2e8 ..\obj\ff.o
 .text.f_write  0x00000000      0x34c ..\obj\ff.o
 .text.f_sync   0x00000000      0x188 ..\obj\ff.o
 .text.f_close  0x00000000       0x2c ..\obj\ff.o
 .text.f_lseek  0x00000000      0x2d8 ..\obj\ff.o
 .text.f_stat   0x00000000       0x84 ..\obj\ff.o
 .text.f_truncate
                0x00000000      0x120 ..\obj\ff.o
 .text.f_mkdir  0x00000000      0x2ac ..\obj\ff.o
 .text.f_chmod  0x00000000       0xc8 ..\obj\ff.o
 .text.f_utime  0x00000000       0xd4 ..\obj\ff.o
 .text.f_rename
                0x00000000      0x1e8 ..\obj\ff.o
 .text.f_gets   0x00000000       0x90 ..\obj\ff.o
 .text.f_putc   0x00000000       0x54 ..\obj\ff.o
 .text.f_puts   0x00000000       0x50 ..\obj\ff.o
 .text.f_printf
                0x00000000      0x4cc ..\obj\ff.o
 .text          0x00000000        0x0 ..\obj\usb_hcd.o
 .data          0x00000000        0x0 ..\obj\usb_hcd.o
 .bss           0x00000000        0x0 ..\obj\usb_hcd.o
 .text.HCD_GetHCState
                0x00000000       0x24 ..\obj\usb_hcd.o
 .text.HCD_HC_Init
                0x00000000       0x24 ..\obj\usb_hcd.o
 .text          0x00000000        0x0 ..\obj\usbh_msc_bot.o
 .data          0x00000000        0x0 ..\obj\usbh_msc_bot.o
 .text          0x00000000        0x0 ..\obj\stm32f4xx_exti.o
 .data          0x00000000        0x0 ..\obj\stm32f4xx_exti.o
 .bss           0x00000000        0x0 ..\obj\stm32f4xx_exti.o
 .text.EXTI_DeInit
                0x00000000       0x54 ..\obj\stm32f4xx_exti.o
 .text.EXTI_Init
                0x00000000      0x138 ..\obj\stm32f4xx_exti.o
 .text.EXTI_StructInit
                0x00000000       0x34 ..\obj\stm32f4xx_exti.o
 .text.EXTI_GenerateSWInterrupt
                0x00000000       0x2c ..\obj\stm32f4xx_exti.o
 .text.EXTI_GetFlagStatus
                0x00000000       0x3c ..\obj\stm32f4xx_exti.o
 .text.EXTI_ClearFlag
                0x00000000       0x20 ..\obj\stm32f4xx_exti.o
 .text.EXTI_GetITStatus
                0x00000000       0x58 ..\obj\stm32f4xx_exti.o
 .text.EXTI_ClearITPendingBit
                0x00000000       0x20 ..\obj\stm32f4xx_exti.o
 .debug_info    0x00000000      0x373 ..\obj\stm32f4xx_exti.o
 .debug_abbrev  0x00000000      0x1a7 ..\obj\stm32f4xx_exti.o
 .debug_loc     0x00000000      0x1b4 ..\obj\stm32f4xx_exti.o
 .debug_aranges
                0x00000000       0x58 ..\obj\stm32f4xx_exti.o
 .debug_ranges  0x00000000       0x48 ..\obj\stm32f4xx_exti.o
 .debug_line    0x00000000      0x2c4 ..\obj\stm32f4xx_exti.o
 .debug_str     0x00000000      0x324 ..\obj\stm32f4xx_exti.o
 .comment       0x00000000       0x71 ..\obj\stm32f4xx_exti.o
 .ARM.attributes
                0x00000000       0x33 ..\obj\stm32f4xx_exti.o
 .debug_frame   0x00000000       0xec ..\obj\stm32f4xx_exti.o
 .text          0x00000000        0x0 ..\obj\usbh_ioreq.o
 .data          0x00000000        0x0 ..\obj\usbh_ioreq.o
 .bss           0x00000000        0x0 ..\obj\usbh_ioreq.o
 .text.USBH_InterruptReceiveData
                0x00000000       0xd0 ..\obj\usbh_ioreq.o
 .text.USBH_InterruptSendData
                0x00000000       0xd0 ..\obj\usbh_ioreq.o
 .text          0x00000000        0x0 ..\obj\misc.o
 .data          0x00000000        0x0 ..\obj\misc.o
 .bss           0x00000000        0x0 ..\obj\misc.o
 .text.NVIC_SetVectorTable
                0x00000000       0x2c ..\obj\misc.o
 .text.NVIC_SystemLPConfig
                0x00000000       0x54 ..\obj\misc.o
 .text.SysTick_CLKSourceConfig
                0x00000000       0x4c ..\obj\misc.o
 .text          0x00000000        0x0 ..\obj\stm32f4xx_tim.o
 .data          0x00000000        0x0 ..\obj\stm32f4xx_tim.o
 .bss           0x00000000        0x0 ..\obj\stm32f4xx_tim.o
 .text.TIM_DeInit
                0x00000000      0x238 ..\obj\stm32f4xx_tim.o
 .text.TIM_TimeBaseInit
                0x00000000       0xf4 ..\obj\stm32f4xx_tim.o
 .text.TIM_TimeBaseStructInit
                0x00000000       0x3c ..\obj\stm32f4xx_tim.o
 .text.TIM_PrescalerConfig
                0x00000000       0x28 ..\obj\stm32f4xx_tim.o
 .text.TIM_CounterModeConfig
                0x00000000       0x38 ..\obj\stm32f4xx_tim.o
 .text.TIM_SetCounter
                0x00000000       0x1c ..\obj\stm32f4xx_tim.o
 .text.TIM_SetAutoreload
                0x00000000       0x1c ..\obj\stm32f4xx_tim.o
 .text.TIM_GetCounter
                0x00000000       0x18 ..\obj\stm32f4xx_tim.o
 .text.TIM_GetPrescaler
                0x00000000       0x1c ..\obj\stm32f4xx_tim.o
 .text.TIM_UpdateDisableConfig
                0x00000000       0x40 ..\obj\stm32f4xx_tim.o
 .text.TIM_UpdateRequestConfig
                0x00000000       0x40 ..\obj\stm32f4xx_tim.o
 .text.TIM_ARRPreloadConfig
                0x00000000       0x40 ..\obj\stm32f4xx_tim.o
 .text.TIM_SelectOnePulseMode
                0x00000000       0x38 ..\obj\stm32f4xx_tim.o
 .text.TIM_SetClockDivision
                0x00000000       0x38 ..\obj\stm32f4xx_tim.o
 .text.TIM_Cmd  0x00000000       0x40 ..\obj\stm32f4xx_tim.o
 .text.TIM_OC1Init
                0x00000000       0xfc ..\obj\stm32f4xx_tim.o
 .text.TIM_OC2Init
                0x00000000      0x128 ..\obj\stm32f4xx_tim.o
 .text.TIM_OC3Init
                0x00000000      0x120 ..\obj\stm32f4xx_tim.o
 .text.TIM_OC4Init
                0x00000000       0xe0 ..\obj\stm32f4xx_tim.o
 .text.TIM_OCStructInit
                0x00000000       0x54 ..\obj\stm32f4xx_tim.o
 .text.TIM_SelectOCxM
                0x00000000       0xc0 ..\obj\stm32f4xx_tim.o
 .text.TIM_SetCompare1
                0x00000000       0x1c ..\obj\stm32f4xx_tim.o
 .text.TIM_SetCompare2
                0x00000000       0x1c ..\obj\stm32f4xx_tim.o
 .text.TIM_SetCompare3
                0x00000000       0x1c ..\obj\stm32f4xx_tim.o
 .text.TIM_SetCompare4
                0x00000000       0x1c ..\obj\stm32f4xx_tim.o
 .text.TIM_ForcedOC1Config
                0x00000000       0x38 ..\obj\stm32f4xx_tim.o
 .text.TIM_ForcedOC2Config
                0x00000000       0x40 ..\obj\stm32f4xx_tim.o
 .text.TIM_ForcedOC3Config
                0x00000000       0x38 ..\obj\stm32f4xx_tim.o
 .text.TIM_ForcedOC4Config
                0x00000000       0x40 ..\obj\stm32f4xx_tim.o
 .text.TIM_OC1PreloadConfig
                0x00000000       0x38 ..\obj\stm32f4xx_tim.o
 .text.TIM_OC2PreloadConfig
                0x00000000       0x40 ..\obj\stm32f4xx_tim.o
 .text.TIM_OC3PreloadConfig
                0x00000000       0x38 ..\obj\stm32f4xx_tim.o
 .text.TIM_OC4PreloadConfig
                0x00000000       0x40 ..\obj\stm32f4xx_tim.o
 .text.TIM_OC1FastConfig
                0x00000000       0x38 ..\obj\stm32f4xx_tim.o
 .text.TIM_OC2FastConfig
                0x00000000       0x40 ..\obj\stm32f4xx_tim.o
 .text.TIM_OC3FastConfig
                0x00000000       0x38 ..\obj\stm32f4xx_tim.o
 .text.TIM_OC4FastConfig
                0x00000000       0x40 ..\obj\stm32f4xx_tim.o
 .text.TIM_ClearOC1Ref
                0x00000000       0x38 ..\obj\stm32f4xx_tim.o
 .text.TIM_ClearOC2Ref
                0x00000000       0x44 ..\obj\stm32f4xx_tim.o
 .text.TIM_ClearOC3Ref
                0x00000000       0x38 ..\obj\stm32f4xx_tim.o
 .text.TIM_ClearOC4Ref
                0x00000000       0x44 ..\obj\stm32f4xx_tim.o
 .text.TIM_OC1PolarityConfig
                0x00000000       0x38 ..\obj\stm32f4xx_tim.o
 .text.TIM_OC1NPolarityConfig
                0x00000000       0x38 ..\obj\stm32f4xx_tim.o
 .text.TIM_OC2PolarityConfig
                0x00000000       0x40 ..\obj\stm32f4xx_tim.o
 .text.TIM_OC2NPolarityConfig
                0x00000000       0x40 ..\obj\stm32f4xx_tim.o
 .text.TIM_OC3PolarityConfig
                0x00000000       0x40 ..\obj\stm32f4xx_tim.o
 .text.TIM_OC3NPolarityConfig
                0x00000000       0x40 ..\obj\stm32f4xx_tim.o
 .text.TIM_OC4PolarityConfig
                0x00000000       0x40 ..\obj\stm32f4xx_tim.o
 .text.TIM_CCxCmd
                0x00000000       0x5c ..\obj\stm32f4xx_tim.o
 .text.TIM_CCxNCmd
                0x00000000       0x5c ..\obj\stm32f4xx_tim.o
 .text.TIM_ICInit
                0x00000000       0xa8 ..\obj\stm32f4xx_tim.o
 .text.TIM_ICStructInit
                0x00000000       0x3c ..\obj\stm32f4xx_tim.o
 .text.TIM_PWMIConfig
                0x00000000       0xc4 ..\obj\stm32f4xx_tim.o
 .text.TIM_GetCapture1
                0x00000000       0x18 ..\obj\stm32f4xx_tim.o
 .text.TIM_GetCapture2
                0x00000000       0x18 ..\obj\stm32f4xx_tim.o
 .text.TIM_GetCapture3
                0x00000000       0x18 ..\obj\stm32f4xx_tim.o
 .text.TIM_GetCapture4
                0x00000000       0x18 ..\obj\stm32f4xx_tim.o
 .text.TIM_SetIC1Prescaler
                0x00000000       0x38 ..\obj\stm32f4xx_tim.o
 .text.TIM_SetIC2Prescaler
                0x00000000       0x3c ..\obj\stm32f4xx_tim.o
 .text.TIM_SetIC3Prescaler
                0x00000000       0x38 ..\obj\stm32f4xx_tim.o
 .text.TIM_SetIC4Prescaler
                0x00000000       0x3c ..\obj\stm32f4xx_tim.o
 .text.TIM_BDTRConfig
                0x00000000       0x50 ..\obj\stm32f4xx_tim.o
 .text.TIM_BDTRStructInit
                0x00000000       0x4c ..\obj\stm32f4xx_tim.o
 .text.TIM_CtrlPWMOutputs
                0x00000000       0x50 ..\obj\stm32f4xx_tim.o
 .text.TIM_SelectCOM
                0x00000000       0x40 ..\obj\stm32f4xx_tim.o
 .text.TIM_CCPreloadControl
                0x00000000       0x40 ..\obj\stm32f4xx_tim.o
 .text.TIM_ITConfig
                0x00000000       0x48 ..\obj\stm32f4xx_tim.o
 .text.TIM_GenerateEvent
                0x00000000       0x1c ..\obj\stm32f4xx_tim.o
 .text.TIM_GetFlagStatus
                0x00000000       0x40 ..\obj\stm32f4xx_tim.o
 .text.TIM_ClearFlag
                0x00000000       0x24 ..\obj\stm32f4xx_tim.o
 .text.TIM_GetITStatus
                0x00000000       0x60 ..\obj\stm32f4xx_tim.o
 .text.TIM_ClearITPendingBit
                0x00000000       0x24 ..\obj\stm32f4xx_tim.o
 .text.TIM_DMAConfig
                0x00000000       0x28 ..\obj\stm32f4xx_tim.o
 .text.TIM_DMACmd
                0x00000000       0x48 ..\obj\stm32f4xx_tim.o
 .text.TIM_SelectCCDMA
                0x00000000       0x40 ..\obj\stm32f4xx_tim.o
 .text.TIM_InternalClockConfig
                0x00000000       0x24 ..\obj\stm32f4xx_tim.o
 .text.TIM_ITRxExternalClockConfig
                0x00000000       0x30 ..\obj\stm32f4xx_tim.o
 .text.TIM_TIxExternalClockConfig
                0x00000000       0x58 ..\obj\stm32f4xx_tim.o
 .text.TIM_ETRClockMode1Config
                0x00000000       0x54 ..\obj\stm32f4xx_tim.o
 .text.TIM_ETRClockMode2Config
                0x00000000       0x34 ..\obj\stm32f4xx_tim.o
 .text.TIM_SelectInputTrigger
                0x00000000       0x38 ..\obj\stm32f4xx_tim.o
 .text.TIM_SelectOutputTrigger
                0x00000000       0x38 ..\obj\stm32f4xx_tim.o
 .text.TIM_SelectSlaveMode
                0x00000000       0x38 ..\obj\stm32f4xx_tim.o
 .text.TIM_SelectMasterSlaveMode
                0x00000000       0x38 ..\obj\stm32f4xx_tim.o
 .text.TIM_ETRConfig
                0x00000000       0x4c ..\obj\stm32f4xx_tim.o
 .text.TIM_EncoderInterfaceConfig
                0x00000000       0x94 ..\obj\stm32f4xx_tim.o
 .text.TIM_SelectHallSensor
                0x00000000       0x40 ..\obj\stm32f4xx_tim.o
 .text.TIM_RemapConfig
                0x00000000       0x20 ..\obj\stm32f4xx_tim.o
 .text.TI1_Config
                0x00000000       0x80 ..\obj\stm32f4xx_tim.o
 .text.TI2_Config
                0x00000000       0x9c ..\obj\stm32f4xx_tim.o
 .text.TI3_Config
                0x00000000       0x8c ..\obj\stm32f4xx_tim.o
 .text.TI4_Config
                0x00000000       0xa4 ..\obj\stm32f4xx_tim.o
 .debug_info    0x00000000     0x1e7d ..\obj\stm32f4xx_tim.o
 .debug_abbrev  0x00000000      0x189 ..\obj\stm32f4xx_tim.o
 .debug_loc     0x00000000     0x1420 ..\obj\stm32f4xx_tim.o
 .debug_aranges
                0x00000000      0x2f8 ..\obj\stm32f4xx_tim.o
 .debug_ranges  0x00000000      0x2e8 ..\obj\stm32f4xx_tim.o
 .debug_line    0x00000000      0xa98 ..\obj\stm32f4xx_tim.o
 .debug_str     0x00000000      0xd86 ..\obj\stm32f4xx_tim.o
 .comment       0x00000000       0x71 ..\obj\stm32f4xx_tim.o
 .ARM.attributes
                0x00000000       0x33 ..\obj\stm32f4xx_tim.o
 .debug_frame   0x00000000      0xa3c ..\obj\stm32f4xx_tim.o
 .text          0x00000000        0x0 ..\obj\usb_hcd_int.o
 .data          0x00000000        0x0 ..\obj\usb_hcd_int.o
 .bss           0x00000000        0x0 ..\obj\usb_hcd_int.o

Memory Configuration

Name             Origin             Length             Attributes
rom              0x08000000         0x00100000         xr
ram              0x20000000         0x00020000         xrw
ram1             0x10000000         0x00010000         xrw
*default*        0x00000000         0xffffffff

Linker script and memory map

                0x20020000                _eram = 0x20020000

.text           0x08000000     0x9e0c
 *(.isr_vector .isr_vector.*)
 .isr_vector    0x08000000      0x188 ..\obj\startup_stm32f4xx.o
                0x08000000                g_pfnVectors
 *(.text .text.* .gnu.linkonce.t.*)
 .text.USB_OTG_EnableCommonInt
                0x08000188       0x44 ..\obj\usb_core.o
 .text.USB_OTG_CoreReset
                0x080001cc       0xa8 ..\obj\usb_core.o
 .text.USB_OTG_WritePacket
                0x08000274       0x84 ..\obj\usb_core.o
                0x08000274                USB_OTG_WritePacket
 .text.USB_OTG_ReadPacket
                0x080002f8       0x68 ..\obj\usb_core.o
                0x080002f8                USB_OTG_ReadPacket
 .text.USB_OTG_SelectCore
                0x08000360      0x1b4 ..\obj\usb_core.o
                0x08000360                USB_OTG_SelectCore
 .text.USB_OTG_CoreInit
                0x08000514      0x1f8 ..\obj\usb_core.o
                0x08000514                USB_OTG_CoreInit
 .text.USB_OTG_EnableGlobalInt
                0x0800070c       0x3c ..\obj\usb_core.o
                0x0800070c                USB_OTG_EnableGlobalInt
 .text.USB_OTG_DisableGlobalInt
                0x08000748       0x40 ..\obj\usb_core.o
                0x08000748                USB_OTG_DisableGlobalInt
 .text.USB_OTG_FlushTxFifo
                0x08000788       0x80 ..\obj\usb_core.o
                0x08000788                USB_OTG_FlushTxFifo
 .text.USB_OTG_FlushRxFifo
                0x08000808       0x6c ..\obj\usb_core.o
                0x08000808                USB_OTG_FlushRxFifo
 .text.USB_OTG_SetCurrentMode
                0x08000874       0x64 ..\obj\usb_core.o
                0x08000874                USB_OTG_SetCurrentMode
 .text.USB_OTG_GetMode
                0x080008d8       0x20 ..\obj\usb_core.o
                0x080008d8                USB_OTG_GetMode
 .text.USB_OTG_IsHostMode
                0x080008f8       0x24 ..\obj\usb_core.o
                0x080008f8                USB_OTG_IsHostMode
 .text.USB_OTG_ReadCoreItr
                0x0800091c       0x30 ..\obj\usb_core.o
                0x0800091c                USB_OTG_ReadCoreItr
 .text.USB_OTG_CoreInitHost
                0x0800094c      0x124 ..\obj\usb_core.o
                0x0800094c                USB_OTG_CoreInitHost
 .text.USB_OTG_IsEvenFrame
                0x08000a70       0x28 ..\obj\usb_core.o
                0x08000a70                USB_OTG_IsEvenFrame
 .text.USB_OTG_DriveVbus
                0x08000a98       0x80 ..\obj\usb_core.o
                0x08000a98                USB_OTG_DriveVbus
 .text.USB_OTG_EnableHostInt
                0x08000b18       0x8c ..\obj\usb_core.o
                0x08000b18                USB_OTG_EnableHostInt
 .text.USB_OTG_InitFSLSPClkSel
                0x08000ba4       0x38 ..\obj\usb_core.o
                0x08000ba4                USB_OTG_InitFSLSPClkSel
 .text.USB_OTG_ReadHPRT0
                0x08000bdc       0x40 ..\obj\usb_core.o
                0x08000bdc                USB_OTG_ReadHPRT0
 .text.USB_OTG_ReadHostAllChannels_intr
                0x08000c1c       0x1c ..\obj\usb_core.o
                0x08000c1c                USB_OTG_ReadHostAllChannels_intr
 .text.USB_OTG_ResetPort
                0x08000c38       0x54 ..\obj\usb_core.o
                0x08000c38                USB_OTG_ResetPort
 .text.USB_OTG_HC_Init
                0x08000c8c      0x2d4 ..\obj\usb_core.o
                0x08000c8c                USB_OTG_HC_Init
 .text.USB_OTG_HC_StartXfer
                0x08000f60      0x308 ..\obj\usb_core.o
                0x08000f60                USB_OTG_HC_StartXfer
 .text.USB_OTG_HC_Halt
                0x08001268       0xac ..\obj\usb_core.o
                0x08001268                USB_OTG_HC_Halt
 .text.USB_OTG_HC_DoPing
                0x08001314       0x88 ..\obj\usb_core.o
                0x08001314                USB_OTG_HC_DoPing
 .text.UB_USB_MSC_HOST_Init
                0x0800139c       0x44 ..\obj\stm32_ub_usb_msc_host.o
                0x0800139c                UB_USB_MSC_HOST_Init
 .text.UB_USB_MSC_HOST_Do
                0x080013e0       0x34 ..\obj\stm32_ub_usb_msc_host.o
                0x080013e0                UB_USB_MSC_HOST_Do
 .text.USBH_Open_Channel
                0x08001414      0x108 ..\obj\usbh_hcs.o
                0x08001414                USBH_Open_Channel
 .text.USBH_Modify_Channel
                0x0800151c       0x9c ..\obj\usbh_hcs.o
                0x0800151c                USBH_Modify_Channel
 .text.USBH_Alloc_Channel
                0x080015b8       0x4c ..\obj\usbh_hcs.o
                0x080015b8                USBH_Alloc_Channel
 .text.USBH_Free_Channel
                0x08001604       0x4c ..\obj\usbh_hcs.o
                0x08001604                USBH_Free_Channel
 .text.USBH_DeAllocate_AllChannel
                0x08001650       0x44 ..\obj\usbh_hcs.o
                0x08001650                USBH_DeAllocate_AllChannel
 .text.USBH_GetFreeChannel
                0x08001694       0x54 ..\obj\usbh_hcs.o
 .text.USBH_Get_DevDesc
                0x080016e8       0x5c ..\obj\usbh_stdreq.o
                0x080016e8                USBH_Get_DevDesc
 .text.USBH_Get_CfgDesc
                0x08001744       0x60 ..\obj\usbh_stdreq.o
                0x08001744                USBH_Get_CfgDesc
 .text.USBH_Get_StringDesc
                0x080017a4       0x5c ..\obj\usbh_stdreq.o
                0x080017a4                USBH_Get_StringDesc
 .text.USBH_GetDescriptor
                0x08001800       0x64 ..\obj\usbh_stdreq.o
                0x08001800                USBH_GetDescriptor
 .text.USBH_SetAddress
                0x08001864       0x54 ..\obj\usbh_stdreq.o
                0x08001864                USBH_SetAddress
 .text.USBH_SetCfg
                0x080018b8       0x50 ..\obj\usbh_stdreq.o
                0x080018b8                USBH_SetCfg
 .text.USBH_ClrFeature
                0x08001908       0x84 ..\obj\usbh_stdreq.o
                0x08001908                USBH_ClrFeature
 .text.USBH_ParseDevDesc
                0x0800198c       0xf0 ..\obj\usbh_stdreq.o
 .text.USBH_ParseCfgDesc
                0x08001a7c      0x160 ..\obj\usbh_stdreq.o
 .text.USBH_ParseInterfaceDesc
                0x08001bdc       0x5c ..\obj\usbh_stdreq.o
 .text.USBH_ParseEPDesc
                0x08001c38       0x5c ..\obj\usbh_stdreq.o
 .text.USBH_ParseStringDesc
                0x08001c94       0x74 ..\obj\usbh_stdreq.o
 .text.USBH_GetNextDesc
                0x08001d08       0x34 ..\obj\usbh_stdreq.o
 .text.usuwanie_plikow
                0x08001d3c      0x128 ..\obj\funkcje.o
                0x08001d3c                usuwanie_plikow
 .text.menu     0x08001e64      0x114 ..\obj\funkcje.o
                0x08001e64                menu
 .text.disk_initialize
                0x08001f78       0x84 ..\obj\diskio.o
                0x08001f78                disk_initialize
 .text.disk_status
                0x08001ffc       0x84 ..\obj\diskio.o
                0x08001ffc                disk_status
 .text.disk_read
                0x08002080       0xa0 ..\obj\diskio.o
                0x08002080                disk_read
 .text.disk_write
                0x08002120       0xa0 ..\obj\diskio.o
                0x08002120                disk_write
 .text.disk_ioctl
                0x080021c0       0x9c ..\obj\diskio.o
                0x080021c0                disk_ioctl
 .text.Default_Reset_Handler
                0x0800225c       0x6c ..\obj\startup_stm32f4xx.o
                0x0800225c                Default_Reset_Handler
                0x0800225c                Reset_Handler
 .text.Default_Handler
                0x080022c8        0x8 ..\obj\startup_stm32f4xx.o
                0x080022c8                RTC_Alarm_IRQHandler
                0x080022c8                HASH_RNG_IRQHandler
                0x080022c8                EXTI2_IRQHandler
                0x080022c8                TIM8_CC_IRQHandler
                0x080022c8                DebugMon_Handler
                0x080022c8                TIM1_CC_IRQHandler
                0x080022c8                DMA2_Stream5_IRQHandler
                0x080022c8                HardFault_Handler
                0x080022c8                DMA1_Stream5_IRQHandler
                0x080022c8                SysTick_Handler
                0x080022c8                PVD_IRQHandler
                0x080022c8                SDIO_IRQHandler
                0x080022c8                TAMP_STAMP_IRQHandler
                0x080022c8                PendSV_Handler
                0x080022c8                NMI_Handler
                0x080022c8                CAN2_RX1_IRQHandler
                0x080022c8                EXTI3_IRQHandler
                0x080022c8                TIM8_TRG_COM_TIM14_IRQHandler
                0x080022c8                TIM1_UP_TIM10_IRQHandler
                0x080022c8                TIM8_UP_TIM13_IRQHandler
                0x080022c8                I2C3_ER_IRQHandler
                0x080022c8                EXTI0_IRQHandler
                0x080022c8                I2C2_EV_IRQHandler
                0x080022c8                DMA1_Stream2_IRQHandler
                0x080022c8                CAN1_RX0_IRQHandler
                0x080022c8                FPU_IRQHandler
                0x080022c8                OTG_HS_WKUP_IRQHandler
                0x080022c8                UsageFault_Handler
                0x080022c8                CAN2_SCE_IRQHandler
                0x080022c8                DMA2_Stream2_IRQHandler
                0x080022c8                SPI1_IRQHandler
                0x080022c8                TIM6_DAC_IRQHandler
                0x080022c8                TIM1_BRK_TIM9_IRQHandler
                0x080022c8                DCMI_IRQHandler
                0x080022c8                CAN2_RX0_IRQHandler
                0x080022c8                DMA2_Stream3_IRQHandler
                0x080022c8                USART6_IRQHandler
                0x080022c8                USART3_IRQHandler
                0x080022c8                CRYP_IRQHandler
                0x080022c8                CAN1_RX1_IRQHandler
                0x080022c8                UART5_IRQHandler
                0x080022c8                DMA2_Stream0_IRQHandler
                0x080022c8                TIM4_IRQHandler
                0x080022c8                I2C1_EV_IRQHandler
                0x080022c8                DMA1_Stream6_IRQHandler
                0x080022c8                DMA1_Stream1_IRQHandler
                0x080022c8                UART4_IRQHandler
                0x080022c8                TIM3_IRQHandler
                0x080022c8                RCC_IRQHandler
                0x080022c8                TIM8_BRK_TIM12_IRQHandler
                0x080022c8                EXTI15_10_IRQHandler
                0x080022c8                ADC_IRQHandler
                0x080022c8                DMA1_Stream7_IRQHandler
                0x080022c8                TIM7_IRQHandler
                0x080022c8                CAN2_TX_IRQHandler
                0x080022c8                TIM5_IRQHandler
                0x080022c8                DMA2_Stream7_IRQHandler
                0x080022c8                I2C3_EV_IRQHandler
                0x080022c8                EXTI9_5_IRQHandler
                0x080022c8                RTC_WKUP_IRQHandler
                0x080022c8                ETH_WKUP_IRQHandler
                0x080022c8                SPI2_IRQHandler
                0x080022c8                OTG_HS_EP1_IN_IRQHandler
                0x080022c8                MemManage_Handler
                0x080022c8                DMA1_Stream0_IRQHandler
                0x080022c8                CAN1_TX_IRQHandler
                0x080022c8                SVC_Handler
                0x080022c8                EXTI4_IRQHandler
                0x080022c8                FSMC_IRQHandler
                0x080022c8                ETH_IRQHandler
                0x080022c8                OTG_HS_EP1_OUT_IRQHandler
                0x080022c8                WWDG_IRQHandler
                0x080022c8                TIM2_IRQHandler
                0x080022c8                OTG_FS_WKUP_IRQHandler
                0x080022c8                TIM1_TRG_COM_TIM11_IRQHandler
                0x080022c8                OTG_HS_IRQHandler
                0x080022c8                EXTI1_IRQHandler
                0x080022c8                USART2_IRQHandler
                0x080022c8                I2C2_ER_IRQHandler
                0x080022c8                DMA2_Stream1_IRQHandler
                0x080022c8                CAN1_SCE_IRQHandler
                0x080022c8                FLASH_IRQHandler
                0x080022c8                DMA2_Stream4_IRQHandler
                0x080022c8                BusFault_Handler
                0x080022c8                USART1_IRQHandler
                0x080022c8                SPI3_IRQHandler
                0x080022c8                DMA1_Stream4_IRQHandler
                0x080022c8                I2C1_ER_IRQHandler
                0x080022c8                DMA2_Stream6_IRQHandler
                0x080022c8                DMA1_Stream3_IRQHandler
 .text.UB_Led_Init
                0x080022d0       0xe4 ..\obj\stm32_ub_led.o
                0x080022d0                UB_Led_Init
 .text.UB_Led_Off
                0x080023b4       0x54 ..\obj\stm32_ub_led.o
                0x080023b4                UB_Led_Off
 .text.UB_Led_On
                0x08002408       0x54 ..\obj\stm32_ub_led.o
                0x08002408                UB_Led_On
 .text.main     0x0800245c        0xc ..\obj\main.o
                0x0800245c                main
 .text.UB_Fatfs_Mount
                0x08002468       0x80 ..\obj\stm32_ub_fatfs.o
                0x08002468                UB_Fatfs_Mount
 .text.UB_Fatfs_UnMount
                0x080024e8       0x4c ..\obj\stm32_ub_fatfs.o
                0x080024e8                UB_Fatfs_UnMount
 .text.RCC_AHB1PeriphClockCmd
                0x08002534       0x54 ..\obj\stm32f4xx_rcc.o
                0x08002534                RCC_AHB1PeriphClockCmd
 .text.RCC_AHB2PeriphClockCmd
                0x08002588       0x54 ..\obj\stm32f4xx_rcc.o
                0x08002588                RCC_AHB2PeriphClockCmd
 .text.initButton
                0x080025dc       0x3c ..\obj\init.o
                0x080025dc                initButton
 .text.USBH_MSC_InterfaceInit
                0x08002618      0x180 ..\obj\usbh_msc_core.o
 .text.USBH_MSC_InterfaceDeInit
                0x08002798       0x94 ..\obj\usbh_msc_core.o
 .text.USBH_MSC_ClassRequest
                0x0800282c       0x2c ..\obj\usbh_msc_core.o
 .text.USBH_MSC_Handle
                0x08002858      0x2f4 ..\obj\usbh_msc_core.o
 .text.USBH_MSC_BOTReset
                0x08002b4c       0x50 ..\obj\usbh_msc_core.o
 .text.USBH_MSC_GETMaxLUN
                0x08002b9c       0x50 ..\obj\usbh_msc_core.o
 .text.USBH_MSC_ErrorHandle
                0x08002bec       0x84 ..\obj\usbh_msc_core.o
                0x08002bec                USBH_MSC_ErrorHandle
 .text.USBH_Connect
                0x08002c70       0x30 ..\obj\usbh_core.o
                0x08002c70                USBH_Connect
 .text.USBH_Disconnect
                0x08002ca0       0x30 ..\obj\usbh_core.o
                0x08002ca0                USBH_Disconnect
 .text.USBH_Init
                0x08002cd0       0x7c ..\obj\usbh_core.o
                0x08002cd0                USBH_Init
 .text.USBH_DeInit
                0x08002d4c       0x74 ..\obj\usbh_core.o
                0x08002d4c                USBH_DeInit
 .text.USBH_Process
                0x08002dc0      0x294 ..\obj\usbh_core.o
                0x08002dc0                USBH_Process
 .text.USBH_ErrorHandle
                0x08003054       0x4c ..\obj\usbh_core.o
                0x08003054                USBH_ErrorHandle
 .text.USBH_HandleEnum
                0x080030a0      0x338 ..\obj\usbh_core.o
 .text.USBH_HandleControl
                0x080033d8      0x3ac ..\obj\usbh_core.o
                0x080033d8                USBH_HandleControl
 .text.MMC_disk_initialize
                0x08003784       0x1c ..\obj\stm32_ub_sdcard.o
                0x08003784                MMC_disk_initialize
 .text.MMC_disk_status
                0x080037a0       0x1c ..\obj\stm32_ub_sdcard.o
                0x080037a0                MMC_disk_status
 .text.MMC_disk_read
                0x080037bc       0x24 ..\obj\stm32_ub_sdcard.o
                0x080037bc                MMC_disk_read
 .text.MMC_disk_write
                0x080037e0       0x24 ..\obj\stm32_ub_sdcard.o
                0x080037e0                MMC_disk_write
 .text.MMC_disk_ioctl
                0x08003804       0x20 ..\obj\stm32_ub_sdcard.o
                0x08003804                MMC_disk_ioctl
 .text.GPIO_Init
                0x08003824      0x144 ..\obj\stm32f4xx_gpio.o
                0x08003824                GPIO_Init
 .text.GPIO_ReadInputDataBit
                0x08003968       0x3c ..\obj\stm32f4xx_gpio.o
                0x08003968                GPIO_ReadInputDataBit
 .text.GPIO_SetBits
                0x080039a4       0x1c ..\obj\stm32f4xx_gpio.o
                0x080039a4                GPIO_SetBits
 .text.GPIO_ResetBits
                0x080039c0       0x1c ..\obj\stm32f4xx_gpio.o
                0x080039c0                GPIO_ResetBits
 .text.GPIO_PinAFConfig
                0x080039dc       0xa8 ..\obj\stm32f4xx_gpio.o
                0x080039dc                GPIO_PinAFConfig
 .text.USB_disk_initialize
                0x08003a84       0x48 ..\obj\stm32_ub_usbdisk.o
                0x08003a84                USB_disk_initialize
 .text.USB_disk_status
                0x08003acc       0x48 ..\obj\stm32_ub_usbdisk.o
                0x08003acc                USB_disk_status
 .text.USB_disk_read
                0x08003b14       0xb0 ..\obj\stm32_ub_usbdisk.o
                0x08003b14                USB_disk_read
 .text.USB_disk_write
                0x08003bc4       0xb0 ..\obj\stm32_ub_usbdisk.o
                0x08003bc4                USB_disk_write
 .text.USB_disk_ioctl
                0x08003c74       0x7c ..\obj\stm32_ub_usbdisk.o
                0x08003c74                USB_disk_ioctl
 .text.USBH_MSC_TestUnitReady
                0x08003cf0      0x17c ..\obj\usbh_msc_scsi.o
                0x08003cf0                USBH_MSC_TestUnitReady
 .text.USBH_MSC_ReadCapacity10
                0x08003e6c      0x1dc ..\obj\usbh_msc_scsi.o
                0x08003e6c                USBH_MSC_ReadCapacity10
 .text.USBH_MSC_ModeSense6
                0x08004048      0x1b8 ..\obj\usbh_msc_scsi.o
                0x08004048                USBH_MSC_ModeSense6
 .text.USBH_MSC_RequestSense
                0x08004200      0x1e4 ..\obj\usbh_msc_scsi.o
                0x08004200                USBH_MSC_RequestSense
 .text.USBH_MSC_Write10
                0x080043e4      0x1b4 ..\obj\usbh_msc_scsi.o
                0x080043e4                USBH_MSC_Write10
 .text.USBH_MSC_Read10
                0x08004598      0x1f4 ..\obj\usbh_msc_scsi.o
                0x08004598                USBH_MSC_Read10
 .text.SystemInit
                0x0800478c       0x94 ..\obj\system_stm32f4xx.o
                0x0800478c                SystemInit
 .text.SetSysClock
                0x08004820      0x188 ..\obj\system_stm32f4xx.o
 .text.USBH_USR_Init
                0x080049a8        0xc ..\obj\usbh_usr.o
                0x080049a8                USBH_USR_Init
 .text.USBH_USR_DeviceAttached
                0x080049b4       0x18 ..\obj\usbh_usr.o
                0x080049b4                USBH_USR_DeviceAttached
 .text.USBH_USR_UnrecoveredError
                0x080049cc       0x18 ..\obj\usbh_usr.o
                0x080049cc                USBH_USR_UnrecoveredError
 .text.USBH_USR_DeviceDisconnected
                0x080049e4       0x18 ..\obj\usbh_usr.o
                0x080049e4                USBH_USR_DeviceDisconnected
 .text.USBH_USR_ResetDevice
                0x080049fc        0xc ..\obj\usbh_usr.o
                0x080049fc                USBH_USR_ResetDevice
 .text.USBH_USR_DeviceSpeedDetected
                0x08004a08       0x30 ..\obj\usbh_usr.o
                0x08004a08                USBH_USR_DeviceSpeedDetected
 .text.USBH_USR_Device_DescAvailable
                0x08004a38       0x14 ..\obj\usbh_usr.o
                0x08004a38                USBH_USR_Device_DescAvailable
 .text.USBH_USR_DeviceAddressAssigned
                0x08004a4c        0xc ..\obj\usbh_usr.o
                0x08004a4c                USBH_USR_DeviceAddressAssigned
 .text.USBH_USR_Configuration_DescAvailable
                0x08004a58       0x18 ..\obj\usbh_usr.o
                0x08004a58                USBH_USR_Configuration_DescAvailable
 .text.USBH_USR_Manufacturer_String
                0x08004a70       0x14 ..\obj\usbh_usr.o
                0x08004a70                USBH_USR_Manufacturer_String
 .text.USBH_USR_Product_String
                0x08004a84       0x14 ..\obj\usbh_usr.o
                0x08004a84                USBH_USR_Product_String
 .text.USBH_USR_SerialNum_String
                0x08004a98       0x14 ..\obj\usbh_usr.o
                0x08004a98                USBH_USR_SerialNum_String
 .text.USBH_USR_EnumerationDone
                0x08004aac        0xc ..\obj\usbh_usr.o
                0x08004aac                USBH_USR_EnumerationDone
 .text.USBH_USR_DeviceNotSupported
                0x08004ab8       0x18 ..\obj\usbh_usr.o
                0x08004ab8                USBH_USR_DeviceNotSupported
 .text.USBH_USR_UserInput
                0x08004ad0       0x10 ..\obj\usbh_usr.o
                0x08004ad0                USBH_USR_UserInput
 .text.USBH_USR_OverCurrentDetected
                0x08004ae0       0x18 ..\obj\usbh_usr.o
                0x08004ae0                USBH_USR_OverCurrentDetected
 .text.USBH_USR_MSC_Application
                0x08004af8       0x64 ..\obj\usbh_usr.o
                0x08004af8                USBH_USR_MSC_Application
 .text.USBH_USR_DeInit
                0x08004b5c       0x18 ..\obj\usbh_usr.o
                0x08004b5c                USBH_USR_DeInit
 .text.ff_convert
                0x08004b74       0x88 ..\obj\ccsbcs.o
                0x08004b74                ff_convert
 .text.ff_wtoupper
                0x08004bfc       0x70 ..\obj\ccsbcs.o
                0x08004bfc                ff_wtoupper
 .text.USB_OTG_BSP_Init
                0x08004c6c       0xd4 ..\obj\usb_bsp.o
                0x08004c6c                USB_OTG_BSP_Init
 .text.USB_OTG_BSP_EnableInterrupt
                0x08004d40       0x3c ..\obj\usb_bsp.o
                0x08004d40                USB_OTG_BSP_EnableInterrupt
 .text.USB_OTG_BSP_DriveVBUS
                0x08004d7c       0x3c ..\obj\usb_bsp.o
                0x08004d7c                USB_OTG_BSP_DriveVBUS
 .text.USB_OTG_BSP_ConfigVBUS
                0x08004db8       0x64 ..\obj\usb_bsp.o
                0x08004db8                USB_OTG_BSP_ConfigVBUS
 .text.USB_OTG_BSP_uDelay
                0x08004e1c       0x58 ..\obj\usb_bsp.o
                0x08004e1c                USB_OTG_BSP_uDelay
 .text.USB_OTG_BSP_mDelay
                0x08004e74       0x20 ..\obj\usb_bsp.o
                0x08004e74                USB_OTG_BSP_mDelay
 .text.OTG_FS_IRQHandler
                0x08004e94       0x14 ..\obj\usb_bsp.o
                0x08004e94                OTG_FS_IRQHandler
 .text.ATA_disk_initialize
                0x08004ea8       0x1c ..\obj\stm32_ub_atadrive.o
                0x08004ea8                ATA_disk_initialize
 .text.ATA_disk_status
                0x08004ec4       0x1c ..\obj\stm32_ub_atadrive.o
                0x08004ec4                ATA_disk_status
 .text.ATA_disk_read
                0x08004ee0       0x24 ..\obj\stm32_ub_atadrive.o
                0x08004ee0                ATA_disk_read
 .text.ATA_disk_write
                0x08004f04       0x24 ..\obj\stm32_ub_atadrive.o
                0x08004f04                ATA_disk_write
 .text.ATA_disk_ioctl
                0x08004f28       0x20 ..\obj\stm32_ub_atadrive.o
                0x08004f28                ATA_disk_ioctl
 .text.mem_cpy  0x08004f48       0x50 ..\obj\ff.o
 .text.mem_set  0x08004f98       0x44 ..\obj\ff.o
 .text.mem_cmp  0x08004fdc       0x70 ..\obj\ff.o
 .text.chk_chr  0x0800504c       0x38 ..\obj\ff.o
 .text.sync_window
                0x08005084       0xa4 ..\obj\ff.o
 .text.move_window
                0x08005128       0x60 ..\obj\ff.o
 .text.sync_fs  0x08005188      0x17c ..\obj\ff.o
 .text.clust2sect
                0x08005304       0x44 ..\obj\ff.o
                0x08005304                clust2sect
 .text.get_fat  0x08005348      0x1a4 ..\obj\ff.o
                0x08005348                get_fat
 .text.put_fat  0x080054ec      0x268 ..\obj\ff.o
                0x080054ec                put_fat
 .text.remove_chain
                0x08005754       0xb0 ..\obj\ff.o
 .text.create_chain
                0x08005804      0x12c ..\obj\ff.o
 .text.dir_sdi  0x08005930      0x11c ..\obj\ff.o
 .text.dir_next
                0x08005a4c      0x1d8 ..\obj\ff.o
 .text.ld_clust
                0x08005c24       0x64 ..\obj\ff.o
 .text.cmp_lfn  0x08005c88      0x100 ..\obj\ff.o
 .text.pick_lfn
                0x08005d88       0xf0 ..\obj\ff.o
 .text.sum_sfn  0x08005e78       0x50 ..\obj\ff.o
 .text.dir_find
                0x08005ec8      0x170 ..\obj\ff.o
 .text.dir_read
                0x08006038      0x150 ..\obj\ff.o
 .text.dir_remove
                0x08006188       0xa0 ..\obj\ff.o
 .text.create_name
                0x08006228      0x3c4 ..\obj\ff.o
 .text.get_fileinfo
                0x080065ec      0x234 ..\obj\ff.o
 .text.follow_path
                0x08006820       0xe4 ..\obj\ff.o
 .text.check_fs
                0x08006904       0xe8 ..\obj\ff.o
 .text.chk_mounted
                0x080069ec      0x60c ..\obj\ff.o
 .text.validate
                0x08006ff8       0x64 ..\obj\ff.o
 .text.f_mount  0x0800705c       0x64 ..\obj\ff.o
                0x0800705c                f_mount
 .text.f_opendir
                0x080070c0       0xe0 ..\obj\ff.o
                0x080070c0                f_opendir
 .text.f_readdir
                0x080071a0       0xa4 ..\obj\ff.o
                0x080071a0                f_readdir
 .text.f_getfree
                0x08007244      0x1c4 ..\obj\ff.o
                0x08007244                f_getfree
 .text.f_unlink
                0x08007408      0x17c ..\obj\ff.o
                0x08007408                f_unlink
 .text.HCD_Init
                0x08007584       0xa8 ..\obj\usb_hcd.o
                0x08007584                HCD_Init
 .text.HCD_GetCurrentSpeed
                0x0800762c       0x28 ..\obj\usb_hcd.o
                0x0800762c                HCD_GetCurrentSpeed
 .text.HCD_ResetPort
                0x08007654       0x1c ..\obj\usb_hcd.o
                0x08007654                HCD_ResetPort
 .text.HCD_IsDeviceConnected
                0x08007670       0x1c ..\obj\usb_hcd.o
                0x08007670                HCD_IsDeviceConnected
 .text.HCD_GetCurrentFrame
                0x0800768c       0x24 ..\obj\usb_hcd.o
                0x0800768c                HCD_GetCurrentFrame
 .text.HCD_GetURB_State
                0x080076b0       0x24 ..\obj\usb_hcd.o
                0x080076b0                HCD_GetURB_State
 .text.HCD_GetXferCnt
                0x080076d4       0x24 ..\obj\usb_hcd.o
                0x080076d4                HCD_GetXferCnt
 .text.HCD_SubmitRequest
                0x080076f8       0x44 ..\obj\usb_hcd.o
                0x080076f8                HCD_SubmitRequest
 .text.USBH_MSC_Init
                0x0800773c       0x78 ..\obj\usbh_msc_bot.o
                0x0800773c                USBH_MSC_Init
 .text.USBH_MSC_HandleBOTXfer
                0x080077b4      0x5e4 ..\obj\usbh_msc_bot.o
                0x080077b4                USBH_MSC_HandleBOTXfer
 .text.USBH_MSC_BOT_Abort
                0x08007d98       0xa0 ..\obj\usbh_msc_bot.o
                0x08007d98                USBH_MSC_BOT_Abort
 .text.USBH_MSC_DecodeCSW
                0x08007e38       0xd4 ..\obj\usbh_msc_bot.o
                0x08007e38                USBH_MSC_DecodeCSW
 .text.USBH_CtlReq
                0x08007f0c       0xa8 ..\obj\usbh_ioreq.o
                0x08007f0c                USBH_CtlReq
 .text.USBH_CtlSendSetup
                0x08007fb4       0x7c ..\obj\usbh_ioreq.o
                0x08007fb4                USBH_CtlSendSetup
 .text.USBH_CtlSendData
                0x08008030       0xc4 ..\obj\usbh_ioreq.o
                0x08008030                USBH_CtlSendData
 .text.USBH_CtlReceiveData
                0x080080f4       0x7c ..\obj\usbh_ioreq.o
                0x080080f4                USBH_CtlReceiveData
 .text.USBH_BulkSendData
                0x08008170       0xa8 ..\obj\usbh_ioreq.o
                0x08008170                USBH_BulkSendData
 .text.USBH_BulkReceiveData
                0x08008218       0xa8 ..\obj\usbh_ioreq.o
                0x08008218                USBH_BulkReceiveData
 .text.USBH_SubmitSetupRequest
                0x080082c0       0x44 ..\obj\usbh_ioreq.o
 .text.NVIC_PriorityGroupConfig
                0x08008304       0x28 ..\obj\misc.o
                0x08008304                NVIC_PriorityGroupConfig
 .text.NVIC_Init
                0x0800832c       0xe4 ..\obj\misc.o
                0x0800832c                NVIC_Init
 .text.USBH_OTG_ISR_Handler
                0x08008410      0x114 ..\obj\usb_hcd_int.o
                0x08008410                USBH_OTG_ISR_Handler
 .text.USB_OTG_USBH_handle_hc_ISR
                0x08008524       0x9c ..\obj\usb_hcd_int.o
 .text.USB_OTG_USBH_handle_sof_ISR
                0x080085c0       0x30 ..\obj\usb_hcd_int.o
 .text.USB_OTG_USBH_handle_Disconnect_ISR
                0x080085f0       0x44 ..\obj\usb_hcd_int.o
 .text.USB_OTG_USBH_handle_nptxfempty_ISR
                0x08008634      0x1b0 ..\obj\usb_hcd_int.o
 .text.USB_OTG_USBH_handle_ptxfempty_ISR
                0x080087e4      0x1b0 ..\obj\usb_hcd_int.o
 .text.USB_OTG_USBH_handle_port_ISR
                0x08008994      0x180 ..\obj\usb_hcd_int.o
 .text.USB_OTG_USBH_handle_hc_n_Out_ISR
                0x08008b14      0x560 ..\obj\usb_hcd_int.o
 .text.USB_OTG_USBH_handle_hc_n_In_ISR
                0x08009074      0x60c ..\obj\usb_hcd_int.o
 .text.USB_OTG_USBH_handle_rx_qlvl_ISR
                0x08009680      0x1c8 ..\obj\usb_hcd_int.o
 .text.USB_OTG_USBH_handle_IncompletePeriodicXfer_ISR
                0x08009848       0x54 ..\obj\usb_hcd_int.o
 *(.glue_7t)
 .glue_7t       0x00000000        0x0 linker stubs
 *(.glue_7)
 .glue_7        0x00000000        0x0 linker stubs
 *(.rodata .rodata* .gnu.linkonce.r.*)
 .rodata        0x0800989c        0x4 ..\obj\funkcje.o
 .rodata        0x080098a0        0x4 ..\obj\stm32_ub_fatfs.o
 .rodata        0x080098a4        0x4 ..\obj\usbh_core.o
 .rodata        0x080098a8      0x4c0 ..\obj\ccsbcs.o
 .rodata        0x08009d68       0xa4 ..\obj\ff.o

.vfp11_veneer   0x08009e0c        0x0
 .vfp11_veneer  0x00000000        0x0 linker stubs

.v4_bx          0x08009e0c        0x0
 .v4_bx         0x00000000        0x0 linker stubs

.iplt           0x08009e0c        0x0
 .iplt          0x00000000        0x0 ..\obj\usb_core.o

.rel.dyn        0x08009e0c        0x0
 .rel.iplt      0x00000000        0x0 ..\obj\usb_core.o

.ARM.extab
 *(.ARM.extab* .gnu.linkonce.armextab.*)
                0x08009e0c                __exidx_start = .

.ARM.exidx
 *(.ARM.exidx* .gnu.linkonce.armexidx.*)
                0x08009e0c                __exidx_end = .
                0x08009e0c                . = ALIGN (0x4)
                0x08009e0c                _etext = .
                0x08009e0c                _sidata = .

.data           0x20000000       0xb8 load address 0x08009e0c
                0x20000000                _sdata = .
 *(.data .data.*)
 .data          0x20000000       0x50 ..\obj\stm32_ub_led.o
                0x20000000                LED
 .data          0x20000050       0x10 ..\obj\usbh_msc_core.o
                0x20000050                USBH_MSC_cb
 .data          0x20000060        0xc ..\obj\usbh_core.o
                0x20000060                USBH_DeviceConnStatus_cb
 .data          0x2000006c        0x1 ..\obj\usbh_msc_scsi.o
 *fill*         0x2000006d        0x3 00
 .data          0x20000070       0x48 ..\obj\usbh_usr.o
                0x20000070                USR_Callbacks
                0x200000b8                . = ALIGN (0x4)
                0x200000b8                _edata = .

.igot.plt       0x200000b8        0x0 load address 0x08009ec4
 .igot.plt      0x00000000        0x0 ..\obj\usb_core.o

.bss            0x200000b8     0x1530 load address 0x08009ec4
                0x200000b8                _sbss = .
 *(.bss .bss.*)
 .bss           0x200000b8      0x234 ..\obj\stm32_ub_fatfs.o
 .bss           0x200002ec        0x2 ..\obj\usbh_msc_core.o
                0x200002ec                MSCErrorCount
 .bss           0x200002ee        0x2 ..\obj\usbh_core.o
 .bss           0x200002f0        0x1 ..\obj\usbh_usr.o
 *fill*         0x200002f1        0x3 00
 .bss           0x200002f4      0x208 ..\obj\ff.o
 .bss           0x200004fc       0x10 ..\obj\usbh_msc_bot.o
 *(COMMON)
 COMMON         0x2000050c      0x538 ..\obj\stm32_ub_usb_msc_host.o
                0x2000050c                USB_MSC_HOST_STATUS
                0x20000510                USB_OTG_Core
                0x200009c0                USB_Host
 COMMON         0x20000a44      0x700 ..\obj\funkcje.o
                0x20000a44                sBuffer2Write
                0x20000e44                lfnBuffer
                0x20001044                sBuffer
 COMMON         0x20001144       0x54 ..\obj\usbh_msc_core.o
                0x20001144                MSC_Machine
                0x20001190                MSC_Setup
 COMMON         0x20001198      0x410 ..\obj\usbh_msc_scsi.o
                0x20001198                USBH_DataInBuffer
                0x20001398                USBH_MSC_Param
                0x200013a8                USBH_DataOutBuffer
 COMMON         0x200015a8       0x40 ..\obj\usbh_msc_bot.o
                0x200015a8                USBH_MSC_CSWData
                0x200015b8                USBH_MSC_BOTXferParam
                0x200015c8                USBH_MSC_CBWData
                0x200015e8                . = ALIGN (0x4)
                0x200015e8                _ebss = .

.co_stack       0x200015e8      0x800 load address 0x0800b3f4
                0x200015e8                . = ALIGN (0x8)
 *(.co_stack .co_stack.*)
 .co_stack      0x200015e8      0x800 ..\obj\startup_stm32f4xx.o
                0x200015e8                pulStack
                0x20001de8                . = ALIGN (0x4)
                0x20001de8                _end = .
LOAD ..\obj\usb_core.o
LOAD ..\obj\stm32_ub_usb_msc_host.o
LOAD ..\obj\usbh_hcs.o
LOAD ..\obj\usbh_stdreq.o
LOAD ..\obj\funkcje.o
LOAD ..\obj\diskio.o
LOAD ..\obj\startup_stm32f4xx.o
LOAD ..\obj\stm32_ub_led.o
LOAD ..\obj\main.o
LOAD ..\obj\stm32_ub_fatfs.o
LOAD ..\obj\stm32f4xx_rcc.o
LOAD ..\obj\init.o
LOAD ..\obj\usbh_msc_core.o
LOAD ..\obj\usbh_core.o
LOAD ..\obj\stm32_ub_sdcard.o
LOAD ..\obj\stm32f4xx_gpio.o
LOAD ..\obj\stm32_ub_usbdisk.o
LOAD ..\obj\usbh_msc_scsi.o
LOAD ..\obj\system_stm32f4xx.o
LOAD ..\obj\syscalls.o
LOAD ..\obj\usbh_usr.o
LOAD ..\obj\ccsbcs.o
LOAD ..\obj\usb_bsp.o
LOAD ..\obj\stm32_ub_atadrive.o
LOAD ..\obj\ff.o
LOAD ..\obj\usb_hcd.o
LOAD ..\obj\usbh_msc_bot.o
LOAD ..\obj\stm32f4xx_exti.o
LOAD ..\obj\usbh_ioreq.o
LOAD ..\obj\misc.o
LOAD ..\obj\stm32f4xx_tim.o
LOAD ..\obj\usb_hcd_int.o
START GROUP
LOAD c:/program files (x86)/gnu tools arm embedded/4.7 2013q3/bin/../lib/gcc/arm-none-eabi/4.7.4/armv7e-m\libgcc.a
LOAD c:/program files (x86)/gnu tools arm embedded/4.7 2013q3/bin/../lib/gcc/arm-none-eabi/4.7.4/../../../../arm-none-eabi/lib/armv7e-m\libg.a
LOAD c:/program files (x86)/gnu tools arm embedded/4.7 2013q3/bin/../lib/gcc/arm-none-eabi/4.7.4/../../../../arm-none-eabi/lib/armv7e-m\libc.a
END GROUP
OUTPUT(STM32F4_PenDriveProject_KWPS.elf elf32-littlearm)

.debug_info     0x00000000    0x1867f
 .debug_info    0x00000000     0x22d0 ..\obj\usb_core.o
 .debug_info    0x000022d0     0x1457 ..\obj\stm32_ub_usb_msc_host.o
 .debug_info    0x00003727      0xc23 ..\obj\usbh_hcs.o
 .debug_info    0x0000434a     0x1880 ..\obj\usbh_stdreq.o
 .debug_info    0x00005bca      0x6b9 ..\obj\funkcje.o
 .debug_info    0x00006283      0x350 ..\obj\diskio.o
 .debug_info    0x000065d3      0x103 ..\obj\startup_stm32f4xx.o
 .debug_info    0x000066d6      0x441 ..\obj\stm32_ub_led.o
 .debug_info    0x00006b17       0x3c ..\obj\main.o
 .debug_info    0x00006b53      0x8c7 ..\obj\stm32_ub_fatfs.o
 .debug_info    0x0000741a      0xd49 ..\obj\stm32f4xx_rcc.o
 .debug_info    0x00008163      0x820 ..\obj\init.o
 .debug_info    0x00008983     0x1785 ..\obj\usbh_msc_core.o
 .debug_info    0x0000a108     0x162a ..\obj\usbh_core.o
 .debug_info    0x0000b732      0x260 ..\obj\stm32_ub_sdcard.o
 .debug_info    0x0000b992      0x640 ..\obj\stm32f4xx_gpio.o
 .debug_info    0x0000bfd2     0x166f ..\obj\stm32_ub_usbdisk.o
 .debug_info    0x0000d641      0xf9e ..\obj\usbh_msc_scsi.o
 .debug_info    0x0000e5df      0x5f5 ..\obj\system_stm32f4xx.o
 .debug_info    0x0000ebd4      0x6fd ..\obj\usbh_usr.o
 .debug_info    0x0000f2d1      0x167 ..\obj\ccsbcs.o
 .debug_info    0x0000f438     0x1019 ..\obj\usb_bsp.o
 .debug_info    0x00010451      0x260 ..\obj\stm32_ub_atadrive.o
 .debug_info    0x000106b1     0x1eb7 ..\obj\ff.o
 .debug_info    0x00012568      0xda9 ..\obj\usb_hcd.o
 .debug_info    0x00013311     0x181b ..\obj\usbh_msc_bot.o
 .debug_info    0x00014b2c     0x168d ..\obj\usbh_ioreq.o
 .debug_info    0x000161b9      0x592 ..\obj\misc.o
 .debug_info    0x0001674b     0x1f34 ..\obj\usb_hcd_int.o

.debug_abbrev   0x00000000     0x2aa0
 .debug_abbrev  0x00000000      0x2c8 ..\obj\usb_core.o
 .debug_abbrev  0x000002c8      0x17c ..\obj\stm32_ub_usb_msc_host.o
 .debug_abbrev  0x00000444      0x161 ..\obj\usbh_hcs.o
 .debug_abbrev  0x000005a5      0x229 ..\obj\usbh_stdreq.o
 .debug_abbrev  0x000007ce      0x15a ..\obj\funkcje.o
 .debug_abbrev  0x00000928      0x14a ..\obj\diskio.o
 .debug_abbrev  0x00000a72       0xb2 ..\obj\startup_stm32f4xx.o
 .debug_abbrev  0x00000b24      0x14b ..\obj\stm32_ub_led.o
 .debug_abbrev  0x00000c6f       0x2c ..\obj\main.o
 .debug_abbrev  0x00000c9b      0x1a7 ..\obj\stm32_ub_fatfs.o
 .debug_abbrev  0x00000e42      0x1e5 ..\obj\stm32f4xx_rcc.o
 .debug_abbrev  0x00001027      0x10e ..\obj\init.o
 .debug_abbrev  0x00001135      0x1f5 ..\obj\usbh_msc_core.o
 .debug_abbrev  0x0000132a      0x213 ..\obj\usbh_core.o
 .debug_abbrev  0x0000153d       0xc7 ..\obj\stm32_ub_sdcard.o
 .debug_abbrev  0x00001604      0x1a5 ..\obj\stm32f4xx_gpio.o
 .debug_abbrev  0x000017a9      0x1ce ..\obj\stm32_ub_usbdisk.o
 .debug_abbrev  0x00001977      0x18e ..\obj\usbh_msc_scsi.o
 .debug_abbrev  0x00001b05      0x138 ..\obj\system_stm32f4xx.o
 .debug_abbrev  0x00001c3d      0x141 ..\obj\usbh_usr.o
 .debug_abbrev  0x00001d7e       0x99 ..\obj\ccsbcs.o
 .debug_abbrev  0x00001e17      0x1c9 ..\obj\usb_bsp.o
 .debug_abbrev  0x00001fe0       0xc7 ..\obj\stm32_ub_atadrive.o
 .debug_abbrev  0x000020a7      0x1e7 ..\obj\ff.o
 .debug_abbrev  0x0000228e      0x183 ..\obj\usb_hcd.o
 .debug_abbrev  0x00002411      0x1c7 ..\obj\usbh_msc_bot.o
 .debug_abbrev  0x000025d8      0x17a ..\obj\usbh_ioreq.o
 .debug_abbrev  0x00002752      0x129 ..\obj\misc.o
 .debug_abbrev  0x0000287b      0x225 ..\obj\usb_hcd_int.o

.debug_loc      0x00000000     0x4144
 .debug_loc     0x00000000      0x658 ..\obj\usb_core.o
 .debug_loc     0x00000658       0x64 ..\obj\stm32_ub_usb_msc_host.o
 .debug_loc     0x000006bc      0x150 ..\obj\usbh_hcs.o
 .debug_loc     0x0000080c      0x2d8 ..\obj\usbh_stdreq.o
 .debug_loc     0x00000ae4       0x72 ..\obj\funkcje.o
 .debug_loc     0x00000b56      0x144 ..\obj\diskio.o
 .debug_loc     0x00000c9a       0x64 ..\obj\startup_stm32f4xx.o
 .debug_loc     0x00000cfe      0x118 ..\obj\stm32_ub_led.o
 .debug_loc     0x00000e16       0x2c ..\obj\main.o
 .debug_loc     0x00000e42      0x294 ..\obj\stm32_ub_fatfs.o
 .debug_loc     0x000010d6      0x97c ..\obj\stm32f4xx_rcc.o
 .debug_loc     0x00001a52       0xa8 ..\obj\init.o
 .debug_loc     0x00001afa      0x188 ..\obj\usbh_msc_core.o
 .debug_loc     0x00001c82      0x1c2 ..\obj\usbh_core.o
 .debug_loc     0x00001e44      0x17c ..\obj\stm32_ub_sdcard.o
 .debug_loc     0x00001fc0      0x310 ..\obj\stm32f4xx_gpio.o
 .debug_loc     0x000022d0      0x17c ..\obj\stm32_ub_usbdisk.o
 .debug_loc     0x0000244c      0x150 ..\obj\usbh_msc_scsi.o
 .debug_loc     0x0000259c       0x9c ..\obj\system_stm32f4xx.o
 .debug_loc     0x00002638      0x360 ..\obj\usbh_usr.o
 .debug_loc     0x00002998       0x70 ..\obj\ccsbcs.o
 .debug_loc     0x00002a08      0x17c ..\obj\usb_bsp.o
 .debug_loc     0x00002b84      0x17c ..\obj\stm32_ub_atadrive.o
 .debug_loc     0x00002d00      0xbb8 ..\obj\ff.o
 .debug_loc     0x000038b8      0x230 ..\obj\usb_hcd.o
 .debug_loc     0x00003ae8       0xe0 ..\obj\usbh_msc_bot.o
 .debug_loc     0x00003bc8      0x1f8 ..\obj\usbh_ioreq.o
 .debug_loc     0x00003dc0      0x118 ..\obj\misc.o
 .debug_loc     0x00003ed8      0x26c ..\obj\usb_hcd_int.o

.debug_aranges  0x00000000      0xc30
 .debug_aranges
                0x00000000      0x100 ..\obj\usb_core.o
 .debug_aranges
                0x00000100       0x28 ..\obj\stm32_ub_usb_msc_host.o
 .debug_aranges
                0x00000128       0x48 ..\obj\usbh_hcs.o
 .debug_aranges
                0x00000170       0x80 ..\obj\usbh_stdreq.o
 .debug_aranges
                0x000001f0       0x28 ..\obj\funkcje.o
 .debug_aranges
                0x00000218       0x48 ..\obj\diskio.o
 .debug_aranges
                0x00000260       0x28 ..\obj\startup_stm32f4xx.o
 .debug_aranges
                0x00000288       0x40 ..\obj\stm32_ub_led.o
 .debug_aranges
                0x000002c8       0x20 ..\obj\main.o
 .debug_aranges
                0x000002e8       0x78 ..\obj\stm32_ub_fatfs.o
 .debug_aranges
                0x00000360      0x178 ..\obj\stm32f4xx_rcc.o
 .debug_aranges
                0x000004d8       0x30 ..\obj\init.o
 .debug_aranges
                0x00000508       0x50 ..\obj\usbh_msc_core.o
 .debug_aranges
                0x00000558       0x58 ..\obj\usbh_core.o
 .debug_aranges
                0x000005b0       0x50 ..\obj\stm32_ub_sdcard.o
 .debug_aranges
                0x00000600       0x88 ..\obj\stm32f4xx_gpio.o
 .debug_aranges
                0x00000688       0x50 ..\obj\stm32_ub_usbdisk.o
 .debug_aranges
                0x000006d8       0x48 ..\obj\usbh_msc_scsi.o
 .debug_aranges
                0x00000720       0x30 ..\obj\system_stm32f4xx.o
 .debug_aranges
                0x00000750       0xa8 ..\obj\usbh_usr.o
 .debug_aranges
                0x000007f8       0x28 ..\obj\ccsbcs.o
 .debug_aranges
                0x00000820       0x50 ..\obj\usb_bsp.o
 .debug_aranges
                0x00000870       0x50 ..\obj\stm32_ub_atadrive.o
 .debug_aranges
                0x000008c0      0x1c0 ..\obj\ff.o
 .debug_aranges
                0x00000a80       0x68 ..\obj\usb_hcd.o
 .debug_aranges
                0x00000ae8       0x38 ..\obj\usbh_msc_bot.o
 .debug_aranges
                0x00000b20       0x60 ..\obj\usbh_ioreq.o
 .debug_aranges
                0x00000b80       0x40 ..\obj\misc.o
 .debug_aranges
                0x00000bc0       0x70 ..\obj\usb_hcd_int.o

.debug_ranges   0x00000000      0xa60
 .debug_ranges  0x00000000       0xf0 ..\obj\usb_core.o
 .debug_ranges  0x000000f0       0x18 ..\obj\stm32_ub_usb_msc_host.o
 .debug_ranges  0x00000108       0x38 ..\obj\usbh_hcs.o
 .debug_ranges  0x00000140       0x70 ..\obj\usbh_stdreq.o
 .debug_ranges  0x000001b0       0x18 ..\obj\funkcje.o
 .debug_ranges  0x000001c8       0x38 ..\obj\diskio.o
 .debug_ranges  0x00000200       0x18 ..\obj\startup_stm32f4xx.o
 .debug_ranges  0x00000218       0x30 ..\obj\stm32_ub_led.o
 .debug_ranges  0x00000248       0x10 ..\obj\main.o
 .debug_ranges  0x00000258       0x68 ..\obj\stm32_ub_fatfs.o
 .debug_ranges  0x000002c0      0x168 ..\obj\stm32f4xx_rcc.o
 .debug_ranges  0x00000428       0x20 ..\obj\init.o
 .debug_ranges  0x00000448       0x40 ..\obj\usbh_msc_core.o
 .debug_ranges  0x00000488       0x48 ..\obj\usbh_core.o
 .debug_ranges  0x000004d0       0x40 ..\obj\stm32_ub_sdcard.o
 .debug_ranges  0x00000510       0x78 ..\obj\stm32f4xx_gpio.o
 .debug_ranges  0x00000588       0x40 ..\obj\stm32_ub_usbdisk.o
 .debug_ranges  0x000005c8       0x38 ..\obj\usbh_msc_scsi.o
 .debug_ranges  0x00000600       0x20 ..\obj\system_stm32f4xx.o
 .debug_ranges  0x00000620       0x98 ..\obj\usbh_usr.o
 .debug_ranges  0x000006b8       0x18 ..\obj\ccsbcs.o
 .debug_ranges  0x000006d0       0x40 ..\obj\usb_bsp.o
 .debug_ranges  0x00000710       0x40 ..\obj\stm32_ub_atadrive.o
 .debug_ranges  0x00000750      0x1b0 ..\obj\ff.o
 .debug_ranges  0x00000900       0x58 ..\obj\usb_hcd.o
 .debug_ranges  0x00000958       0x28 ..\obj\usbh_msc_bot.o
 .debug_ranges  0x00000980       0x50 ..\obj\usbh_ioreq.o
 .debug_ranges  0x000009d0       0x30 ..\obj\misc.o
 .debug_ranges  0x00000a00       0x60 ..\obj\usb_hcd_int.o

.debug_line     0x00000000     0x607e
 .debug_line    0x00000000      0x5e9 ..\obj\usb_core.o
 .debug_line    0x000005e9      0x257 ..\obj\stm32_ub_usb_msc_host.o
 .debug_line    0x00000840      0x236 ..\obj\usbh_hcs.o
 .debug_line    0x00000a76      0x367 ..\obj\usbh_stdreq.o
 .debug_line    0x00000ddd      0x309 ..\obj\funkcje.o
 .debug_line    0x000010e6      0x27b ..\obj\diskio.o
 .debug_line    0x00001361       0xb4 ..\obj\startup_stm32f4xx.o
 .debug_line    0x00001415      0x289 ..\obj\stm32_ub_led.o
 .debug_line    0x0000169e       0x71 ..\obj\main.o
 .debug_line    0x0000170f      0x35f ..\obj\stm32_ub_fatfs.o
 .debug_line    0x00001a6e      0x5ba ..\obj\stm32f4xx_rcc.o
 .debug_line    0x00002028      0x256 ..\obj\init.o
 .debug_line    0x0000227e      0x2f2 ..\obj\usbh_msc_core.o
 .debug_line    0x00002570      0x3cc ..\obj\usbh_core.o
 .debug_line    0x0000293c      0x233 ..\obj\stm32_ub_sdcard.o
 .debug_line    0x00002b6f      0x35e ..\obj\stm32f4xx_gpio.o
 .debug_line    0x00002ecd      0x38e ..\obj\stm32_ub_usbdisk.o
 .debug_line    0x0000325b      0x37d ..\obj\usbh_msc_scsi.o
 .debug_line    0x000035d8      0x1e2 ..\obj\system_stm32f4xx.o
 .debug_line    0x000037ba      0x330 ..\obj\usbh_usr.o
 .debug_line    0x00003aea      0x137 ..\obj\ccsbcs.o
 .debug_line    0x00003c21      0x2d6 ..\obj\usb_bsp.o
 .debug_line    0x00003ef7      0x234 ..\obj\stm32_ub_atadrive.o
 .debug_line    0x0000412b     0x10fd ..\obj\ff.o
 .debug_line    0x00005228      0x261 ..\obj\usb_hcd.o
 .debug_line    0x00005489      0x30a ..\obj\usbh_msc_bot.o
 .debug_line    0x00005793      0x28a ..\obj\usbh_ioreq.o
 .debug_line    0x00005a1d      0x264 ..\obj\misc.o
 .debug_line    0x00005c81      0x3fd ..\obj\usb_hcd_int.o

.debug_str      0x00000000     0x5078
 .debug_str     0x00000000     0x103e ..\obj\usb_core.o
                               0x132c (size before relaxing)
 .debug_str     0x0000103e      0xaab ..\obj\stm32_ub_usb_msc_host.o
                               0x128f (size before relaxing)
 .debug_str     0x00001ae9       0xf0 ..\obj\usbh_hcs.o
                                0x84c (size before relaxing)
 .debug_str     0x00001bd9      0x212 ..\obj\usbh_stdreq.o
                               0x12b4 (size before relaxing)
 .debug_str     0x00001deb      0x3c5 ..\obj\funkcje.o
                                0x627 (size before relaxing)
 .debug_str     0x000021b0       0xaa ..\obj\diskio.o
                                0x321 (size before relaxing)
 .debug_str     0x0000225a       0xc3 ..\obj\startup_stm32f4xx.o
                                0x127 (size before relaxing)
 .debug_str     0x0000231d      0x25d ..\obj\stm32_ub_led.o
                                0x3be (size before relaxing)
 .debug_str     0x0000257a       0x42 ..\obj\main.o
                                 0x90 (size before relaxing)
 .debug_str     0x000025bc      0x1c9 ..\obj\stm32_ub_fatfs.o
                                0x6c8 (size before relaxing)
 .debug_str     0x00002785      0x6b2 ..\obj\stm32f4xx_rcc.o
                                0x806 (size before relaxing)
 .debug_str     0x00002e37      0x6ff ..\obj\init.o
                                0xa06 (size before relaxing)
 .debug_str     0x00003536      0x3ca ..\obj\usbh_msc_core.o
                               0x1475 (size before relaxing)
 .debug_str     0x00003900      0x11e ..\obj\usbh_core.o
                               0x1201 (size before relaxing)
 .debug_str     0x00003a1e       0xda ..\obj\stm32_ub_sdcard.o
                                0x1f8 (size before relaxing)
 .debug_str     0x00003af8      0x1b6 ..\obj\stm32f4xx_gpio.o
                                0x459 (size before relaxing)
 .debug_str     0x00003cae      0x153 ..\obj\stm32_ub_usbdisk.o
                               0x139a (size before relaxing)
 .debug_str     0x00003e01      0x23c ..\obj\usbh_msc_scsi.o
                                0xbf3 (size before relaxing)
 .debug_str     0x0000403d      0x12b ..\obj\system_stm32f4xx.o
                                0x360 (size before relaxing)
 .debug_str     0x00004168      0x242 ..\obj\usbh_usr.o
                                0x82c (size before relaxing)
 .debug_str     0x000043aa       0x7c ..\obj\ccsbcs.o
                                0x131 (size before relaxing)
 .debug_str     0x00004426      0x121 ..\obj\usb_bsp.o
                                0xfcf (size before relaxing)
 .debug_str     0x00004547       0xe0 ..\obj\stm32_ub_atadrive.o
                                0x1fe (size before relaxing)
 .debug_str     0x00004627      0x309 ..\obj\ff.o
                                0x6d3 (size before relaxing)
 .debug_str     0x00004930      0x10a ..\obj\usb_hcd.o
                                0x8e9 (size before relaxing)
 .debug_str     0x00004a3a      0x110 ..\obj\usbh_msc_bot.o
                               0x145d (size before relaxing)
 .debug_str     0x00004b4a      0x117 ..\obj\usbh_ioreq.o
                               0x11bd (size before relaxing)
 .debug_str     0x00004c61      0x174 ..\obj\misc.o
                                0x38f (size before relaxing)
 .debug_str     0x00004dd5      0x2a3 ..\obj\usb_hcd_int.o
                                0xef3 (size before relaxing)

.comment        0x00000000       0x70
 .comment       0x00000000       0x70 ..\obj\usb_core.o
                                 0x71 (size before relaxing)
 .comment       0x00000000       0x71 ..\obj\stm32_ub_usb_msc_host.o
 .comment       0x00000000       0x71 ..\obj\usbh_hcs.o
 .comment       0x00000000       0x71 ..\obj\usbh_stdreq.o
 .comment       0x00000000       0x71 ..\obj\funkcje.o
 .comment       0x00000000       0x71 ..\obj\diskio.o
 .comment       0x00000000       0x71 ..\obj\startup_stm32f4xx.o
 .comment       0x00000000       0x71 ..\obj\stm32_ub_led.o
 .comment       0x00000000       0x71 ..\obj\main.o
 .comment       0x00000000       0x71 ..\obj\stm32_ub_fatfs.o
 .comment       0x00000000       0x71 ..\obj\stm32f4xx_rcc.o
 .comment       0x00000000       0x71 ..\obj\init.o
 .comment       0x00000000       0x71 ..\obj\usbh_msc_core.o
 .comment       0x00000000       0x71 ..\obj\usbh_core.o
 .comment       0x00000000       0x71 ..\obj\stm32_ub_sdcard.o
 .comment       0x00000000       0x71 ..\obj\stm32f4xx_gpio.o
 .comment       0x00000000       0x71 ..\obj\stm32_ub_usbdisk.o
 .comment       0x00000000       0x71 ..\obj\usbh_msc_scsi.o
 .comment       0x00000000       0x71 ..\obj\system_stm32f4xx.o
 .comment       0x00000000       0x71 ..\obj\usbh_usr.o
 .comment       0x00000000       0x71 ..\obj\ccsbcs.o
 .comment       0x00000000       0x71 ..\obj\usb_bsp.o
 .comment       0x00000000       0x71 ..\obj\stm32_ub_atadrive.o
 .comment       0x00000000       0x71 ..\obj\ff.o
 .comment       0x00000000       0x71 ..\obj\usb_hcd.o
 .comment       0x00000000       0x71 ..\obj\usbh_msc_bot.o
 .comment       0x00000000       0x71 ..\obj\usbh_ioreq.o
 .comment       0x00000000       0x71 ..\obj\misc.o
 .comment       0x00000000       0x71 ..\obj\usb_hcd_int.o

.ARM.attributes
                0x00000000       0x33
 .ARM.attributes
                0x00000000       0x33 ..\obj\usb_core.o
 .ARM.attributes
                0x00000033       0x33 ..\obj\stm32_ub_usb_msc_host.o
 .ARM.attributes
                0x00000066       0x33 ..\obj\usbh_hcs.o
 .ARM.attributes
                0x00000099       0x33 ..\obj\usbh_stdreq.o
 .ARM.attributes
                0x000000cc       0x33 ..\obj\funkcje.o
 .ARM.attributes
                0x000000ff       0x33 ..\obj\diskio.o
 .ARM.attributes
                0x00000132       0x33 ..\obj\startup_stm32f4xx.o
 .ARM.attributes
                0x00000165       0x33 ..\obj\stm32_ub_led.o
 .ARM.attributes
                0x00000198       0x33 ..\obj\main.o
 .ARM.attributes
                0x000001cb       0x33 ..\obj\stm32_ub_fatfs.o
 .ARM.attributes
                0x000001fe       0x33 ..\obj\stm32f4xx_rcc.o
 .ARM.attributes
                0x00000231       0x33 ..\obj\init.o
 .ARM.attributes
                0x00000264       0x33 ..\obj\usbh_msc_core.o
 .ARM.attributes
                0x00000297       0x33 ..\obj\usbh_core.o
 .ARM.attributes
                0x000002ca       0x33 ..\obj\stm32_ub_sdcard.o
 .ARM.attributes
                0x000002fd       0x33 ..\obj\stm32f4xx_gpio.o
 .ARM.attributes
                0x00000330       0x33 ..\obj\stm32_ub_usbdisk.o
 .ARM.attributes
                0x00000363       0x33 ..\obj\usbh_msc_scsi.o
 .ARM.attributes
                0x00000396       0x33 ..\obj\system_stm32f4xx.o
 .ARM.attributes
                0x000003c9       0x33 ..\obj\usbh_usr.o
 .ARM.attributes
                0x000003fc       0x33 ..\obj\ccsbcs.o
 .ARM.attributes
                0x0000042f       0x33 ..\obj\usb_bsp.o
 .ARM.attributes
                0x00000462       0x33 ..\obj\stm32_ub_atadrive.o
 .ARM.attributes
                0x00000495       0x33 ..\obj\ff.o
 .ARM.attributes
                0x000004c8       0x33 ..\obj\usb_hcd.o
 .ARM.attributes
                0x000004fb       0x33 ..\obj\usbh_msc_bot.o
 .ARM.attributes
                0x0000052e       0x33 ..\obj\usbh_ioreq.o
 .ARM.attributes
                0x00000561       0x33 ..\obj\misc.o
 .ARM.attributes
                0x00000594       0x33 ..\obj\usb_hcd_int.o

.debug_frame    0x00000000     0x24f0
 .debug_frame   0x00000000      0x370 ..\obj\usb_core.o
 .debug_frame   0x00000370       0x4c ..\obj\stm32_ub_usb_msc_host.o
 .debug_frame   0x000003bc       0xc4 ..\obj\usbh_hcs.o
 .debug_frame   0x00000480      0x19c ..\obj\usbh_stdreq.o
 .debug_frame   0x0000061c       0x50 ..\obj\funkcje.o
 .debug_frame   0x0000066c       0xc8 ..\obj\diskio.o
 .debug_frame   0x00000734       0x48 ..\obj\startup_stm32f4xx.o
 .debug_frame   0x0000077c       0xa8 ..\obj\stm32_ub_led.o
 .debug_frame   0x00000824       0x2c ..\obj\main.o
 .debug_frame   0x00000850      0x188 ..\obj\stm32_ub_fatfs.o
 .debug_frame   0x000009d8      0x4d8 ..\obj\stm32f4xx_rcc.o
 .debug_frame   0x00000eb0       0x70 ..\obj\init.o
 .debug_frame   0x00000f20       0xe8 ..\obj\usbh_msc_core.o
 .debug_frame   0x00001008      0x108 ..\obj\usbh_core.o
 .debug_frame   0x00001110       0xd0 ..\obj\stm32_ub_sdcard.o
 .debug_frame   0x000011e0      0x19c ..\obj\stm32f4xx_gpio.o
 .debug_frame   0x0000137c       0xe4 ..\obj\stm32_ub_usbdisk.o
 .debug_frame   0x00001460       0xd0 ..\obj\usbh_msc_scsi.o
 .debug_frame   0x00001530       0x64 ..\obj\system_stm32f4xx.o
 .debug_frame   0x00001594      0x1d8 ..\obj\usbh_usr.o
 .debug_frame   0x0000176c       0x48 ..\obj\ccsbcs.o
 .debug_frame   0x000017b4       0xe8 ..\obj\usb_bsp.o
 .debug_frame   0x0000189c       0xd0 ..\obj\stm32_ub_atadrive.o
 .debug_frame   0x0000196c      0x68c ..\obj\ff.o
 .debug_frame   0x00001ff8      0x138 ..\obj\usb_hcd.o
 .debug_frame   0x00002130       0x90 ..\obj\usbh_msc_bot.o
 .debug_frame   0x000021c0      0x12c ..\obj\usbh_ioreq.o
 .debug_frame   0x000022ec       0x9c ..\obj\misc.o
 .debug_frame   0x00002388      0x168 ..\obj\usb_hcd_int.o
