Archive member included because of file (symbol)

d:/stm32_discovery/sterowniki/gnu tools arm embedded/4.7 2013q3/bin/../lib/gcc/arm-none-eabi/4.7.4/../../../../arm-none-eabi/lib/armv7e-m\libg.a(lib_a-sprintf.o)
                              ..\obj\lista_plikow.o (sprintf)
d:/stm32_discovery/sterowniki/gnu tools arm embedded/4.7 2013q3/bin/../lib/gcc/arm-none-eabi/4.7.4/../../../../arm-none-eabi/lib/armv7e-m\libg.a(lib_a-strcat.o)
                              ..\obj\lista_plikow.o (strcat)
d:/stm32_discovery/sterowniki/gnu tools arm embedded/4.7 2013q3/bin/../lib/gcc/arm-none-eabi/4.7.4/../../../../arm-none-eabi/lib/armv7e-m\libg.a(lib_a-strcpy.o)
                              d:/stm32_discovery/sterowniki/gnu tools arm embedded/4.7 2013q3/bin/../lib/gcc/arm-none-eabi/4.7.4/../../../../arm-none-eabi/lib/armv7e-m\libg.a(lib_a-strcat.o) (strcpy)
d:/stm32_discovery/sterowniki/gnu tools arm embedded/4.7 2013q3/bin/../lib/gcc/arm-none-eabi/4.7.4/../../../../arm-none-eabi/lib/armv7e-m\libg.a(lib_a-svfprintf.o)
                              d:/stm32_discovery/sterowniki/gnu tools arm embedded/4.7 2013q3/bin/../lib/gcc/arm-none-eabi/4.7.4/../../../../arm-none-eabi/lib/armv7e-m\libg.a(lib_a-sprintf.o) (_svfprintf_r)
d:/stm32_discovery/sterowniki/gnu tools arm embedded/4.7 2013q3/bin/../lib/gcc/arm-none-eabi/4.7.4/../../../../arm-none-eabi/lib/armv7e-m\libg.a(lib_a-dtoa.o)
                              d:/stm32_discovery/sterowniki/gnu tools arm embedded/4.7 2013q3/bin/../lib/gcc/arm-none-eabi/4.7.4/../../../../arm-none-eabi/lib/armv7e-m\libg.a(lib_a-svfprintf.o) (_dtoa_r)
d:/stm32_discovery/sterowniki/gnu tools arm embedded/4.7 2013q3/bin/../lib/gcc/arm-none-eabi/4.7.4/../../../../arm-none-eabi/lib/armv7e-m\libg.a(lib_a-impure.o)
                              d:/stm32_discovery/sterowniki/gnu tools arm embedded/4.7 2013q3/bin/../lib/gcc/arm-none-eabi/4.7.4/../../../../arm-none-eabi/lib/armv7e-m\libg.a(lib_a-sprintf.o) (_impure_ptr)
d:/stm32_discovery/sterowniki/gnu tools arm embedded/4.7 2013q3/bin/../lib/gcc/arm-none-eabi/4.7.4/../../../../arm-none-eabi/lib/armv7e-m\libg.a(lib_a-locale.o)
                              d:/stm32_discovery/sterowniki/gnu tools arm embedded/4.7 2013q3/bin/../lib/gcc/arm-none-eabi/4.7.4/../../../../arm-none-eabi/lib/armv7e-m\libg.a(lib_a-svfprintf.o) (_localeconv_r)
d:/stm32_discovery/sterowniki/gnu tools arm embedded/4.7 2013q3/bin/../lib/gcc/arm-none-eabi/4.7.4/../../../../arm-none-eabi/lib/armv7e-m\libg.a(lib_a-mallocr.o)
                              d:/stm32_discovery/sterowniki/gnu tools arm embedded/4.7 2013q3/bin/../lib/gcc/arm-none-eabi/4.7.4/../../../../arm-none-eabi/lib/armv7e-m\libg.a(lib_a-svfprintf.o) (_malloc_r)
d:/stm32_discovery/sterowniki/gnu tools arm embedded/4.7 2013q3/bin/../lib/gcc/arm-none-eabi/4.7.4/../../../../arm-none-eabi/lib/armv7e-m\libg.a(lib_a-memchr.o)
                              d:/stm32_discovery/sterowniki/gnu tools arm embedded/4.7 2013q3/bin/../lib/gcc/arm-none-eabi/4.7.4/../../../../arm-none-eabi/lib/armv7e-m\libg.a(lib_a-svfprintf.o) (memchr)
d:/stm32_discovery/sterowniki/gnu tools arm embedded/4.7 2013q3/bin/../lib/gcc/arm-none-eabi/4.7.4/../../../../arm-none-eabi/lib/armv7e-m\libg.a(lib_a-memcpy.o)
                              d:/stm32_discovery/sterowniki/gnu tools arm embedded/4.7 2013q3/bin/../lib/gcc/arm-none-eabi/4.7.4/../../../../arm-none-eabi/lib/armv7e-m\libg.a(lib_a-dtoa.o) (memcpy)
d:/stm32_discovery/sterowniki/gnu tools arm embedded/4.7 2013q3/bin/../lib/gcc/arm-none-eabi/4.7.4/../../../../arm-none-eabi/lib/armv7e-m\libg.a(lib_a-mlock.o)
                              d:/stm32_discovery/sterowniki/gnu tools arm embedded/4.7 2013q3/bin/../lib/gcc/arm-none-eabi/4.7.4/../../../../arm-none-eabi/lib/armv7e-m\libg.a(lib_a-mallocr.o) (__malloc_lock)
d:/stm32_discovery/sterowniki/gnu tools arm embedded/4.7 2013q3/bin/../lib/gcc/arm-none-eabi/4.7.4/../../../../arm-none-eabi/lib/armv7e-m\libg.a(lib_a-mprec.o)
                              d:/stm32_discovery/sterowniki/gnu tools arm embedded/4.7 2013q3/bin/../lib/gcc/arm-none-eabi/4.7.4/../../../../arm-none-eabi/lib/armv7e-m\libg.a(lib_a-dtoa.o) (_Balloc)
d:/stm32_discovery/sterowniki/gnu tools arm embedded/4.7 2013q3/bin/../lib/gcc/arm-none-eabi/4.7.4/../../../../arm-none-eabi/lib/armv7e-m\libg.a(lib_a-s_fpclassify.o)
                              d:/stm32_discovery/sterowniki/gnu tools arm embedded/4.7 2013q3/bin/../lib/gcc/arm-none-eabi/4.7.4/../../../../arm-none-eabi/lib/armv7e-m\libg.a(lib_a-svfprintf.o) (__fpclassifyd)
d:/stm32_discovery/sterowniki/gnu tools arm embedded/4.7 2013q3/bin/../lib/gcc/arm-none-eabi/4.7.4/../../../../arm-none-eabi/lib/armv7e-m\libg.a(lib_a-sbrkr.o)
                              d:/stm32_discovery/sterowniki/gnu tools arm embedded/4.7 2013q3/bin/../lib/gcc/arm-none-eabi/4.7.4/../../../../arm-none-eabi/lib/armv7e-m\libg.a(lib_a-mallocr.o) (_sbrk_r)
[...]
Memory Configuration

Name             Origin             Length             Attributes
rom              0x08000000         0x00100000         xr
ram              0x20000000         0x00020000         xrw
ram1             0x10000000         0x00010000         xrw
*default*        0x00000000         0xffffffff

Linker script and memory map

                0x20020000                _eram = 0x20020000

.text           0x08000000    0x11248
 *(.isr_vector .isr_vector.*)
 .isr_vector    0x08000000      0x188 ..\obj\startup_stm32f4xx.o
                0x08000000                g_pfnVectors
 *(.text .text.* .gnu.linkonce.t.*)
 .text.USB_OTG_EnableCommonInt
                0x08000188       0x44 ..\obj\usb_core.o
 .text.USB_OTG_CoreReset
                0x080001cc       0xa8 ..\obj\usb_core.o
 .text.USB_OTG_WritePacket
                0x08000274       0x84 ..\obj\usb_core.o
                0x08000274                USB_OTG_WritePacket
 .text.USB_OTG_ReadPacket
                0x080002f8       0x68 ..\obj\usb_core.o
                0x080002f8                USB_OTG_ReadPacket
 .text.USB_OTG_SelectCore
                0x08000360      0x1b4 ..\obj\usb_core.o
                0x08000360                USB_OTG_SelectCore
 .text.USB_OTG_CoreInit
                0x08000514      0x1f8 ..\obj\usb_core.o
                0x08000514                USB_OTG_CoreInit
 .text.USB_OTG_EnableGlobalInt
                0x0800070c       0x3c ..\obj\usb_core.o
                0x0800070c                USB_OTG_EnableGlobalInt
 .text.USB_OTG_DisableGlobalInt
                0x08000748       0x40 ..\obj\usb_core.o
                0x08000748                USB_OTG_DisableGlobalInt
 .text.USB_OTG_FlushTxFifo
                0x08000788       0x80 ..\obj\usb_core.o
                0x08000788                USB_OTG_FlushTxFifo
 .text.USB_OTG_FlushRxFifo
                0x08000808       0x6c ..\obj\usb_core.o
                0x08000808                USB_OTG_FlushRxFifo
 .text.USB_OTG_SetCurrentMode
                0x08000874       0x64 ..\obj\usb_core.o
                0x08000874                USB_OTG_SetCurrentMode
 .text.USB_OTG_GetMode
                0x080008d8       0x20 ..\obj\usb_core.o
                0x080008d8                USB_OTG_GetMode
 .text.USB_OTG_IsHostMode
                0x080008f8       0x24 ..\obj\usb_core.o
                0x080008f8                USB_OTG_IsHostMode
 .text.USB_OTG_ReadCoreItr
                0x0800091c       0x30 ..\obj\usb_core.o
                0x0800091c                USB_OTG_ReadCoreItr
 .text.USB_OTG_CoreInitHost
                0x0800094c      0x124 ..\obj\usb_core.o
                0x0800094c                USB_OTG_CoreInitHost
 .text.USB_OTG_IsEvenFrame
                0x08000a70       0x28 ..\obj\usb_core.o
                0x08000a70                USB_OTG_IsEvenFrame
 .text.USB_OTG_DriveVbus
                0x08000a98       0x80 ..\obj\usb_core.o
                0x08000a98                USB_OTG_DriveVbus
 .text.USB_OTG_EnableHostInt
                0x08000b18       0x8c ..\obj\usb_core.o
                0x08000b18                USB_OTG_EnableHostInt
 .text.USB_OTG_InitFSLSPClkSel
                0x08000ba4       0x38 ..\obj\usb_core.o
                0x08000ba4                USB_OTG_InitFSLSPClkSel
 .text.USB_OTG_ReadHPRT0
                0x08000bdc       0x40 ..\obj\usb_core.o
                0x08000bdc                USB_OTG_ReadHPRT0
 .text.USB_OTG_ReadHostAllChannels_intr
                0x08000c1c       0x1c ..\obj\usb_core.o
                0x08000c1c                USB_OTG_ReadHostAllChannels_intr
 .text.USB_OTG_ResetPort
                0x08000c38       0x54 ..\obj\usb_core.o
                0x08000c38                USB_OTG_ResetPort
 .text.USB_OTG_HC_Init
                0x08000c8c      0x2d4 ..\obj\usb_core.o
                0x08000c8c                USB_OTG_HC_Init
 .text.USB_OTG_HC_StartXfer
                0x08000f60      0x308 ..\obj\usb_core.o
                0x08000f60                USB_OTG_HC_StartXfer
 .text.USB_OTG_HC_Halt
                0x08001268       0xac ..\obj\usb_core.o
                0x08001268                USB_OTG_HC_Halt
 .text.USB_OTG_HC_DoPing
                0x08001314       0x88 ..\obj\usb_core.o
                0x08001314                USB_OTG_HC_DoPing
 .text.UB_USB_MSC_HOST_Init
                0x0800139c       0x44 ..\obj\stm32_ub_usb_msc_host.o
                0x0800139c                UB_USB_MSC_HOST_Init
 .text.UB_USB_MSC_HOST_Do
                0x080013e0       0x34 ..\obj\stm32_ub_usb_msc_host.o
                0x080013e0                UB_USB_MSC_HOST_Do
 .text.USBH_Open_Channel
                0x08001414      0x108 ..\obj\usbh_hcs.o
                0x08001414                USBH_Open_Channel
 .text.USBH_Modify_Channel
                0x0800151c       0x9c ..\obj\usbh_hcs.o
                0x0800151c                USBH_Modify_Channel
 .text.USBH_Alloc_Channel
                0x080015b8       0x4c ..\obj\usbh_hcs.o
                0x080015b8                USBH_Alloc_Channel
 .text.USBH_Free_Channel
                0x08001604       0x4c ..\obj\usbh_hcs.o
                0x08001604                USBH_Free_Channel
 .text.USBH_DeAllocate_AllChannel
                0x08001650       0x44 ..\obj\usbh_hcs.o
                0x08001650                USBH_DeAllocate_AllChannel
 .text.USBH_GetFreeChannel
                0x08001694       0x54 ..\obj\usbh_hcs.o
 .text.USBH_Get_DevDesc
                0x080016e8       0x5c ..\obj\usbh_stdreq.o
                0x080016e8                USBH_Get_DevDesc
 .text.USBH_Get_CfgDesc
                0x08001744       0x60 ..\obj\usbh_stdreq.o
                0x08001744                USBH_Get_CfgDesc
 .text.USBH_Get_StringDesc
                0x080017a4       0x5c ..\obj\usbh_stdreq.o
                0x080017a4                USBH_Get_StringDesc
 .text.USBH_GetDescriptor
                0x08001800       0x64 ..\obj\usbh_stdreq.o
                0x08001800                USBH_GetDescriptor
 .text.USBH_SetAddress
                0x08001864       0x54 ..\obj\usbh_stdreq.o
                0x08001864                USBH_SetAddress
 .text.USBH_SetCfg
                0x080018b8       0x50 ..\obj\usbh_stdreq.o
                0x080018b8                USBH_SetCfg
 .text.USBH_ClrFeature
                0x08001908       0x84 ..\obj\usbh_stdreq.o
                0x08001908                USBH_ClrFeature
 .text.USBH_ParseDevDesc
                0x0800198c       0xf0 ..\obj\usbh_stdreq.o
 .text.USBH_ParseCfgDesc
                0x08001a7c      0x160 ..\obj\usbh_stdreq.o
 .text.USBH_ParseInterfaceDesc
                0x08001bdc       0x5c ..\obj\usbh_stdreq.o
 .text.USBH_ParseEPDesc
                0x08001c38       0x5c ..\obj\usbh_stdreq.o
 .text.USBH_ParseStringDesc
                0x08001c94       0x74 ..\obj\usbh_stdreq.o
 .text.USBH_GetNextDesc
                0x08001d08       0x34 ..\obj\usbh_stdreq.o
 .text.menu     0x08001d3c      0x12c ..\obj\funkcje.o
                0x08001d3c                menu
 .text.disk_initialize
                0x08001e68       0x84 ..\obj\diskio.o
                0x08001e68                disk_initialize
 .text.disk_status
                0x08001eec       0x84 ..\obj\diskio.o
                0x08001eec                disk_status
 .text.disk_read
                0x08001f70       0xa0 ..\obj\diskio.o
                0x08001f70                disk_read
 .text.disk_write
                0x08002010       0xa0 ..\obj\diskio.o
                0x08002010                disk_write
 .text.get_fattime
                0x080020b0       0x14 ..\obj\diskio.o
                0x080020b0                get_fattime
 .text.disk_ioctl
                0x080020c4       0x9c ..\obj\diskio.o
                0x080020c4                disk_ioctl
 .text.Default_Reset_Handler
                0x08002160       0x6c ..\obj\startup_stm32f4xx.o
                0x08002160                Default_Reset_Handler
                0x08002160                Reset_Handler
 .text.Default_Handler
                0x080021cc        0x8 ..\obj\startup_stm32f4xx.o
                0x080021cc                RTC_Alarm_IRQHandler
                0x080021cc                HASH_RNG_IRQHandler
                0x080021cc                EXTI2_IRQHandler
                0x080021cc                TIM8_CC_IRQHandler
                0x080021cc                DebugMon_Handler
                0x080021cc                TIM1_CC_IRQHandler
                0x080021cc                DMA2_Stream5_IRQHandler
                0x080021cc                HardFault_Handler
                0x080021cc                DMA1_Stream5_IRQHandler
                0x080021cc                SysTick_Handler
                0x080021cc                PVD_IRQHandler
                0x080021cc                SDIO_IRQHandler
                0x080021cc                TAMP_STAMP_IRQHandler
                0x080021cc                PendSV_Handler
                0x080021cc                NMI_Handler
                0x080021cc                CAN2_RX1_IRQHandler
                0x080021cc                EXTI3_IRQHandler
                0x080021cc                TIM8_TRG_COM_TIM14_IRQHandler
                0x080021cc                TIM1_UP_TIM10_IRQHandler
                0x080021cc                TIM8_UP_TIM13_IRQHandler
                0x080021cc                I2C3_ER_IRQHandler
                0x080021cc                EXTI0_IRQHandler
                0x080021cc                I2C2_EV_IRQHandler
                0x080021cc                DMA1_Stream2_IRQHandler
                0x080021cc                CAN1_RX0_IRQHandler
                0x080021cc                FPU_IRQHandler
                0x080021cc                OTG_HS_WKUP_IRQHandler
                0x080021cc                UsageFault_Handler
                0x080021cc                CAN2_SCE_IRQHandler
                0x080021cc                DMA2_Stream2_IRQHandler
                0x080021cc                SPI1_IRQHandler
                0x080021cc                TIM6_DAC_IRQHandler
                0x080021cc                TIM1_BRK_TIM9_IRQHandler
                0x080021cc                DCMI_IRQHandler
                0x080021cc                CAN2_RX0_IRQHandler
                0x080021cc                DMA2_Stream3_IRQHandler
                0x080021cc                USART6_IRQHandler
                0x080021cc                USART3_IRQHandler
                0x080021cc                CRYP_IRQHandler
                0x080021cc                CAN1_RX1_IRQHandler
                0x080021cc                UART5_IRQHandler
                0x080021cc                DMA2_Stream0_IRQHandler
                0x080021cc                TIM4_IRQHandler
                0x080021cc                I2C1_EV_IRQHandler
                0x080021cc                DMA1_Stream6_IRQHandler
                0x080021cc                DMA1_Stream1_IRQHandler
                0x080021cc                UART4_IRQHandler
                0x080021cc                TIM3_IRQHandler
                0x080021cc                RCC_IRQHandler
                0x080021cc                TIM8_BRK_TIM12_IRQHandler
                0x080021cc                EXTI15_10_IRQHandler
                0x080021cc                ADC_IRQHandler
                0x080021cc                DMA1_Stream7_IRQHandler
                0x080021cc                TIM7_IRQHandler
                0x080021cc                CAN2_TX_IRQHandler
                0x080021cc                TIM5_IRQHandler
                0x080021cc                DMA2_Stream7_IRQHandler
                0x080021cc                I2C3_EV_IRQHandler
                0x080021cc                EXTI9_5_IRQHandler
                0x080021cc                RTC_WKUP_IRQHandler
                0x080021cc                ETH_WKUP_IRQHandler
                0x080021cc                SPI2_IRQHandler
                0x080021cc                OTG_HS_EP1_IN_IRQHandler
                0x080021cc                MemManage_Handler
                0x080021cc                DMA1_Stream0_IRQHandler
                0x080021cc                CAN1_TX_IRQHandler
                0x080021cc                SVC_Handler
                0x080021cc                EXTI4_IRQHandler
                0x080021cc                FSMC_IRQHandler
                0x080021cc                ETH_IRQHandler
                0x080021cc                OTG_HS_EP1_OUT_IRQHandler
                0x080021cc                WWDG_IRQHandler
                0x080021cc                TIM2_IRQHandler
                0x080021cc                OTG_FS_WKUP_IRQHandler
                0x080021cc                TIM1_TRG_COM_TIM11_IRQHandler
                0x080021cc                OTG_HS_IRQHandler
                0x080021cc                EXTI1_IRQHandler
                0x080021cc                USART2_IRQHandler
                0x080021cc                I2C2_ER_IRQHandler
                0x080021cc                DMA2_Stream1_IRQHandler
                0x080021cc                CAN1_SCE_IRQHandler
                0x080021cc                FLASH_IRQHandler
                0x080021cc                DMA2_Stream4_IRQHandler
                0x080021cc                BusFault_Handler
                0x080021cc                USART1_IRQHandler
                0x080021cc                SPI3_IRQHandler
                0x080021cc                DMA1_Stream4_IRQHandler
                0x080021cc                I2C1_ER_IRQHandler
                0x080021cc                DMA2_Stream6_IRQHandler
                0x080021cc                DMA1_Stream3_IRQHandler
 .text.UB_Led_Init
                0x080021d4       0xe4 ..\obj\stm32_ub_led.o
                0x080021d4                UB_Led_Init
 .text.UB_Led_Off
                0x080022b8       0x54 ..\obj\stm32_ub_led.o
                0x080022b8                UB_Led_Off
 .text.UB_Led_On
                0x0800230c       0x54 ..\obj\stm32_ub_led.o
                0x0800230c                UB_Led_On
 .text.main     0x08002360       0x10 ..\obj\main.o
                0x08002360                main
 .text.UB_Fatfs_Mount
                0x08002370       0x80 ..\obj\stm32_ub_fatfs.o
                0x08002370                UB_Fatfs_Mount
 .text.UB_Fatfs_UnMount
                0x080023f0       0x4c ..\obj\stm32_ub_fatfs.o
                0x080023f0                UB_Fatfs_UnMount
 .text.UB_Fatfs_OpenFile
                0x0800243c       0xbc ..\obj\stm32_ub_fatfs.o
                0x0800243c                UB_Fatfs_OpenFile
 .text.UB_Fatfs_CloseFile
                0x080024f8       0x40 ..\obj\stm32_ub_fatfs.o
                0x080024f8                UB_Fatfs_CloseFile
 .text.UB_Fatfs_WriteString
                0x08002538       0x4c ..\obj\stm32_ub_fatfs.o
                0x08002538                UB_Fatfs_WriteString
 .text.RCC_AHB1PeriphClockCmd
                0x08002584       0x54 ..\obj\stm32f4xx_rcc.o
                0x08002584                RCC_AHB1PeriphClockCmd
 .text.RCC_AHB2PeriphClockCmd
                0x080025d8       0x54 ..\obj\stm32f4xx_rcc.o
                0x080025d8                RCC_AHB2PeriphClockCmd
 .text.initButton
                0x0800262c       0x3c ..\obj\init.o
                0x0800262c                initButton
 .text.USBH_MSC_InterfaceInit
                0x08002668      0x180 ..\obj\usbh_msc_core.o
 .text.USBH_MSC_InterfaceDeInit
                0x080027e8       0x94 ..\obj\usbh_msc_core.o
 .text.USBH_MSC_ClassRequest
                0x0800287c       0x2c ..\obj\usbh_msc_core.o
 .text.USBH_MSC_Handle
                0x080028a8      0x2f4 ..\obj\usbh_msc_core.o
 .text.USBH_MSC_BOTReset
                0x08002b9c       0x50 ..\obj\usbh_msc_core.o
 .text.USBH_MSC_GETMaxLUN
                0x08002bec       0x50 ..\obj\usbh_msc_core.o
 .text.USBH_MSC_ErrorHandle
                0x08002c3c       0x84 ..\obj\usbh_msc_core.o
                0x08002c3c                USBH_MSC_ErrorHandle
 .text.USBH_Connect
                0x08002cc0       0x30 ..\obj\usbh_core.o
                0x08002cc0                USBH_Connect
 .text.USBH_Disconnect
                0x08002cf0       0x30 ..\obj\usbh_core.o
                0x08002cf0                USBH_Disconnect
 .text.USBH_Init
                0x08002d20       0x7c ..\obj\usbh_core.o
                0x08002d20                USBH_Init
 .text.USBH_DeInit
                0x08002d9c       0x74 ..\obj\usbh_core.o
                0x08002d9c                USBH_DeInit
 .text.USBH_Process
                0x08002e10      0x294 ..\obj\usbh_core.o
                0x08002e10                USBH_Process
 .text.USBH_ErrorHandle
                0x080030a4       0x4c ..\obj\usbh_core.o
                0x080030a4                USBH_ErrorHandle
 .text.USBH_HandleEnum
                0x080030f0      0x338 ..\obj\usbh_core.o
 .text.USBH_HandleControl
                0x08003428      0x3ac ..\obj\usbh_core.o
                0x08003428                USBH_HandleControl
 .text.MMC_disk_initialize
                0x080037d4       0x1c ..\obj\stm32_ub_sdcard.o
                0x080037d4                MMC_disk_initialize
 .text.MMC_disk_status
                0x080037f0       0x1c ..\obj\stm32_ub_sdcard.o
                0x080037f0                MMC_disk_status
 .text.MMC_disk_read
                0x0800380c       0x24 ..\obj\stm32_ub_sdcard.o
                0x0800380c                MMC_disk_read
 .text.MMC_disk_write
                0x08003830       0x24 ..\obj\stm32_ub_sdcard.o
                0x08003830                MMC_disk_write
 .text.MMC_disk_ioctl
                0x08003854       0x20 ..\obj\stm32_ub_sdcard.o
                0x08003854                MMC_disk_ioctl
 .text.GPIO_Init
                0x08003874      0x144 ..\obj\stm32f4xx_gpio.o
                0x08003874                GPIO_Init
 .text.GPIO_ReadInputDataBit
                0x080039b8       0x3c ..\obj\stm32f4xx_gpio.o
                0x080039b8                GPIO_ReadInputDataBit
 .text.GPIO_SetBits
                0x080039f4       0x1c ..\obj\stm32f4xx_gpio.o
                0x080039f4                GPIO_SetBits
 .text.GPIO_ResetBits
                0x08003a10       0x1c ..\obj\stm32f4xx_gpio.o
                0x08003a10                GPIO_ResetBits
 .text.GPIO_PinAFConfig
                0x08003a2c       0xa8 ..\obj\stm32f4xx_gpio.o
                0x08003a2c                GPIO_PinAFConfig
 .text.USB_disk_initialize
                0x08003ad4       0x48 ..\obj\stm32_ub_usbdisk.o
                0x08003ad4                USB_disk_initialize
 .text.USB_disk_status
                0x08003b1c       0x48 ..\obj\stm32_ub_usbdisk.o
                0x08003b1c                USB_disk_status
 .text.USB_disk_read
                0x08003b64       0xb0 ..\obj\stm32_ub_usbdisk.o
                0x08003b64                USB_disk_read
 .text.USB_disk_write
                0x08003c14       0xb0 ..\obj\stm32_ub_usbdisk.o
                0x08003c14                USB_disk_write
 .text.USB_disk_ioctl
                0x08003cc4       0x7c ..\obj\stm32_ub_usbdisk.o
                0x08003cc4                USB_disk_ioctl
 .text.USBH_MSC_TestUnitReady
                0x08003d40      0x17c ..\obj\usbh_msc_scsi.o
                0x08003d40                USBH_MSC_TestUnitReady
 .text.USBH_MSC_ReadCapacity10
                0x08003ebc      0x1dc ..\obj\usbh_msc_scsi.o
                0x08003ebc                USBH_MSC_ReadCapacity10
 .text.USBH_MSC_ModeSense6
                0x08004098      0x1b8 ..\obj\usbh_msc_scsi.o
                0x08004098                USBH_MSC_ModeSense6
 .text.USBH_MSC_RequestSense
                0x08004250      0x1e4 ..\obj\usbh_msc_scsi.o
                0x08004250                USBH_MSC_RequestSense
 .text.USBH_MSC_Write10
                0x08004434      0x1b4 ..\obj\usbh_msc_scsi.o
                0x08004434                USBH_MSC_Write10
 .text.USBH_MSC_Read10
                0x080045e8      0x1f4 ..\obj\usbh_msc_scsi.o
                0x080045e8                USBH_MSC_Read10
 .text.lista_plikow
                0x080047dc      0x238 ..\obj\lista_plikow.o
                0x080047dc                lista_plikow
 .text.SystemInit
                0x08004a14       0x94 ..\obj\system_stm32f4xx.o
                0x08004a14                SystemInit
 .text.SetSysClock
                0x08004aa8      0x188 ..\obj\system_stm32f4xx.o
 .text._sbrk    0x08004c30       0x5c ..\obj\syscalls.o
                0x08004c30                _sbrk
 .text.USBH_USR_Init
                0x08004c8c        0xc ..\obj\usbh_usr.o
                0x08004c8c                USBH_USR_Init
 .text.USBH_USR_DeviceAttached
                0x08004c98       0x18 ..\obj\usbh_usr.o
                0x08004c98                USBH_USR_DeviceAttached
 .text.USBH_USR_UnrecoveredError
                0x08004cb0       0x18 ..\obj\usbh_usr.o
                0x08004cb0                USBH_USR_UnrecoveredError
 .text.USBH_USR_DeviceDisconnected
                0x08004cc8       0x18 ..\obj\usbh_usr.o
                0x08004cc8                USBH_USR_DeviceDisconnected
 .text.USBH_USR_ResetDevice
                0x08004ce0        0xc ..\obj\usbh_usr.o
                0x08004ce0                USBH_USR_ResetDevice
 .text.USBH_USR_DeviceSpeedDetected
                0x08004cec       0x30 ..\obj\usbh_usr.o
                0x08004cec                USBH_USR_DeviceSpeedDetected
 .text.USBH_USR_Device_DescAvailable
                0x08004d1c       0x14 ..\obj\usbh_usr.o
                0x08004d1c                USBH_USR_Device_DescAvailable
 .text.USBH_USR_DeviceAddressAssigned
                0x08004d30        0xc ..\obj\usbh_usr.o
                0x08004d30                USBH_USR_DeviceAddressAssigned
 .text.USBH_USR_Configuration_DescAvailable
                0x08004d3c       0x18 ..\obj\usbh_usr.o
                0x08004d3c                USBH_USR_Configuration_DescAvailable
 .text.USBH_USR_Manufacturer_String
                0x08004d54       0x14 ..\obj\usbh_usr.o
                0x08004d54                USBH_USR_Manufacturer_String
 .text.USBH_USR_Product_String
                0x08004d68       0x14 ..\obj\usbh_usr.o
                0x08004d68                USBH_USR_Product_String
 .text.USBH_USR_SerialNum_String
                0x08004d7c       0x14 ..\obj\usbh_usr.o
                0x08004d7c                USBH_USR_SerialNum_String
 .text.USBH_USR_EnumerationDone
                0x08004d90        0xc ..\obj\usbh_usr.o
                0x08004d90                USBH_USR_EnumerationDone
 .text.USBH_USR_DeviceNotSupported
                0x08004d9c       0x18 ..\obj\usbh_usr.o
                0x08004d9c                USBH_USR_DeviceNotSupported
 .text.USBH_USR_UserInput
                0x08004db4       0x10 ..\obj\usbh_usr.o
                0x08004db4                USBH_USR_UserInput
 .text.USBH_USR_OverCurrentDetected
                0x08004dc4       0x18 ..\obj\usbh_usr.o
                0x08004dc4                USBH_USR_OverCurrentDetected
 .text.USBH_USR_MSC_Application
                0x08004ddc       0x64 ..\obj\usbh_usr.o
                0x08004ddc                USBH_USR_MSC_Application
 .text.USBH_USR_DeInit
                0x08004e40       0x18 ..\obj\usbh_usr.o
                0x08004e40                USBH_USR_DeInit
 .text.ff_convert
                0x08004e58       0x88 ..\obj\ccsbcs.o
                0x08004e58                ff_convert
 .text.ff_wtoupper
                0x08004ee0       0x70 ..\obj\ccsbcs.o
                0x08004ee0                ff_wtoupper
 .text.USB_OTG_BSP_Init
                0x08004f50       0xd4 ..\obj\usb_bsp.o
                0x08004f50                USB_OTG_BSP_Init
 .text.USB_OTG_BSP_EnableInterrupt
                0x08005024       0x3c ..\obj\usb_bsp.o
                0x08005024                USB_OTG_BSP_EnableInterrupt
 .text.USB_OTG_BSP_DriveVBUS
                0x08005060       0x3c ..\obj\usb_bsp.o
                0x08005060                USB_OTG_BSP_DriveVBUS
 .text.USB_OTG_BSP_ConfigVBUS
                0x0800509c       0x64 ..\obj\usb_bsp.o
                0x0800509c                USB_OTG_BSP_ConfigVBUS
 .text.USB_OTG_BSP_uDelay
                0x08005100       0x58 ..\obj\usb_bsp.o
                0x08005100                USB_OTG_BSP_uDelay
 .text.USB_OTG_BSP_mDelay
                0x08005158       0x20 ..\obj\usb_bsp.o
                0x08005158                USB_OTG_BSP_mDelay
 .text.OTG_FS_IRQHandler
                0x08005178       0x14 ..\obj\usb_bsp.o
                0x08005178                OTG_FS_IRQHandler
 .text.ATA_disk_initialize
                0x0800518c       0x1c ..\obj\stm32_ub_atadrive.o
                0x0800518c                ATA_disk_initialize
 .text.ATA_disk_status
                0x080051a8       0x1c ..\obj\stm32_ub_atadrive.o
                0x080051a8                ATA_disk_status
 .text.ATA_disk_read
                0x080051c4       0x24 ..\obj\stm32_ub_atadrive.o
                0x080051c4                ATA_disk_read
 .text.ATA_disk_write
                0x080051e8       0x24 ..\obj\stm32_ub_atadrive.o
                0x080051e8                ATA_disk_write
 .text.ATA_disk_ioctl
                0x0800520c       0x20 ..\obj\stm32_ub_atadrive.o
                0x0800520c                ATA_disk_ioctl
 .text.mem_cpy  0x0800522c       0x50 ..\obj\ff.o
 .text.mem_set  0x0800527c       0x44 ..\obj\ff.o
 .text.mem_cmp  0x080052c0       0x70 ..\obj\ff.o
 .text.chk_chr  0x08005330       0x38 ..\obj\ff.o
 .text.sync_window
                0x08005368       0xa4 ..\obj\ff.o
 .text.move_window
                0x0800540c       0x60 ..\obj\ff.o
 .text.sync_fs  0x0800546c      0x17c ..\obj\ff.o
 .text.clust2sect
                0x080055e8       0x44 ..\obj\ff.o
                0x080055e8                clust2sect
 .text.get_fat  0x0800562c      0x1a4 ..\obj\ff.o
                0x0800562c                get_fat
 .text.put_fat  0x080057d0      0x268 ..\obj\ff.o
                0x080057d0                put_fat
 .text.remove_chain
                0x08005a38       0xb0 ..\obj\ff.o
 .text.create_chain
                0x08005ae8      0x12c ..\obj\ff.o
 .text.dir_sdi  0x08005c14      0x11c ..\obj\ff.o
 .text.dir_next
                0x08005d30      0x1d8 ..\obj\ff.o
 .text.dir_alloc
                0x08005f08       0x90 ..\obj\ff.o
 .text.ld_clust
                0x08005f98       0x64 ..\obj\ff.o
 .text.st_clust
                0x08005ffc       0x5c ..\obj\ff.o
 .text.cmp_lfn  0x08006058      0x100 ..\obj\ff.o
 .text.pick_lfn
                0x08006158       0xf0 ..\obj\ff.o
 .text.fit_lfn  0x08006248      0x110 ..\obj\ff.o
 .text.gen_numname
                0x08006358      0x108 ..\obj\ff.o
                0x08006358                gen_numname
 .text.sum_sfn  0x08006460       0x50 ..\obj\ff.o
 .text.dir_find
                0x080064b0      0x170 ..\obj\ff.o
 .text.dir_read
                0x08006620      0x150 ..\obj\ff.o
 .text.dir_register
                0x08006770      0x230 ..\obj\ff.o
 .text.dir_remove
                0x080069a0       0xa0 ..\obj\ff.o
 .text.create_name
                0x08006a40      0x3c4 ..\obj\ff.o
 .text.get_fileinfo
                0x08006e04      0x234 ..\obj\ff.o
 .text.follow_path
                0x08007038       0xe4 ..\obj\ff.o
 .text.check_fs
                0x0800711c       0xe8 ..\obj\ff.o
 .text.chk_mounted
                0x08007204      0x60c ..\obj\ff.o
 .text.validate
                0x08007810       0x64 ..\obj\ff.o
 .text.f_mount  0x08007874       0x64 ..\obj\ff.o
                0x08007874                f_mount
 .text.f_open   0x080078d8      0x2dc ..\obj\ff.o
                0x080078d8                f_open
 .text.f_write  0x08007bb4      0x34c ..\obj\ff.o
                0x08007bb4                f_write
 .text.f_sync   0x08007f00      0x188 ..\obj\ff.o
                0x08007f00                f_sync
 .text.f_close  0x08008088       0x2c ..\obj\ff.o
                0x08008088                f_close
 .text.f_lseek  0x080080b4      0x2d8 ..\obj\ff.o
                0x080080b4                f_lseek
 .text.f_opendir
                0x0800838c       0xe0 ..\obj\ff.o
                0x0800838c                f_opendir
 .text.f_readdir
                0x0800846c       0xa4 ..\obj\ff.o
                0x0800846c                f_readdir
 .text.f_getfree
                0x08008510      0x1c4 ..\obj\ff.o
                0x08008510                f_getfree
 .text.f_unlink
                0x080086d4      0x17c ..\obj\ff.o
                0x080086d4                f_unlink
 .text.f_putc   0x08008850       0x54 ..\obj\ff.o
                0x08008850                f_putc
 .text.f_puts   0x080088a4       0x50 ..\obj\ff.o
                0x080088a4                f_puts
 .text.HCD_Init
                0x080088f4       0xa8 ..\obj\usb_hcd.o
                0x080088f4                HCD_Init
 .text.HCD_GetCurrentSpeed
                0x0800899c       0x28 ..\obj\usb_hcd.o
                0x0800899c                HCD_GetCurrentSpeed
 .text.HCD_ResetPort
                0x080089c4       0x1c ..\obj\usb_hcd.o
                0x080089c4                HCD_ResetPort
 .text.HCD_IsDeviceConnected
                0x080089e0       0x1c ..\obj\usb_hcd.o
                0x080089e0                HCD_IsDeviceConnected
 .text.HCD_GetCurrentFrame
                0x080089fc       0x24 ..\obj\usb_hcd.o
                0x080089fc                HCD_GetCurrentFrame
 .text.HCD_GetURB_State
                0x08008a20       0x24 ..\obj\usb_hcd.o
                0x08008a20                HCD_GetURB_State
 .text.HCD_GetXferCnt
                0x08008a44       0x24 ..\obj\usb_hcd.o
                0x08008a44                HCD_GetXferCnt
 .text.HCD_SubmitRequest
                0x08008a68       0x44 ..\obj\usb_hcd.o
                0x08008a68                HCD_SubmitRequest
 .text.USBH_MSC_Init
                0x08008aac       0x78 ..\obj\usbh_msc_bot.o
                0x08008aac                USBH_MSC_Init
 .text.USBH_MSC_HandleBOTXfer
                0x08008b24      0x5e4 ..\obj\usbh_msc_bot.o
                0x08008b24                USBH_MSC_HandleBOTXfer
 .text.USBH_MSC_BOT_Abort
                0x08009108       0xa0 ..\obj\usbh_msc_bot.o
                0x08009108                USBH_MSC_BOT_Abort
 .text.USBH_MSC_DecodeCSW
                0x080091a8       0xd4 ..\obj\usbh_msc_bot.o
                0x080091a8                USBH_MSC_DecodeCSW
 .text.usuwanie_plikow
                0x0800927c      0x128 ..\obj\usuwanie_plikow.o
                0x0800927c                usuwanie_plikow
 .text.USBH_CtlReq
                0x080093a4       0xa8 ..\obj\usbh_ioreq.o
                0x080093a4                USBH_CtlReq
 .text.USBH_CtlSendSetup
                0x0800944c       0x7c ..\obj\usbh_ioreq.o
                0x0800944c                USBH_CtlSendSetup
 .text.USBH_CtlSendData
                0x080094c8       0xc4 ..\obj\usbh_ioreq.o
                0x080094c8                USBH_CtlSendData
 .text.USBH_CtlReceiveData
                0x0800958c       0x7c ..\obj\usbh_ioreq.o
                0x0800958c                USBH_CtlReceiveData
 .text.USBH_BulkSendData
                0x08009608       0xa8 ..\obj\usbh_ioreq.o
                0x08009608                USBH_BulkSendData
 .text.USBH_BulkReceiveData
                0x080096b0       0xa8 ..\obj\usbh_ioreq.o
                0x080096b0                USBH_BulkReceiveData
 .text.USBH_SubmitSetupRequest
                0x08009758       0x44 ..\obj\usbh_ioreq.o
 .text.NVIC_PriorityGroupConfig
                0x0800979c       0x28 ..\obj\misc.o
                0x0800979c                NVIC_PriorityGroupConfig
 .text.NVIC_Init
                0x080097c4       0xe4 ..\obj\misc.o
                0x080097c4                NVIC_Init
 .text.USBH_OTG_ISR_Handler
                0x080098a8      0x114 ..\obj\usb_hcd_int.o
                0x080098a8                USBH_OTG_ISR_Handler
 .text.USB_OTG_USBH_handle_hc_ISR
                0x080099bc       0x9c ..\obj\usb_hcd_int.o
 .text.USB_OTG_USBH_handle_sof_ISR
                0x08009a58       0x30 ..\obj\usb_hcd_int.o
 .text.USB_OTG_USBH_handle_Disconnect_ISR
                0x08009a88       0x44 ..\obj\usb_hcd_int.o
 .text.USB_OTG_USBH_handle_nptxfempty_ISR
                0x08009acc      0x1b0 ..\obj\usb_hcd_int.o
 .text.USB_OTG_USBH_handle_ptxfempty_ISR
                0x08009c7c      0x1b0 ..\obj\usb_hcd_int.o
 .text.USB_OTG_USBH_handle_port_ISR
                0x08009e2c      0x180 ..\obj\usb_hcd_int.o
 .text.USB_OTG_USBH_handle_hc_n_Out_ISR
                0x08009fac      0x560 ..\obj\usb_hcd_int.o
 .text.USB_OTG_USBH_handle_hc_n_In_ISR
                0x0800a50c      0x60c ..\obj\usb_hcd_int.o
 .text.USB_OTG_USBH_handle_rx_qlvl_ISR
                0x0800ab18      0x1c8 ..\obj\usb_hcd_int.o
 .text.USB_OTG_USBH_handle_IncompletePeriodicXfer_ISR
                0x0800ace0       0x54 ..\obj\usb_hcd_int.o
 .text.sprintf  0x0800ad34       0x50 d:/stm32_discovery/sterowniki/gnu tools arm embedded/4.7 2013q3/bin/../lib/gcc/arm-none-eabi/4.7.4/../../../../arm-none-eabi/lib/armv7e-m\libg.a(lib_a-sprintf.o)
                0x0800ad34                sprintf
 .text.strcat   0x0800ad84       0x4c d:/stm32_discovery/sterowniki/gnu tools arm embedded/4.7 2013q3/bin/../lib/gcc/arm-none-eabi/4.7.4/../../../../arm-none-eabi/lib/armv7e-m\libg.a(lib_a-strcat.o)
                0x0800ad84                strcat
 .text.strcpy   0x0800add0       0xbc d:/stm32_discovery/sterowniki/gnu tools arm embedded/4.7 2013q3/bin/../lib/gcc/arm-none-eabi/4.7.4/../../../../arm-none-eabi/lib/armv7e-m\libg.a(lib_a-strcpy.o)
                0x0800add0                strcpy
 .text._svfprintf_r
                0x0800ae8c     0x1adc d:/stm32_discovery/sterowniki/gnu tools arm embedded/4.7 2013q3/bin/../lib/gcc/arm-none-eabi/4.7.4/../../../../arm-none-eabi/lib/armv7e-m\libg.a(lib_a-svfprintf.o)
                0x0800ae8c                _svfprintf_r
 .text.quorem   0x0800c968      0x2ec d:/stm32_discovery/sterowniki/gnu tools arm embedded/4.7 2013q3/bin/../lib/gcc/arm-none-eabi/4.7.4/../../../../arm-none-eabi/lib/armv7e-m\libg.a(lib_a-dtoa.o)
 *fill*         0x0800cc54        0x4 00
 .text._dtoa_r  0x0800cc58     0x1258 d:/stm32_discovery/sterowniki/gnu tools arm embedded/4.7 2013q3/bin/../lib/gcc/arm-none-eabi/4.7.4/../../../../arm-none-eabi/lib/armv7e-m\libg.a(lib_a-dtoa.o)
                0x0800cc58                _dtoa_r
 .text._localeconv_r
                0x0800deb0        0xc d:/stm32_discovery/sterowniki/gnu tools arm embedded/4.7 2013q3/bin/../lib/gcc/arm-none-eabi/4.7.4/../../../../arm-none-eabi/lib/armv7e-m\libg.a(lib_a-locale.o)
                0x0800deb0                _localeconv_r
 .text._malloc_r
                0x0800debc      0x55c d:/stm32_discovery/sterowniki/gnu tools arm embedded/4.7 2013q3/bin/../lib/gcc/arm-none-eabi/4.7.4/../../../../arm-none-eabi/lib/armv7e-m\libg.a(lib_a-mallocr.o)
                0x0800debc                _malloc_r
 .text.memchr   0x0800e418      0x140 d:/stm32_discovery/sterowniki/gnu tools arm embedded/4.7 2013q3/bin/../lib/gcc/arm-none-eabi/4.7.4/../../../../arm-none-eabi/lib/armv7e-m\libg.a(lib_a-memchr.o)
                0x0800e418                memchr
 .text.memcpy   0x0800e558      0x144 d:/stm32_discovery/sterowniki/gnu tools arm embedded/4.7 2013q3/bin/../lib/gcc/arm-none-eabi/4.7.4/../../../../arm-none-eabi/lib/armv7e-m\libg.a(lib_a-memcpy.o)
                0x0800e558                memcpy
 .text.__malloc_lock
                0x0800e69c        0x4 d:/stm32_discovery/sterowniki/gnu tools arm embedded/4.7 2013q3/bin/../lib/gcc/arm-none-eabi/4.7.4/../../../../arm-none-eabi/lib/armv7e-m\libg.a(lib_a-mlock.o)
                0x0800e69c                __malloc_lock
 .text.__malloc_unlock
                0x0800e6a0        0x4 d:/stm32_discovery/sterowniki/gnu tools arm embedded/4.7 2013q3/bin/../lib/gcc/arm-none-eabi/4.7.4/../../../../arm-none-eabi/lib/armv7e-m\libg.a(lib_a-mlock.o)
                0x0800e6a0                __malloc_unlock
 .text._Balloc  0x0800e6a4       0x4c d:/stm32_discovery/sterowniki/gnu tools arm embedded/4.7 2013q3/bin/../lib/gcc/arm-none-eabi/4.7.4/../../../../arm-none-eabi/lib/armv7e-m\libg.a(lib_a-mprec.o)
                0x0800e6a4                _Balloc
 .text._Bfree   0x0800e6f0       0x14 d:/stm32_discovery/sterowniki/gnu tools arm embedded/4.7 2013q3/bin/../lib/gcc/arm-none-eabi/4.7.4/../../../../arm-none-eabi/lib/armv7e-m\libg.a(lib_a-mprec.o)
                0x0800e6f0                _Bfree
 .text.__multadd
                0x0800e704       0xf8 d:/stm32_discovery/sterowniki/gnu tools arm embedded/4.7 2013q3/bin/../lib/gcc/arm-none-eabi/4.7.4/../../../../arm-none-eabi/lib/armv7e-m\libg.a(lib_a-mprec.o)
                0x0800e704                __multadd
 .text.__hi0bits
                0x0800e7fc       0x3c d:/stm32_discovery/sterowniki/gnu tools arm embedded/4.7 2013q3/bin/../lib/gcc/arm-none-eabi/4.7.4/../../../../arm-none-eabi/lib/armv7e-m\libg.a(lib_a-mprec.o)
                0x0800e7fc                __hi0bits
 .text.__lo0bits
                0x0800e838       0x5c d:/stm32_discovery/sterowniki/gnu tools arm embedded/4.7 2013q3/bin/../lib/gcc/arm-none-eabi/4.7.4/../../../../arm-none-eabi/lib/armv7e-m\libg.a(lib_a-mprec.o)
                0x0800e838                __lo0bits
 .text.__i2b    0x0800e894       0x14 d:/stm32_discovery/sterowniki/gnu tools arm embedded/4.7 2013q3/bin/../lib/gcc/arm-none-eabi/4.7.4/../../../../arm-none-eabi/lib/armv7e-m\libg.a(lib_a-mprec.o)
                0x0800e894                __i2b
 .text.__multiply
                0x0800e8a8      0x2d0 d:/stm32_discovery/sterowniki/gnu tools arm embedded/4.7 2013q3/bin/../lib/gcc/arm-none-eabi/4.7.4/../../../../arm-none-eabi/lib/armv7e-m\libg.a(lib_a-mprec.o)
                0x0800e8a8                __multiply
 .text.__pow5mult
                0x0800eb78       0x94 d:/stm32_discovery/sterowniki/gnu tools arm embedded/4.7 2013q3/bin/../lib/gcc/arm-none-eabi/4.7.4/../../../../arm-none-eabi/lib/armv7e-m\libg.a(lib_a-mprec.o)
                0x0800eb78                __pow5mult
 .text.__lshift
                0x0800ec0c      0x188 d:/stm32_discovery/sterowniki/gnu tools arm embedded/4.7 2013q3/bin/../lib/gcc/arm-none-eabi/4.7.4/../../../../arm-none-eabi/lib/armv7e-m\libg.a(lib_a-mprec.o)
                0x0800ec0c                __lshift
 .text.__mcmp   0x0800ed94       0x5c d:/stm32_discovery/sterowniki/gnu tools arm embedded/4.7 2013q3/bin/../lib/gcc/arm-none-eabi/4.7.4/../../../../arm-none-eabi/lib/armv7e-m\libg.a(lib_a-mprec.o)
                0x0800ed94                __mcmp
 .text.__mdiff  0x0800edf0      0x20c d:/stm32_discovery/sterowniki/gnu tools arm embedded/4.7 2013q3/bin/../lib/gcc/arm-none-eabi/4.7.4/../../../../arm-none-eabi/lib/armv7e-m\libg.a(lib_a-mprec.o)
                0x0800edf0                __mdiff
 .text.__d2b    0x0800effc       0xc0 d:/stm32_discovery/sterowniki/gnu tools arm embedded/4.7 2013q3/bin/../lib/gcc/arm-none-eabi/4.7.4/../../../../arm-none-eabi/lib/armv7e-m\libg.a(lib_a-mprec.o)
                0x0800effc                __d2b
 .text.__fpclassifyd
                0x0800f0bc       0x68 d:/stm32_discovery/sterowniki/gnu tools arm embedded/4.7 2013q3/bin/../lib/gcc/arm-none-eabi/4.7.4/../../../../arm-none-eabi/lib/armv7e-m\libg.a(lib_a-s_fpclassify.o)
                0x0800f0bc                __fpclassifyd
 .text._sbrk_r  0x0800f124       0x24 d:/stm32_discovery/sterowniki/gnu tools arm embedded/4.7 2013q3/bin/../lib/gcc/arm-none-eabi/4.7.4/../../../../arm-none-eabi/lib/armv7e-m\libg.a(lib_a-sbrkr.o)
                0x0800f124                _sbrk_r
 .text.strlen   0x0800f148       0x60 d:/stm32_discovery/sterowniki/gnu tools arm embedded/4.7 2013q3/bin/../lib/gcc/arm-none-eabi/4.7.4/../../../../arm-none-eabi/lib/armv7e-m\libg.a(lib_a-strlen.o)
                0x0800f148                strlen
 .text.__ssprint_r
                0x0800f1a8      0x100 d:/stm32_discovery/sterowniki/gnu tools arm embedded/4.7 2013q3/bin/../lib/gcc/arm-none-eabi/4.7.4/../../../../arm-none-eabi/lib/armv7e-m\libg.a(lib_a-svfiprintf.o)
                0x0800f1a8                __ssprint_r
 .text._calloc_r
                0x0800f2a8       0x60 d:/stm32_discovery/sterowniki/gnu tools arm embedded/4.7 2013q3/bin/../lib/gcc/arm-none-eabi/4.7.4/../../../../arm-none-eabi/lib/armv7e-m\libg.a(lib_a-callocr.o)
                0x0800f2a8                _calloc_r
 .text._malloc_trim_r
                0x0800f308       0x98 d:/stm32_discovery/sterowniki/gnu tools arm embedded/4.7 2013q3/bin/../lib/gcc/arm-none-eabi/4.7.4/../../../../arm-none-eabi/lib/armv7e-m\libg.a(lib_a-freer.o)
                0x0800f308                _malloc_trim_r
 .text._free_r  0x0800f3a0      0x194 d:/stm32_discovery/sterowniki/gnu tools arm embedded/4.7 2013q3/bin/../lib/gcc/arm-none-eabi/4.7.4/../../../../arm-none-eabi/lib/armv7e-m\libg.a(lib_a-freer.o)
                0x0800f3a0                _free_r
 .text.memmove  0x0800f534      0x198 d:/stm32_discovery/sterowniki/gnu tools arm embedded/4.7 2013q3/bin/../lib/gcc/arm-none-eabi/4.7.4/../../../../arm-none-eabi/lib/armv7e-m\libg.a(lib_a-memmove.o)
                0x0800f534                memmove
 .text.memset   0x0800f6cc      0x12c d:/stm32_discovery/sterowniki/gnu tools arm embedded/4.7 2013q3/bin/../lib/gcc/arm-none-eabi/4.7.4/../../../../arm-none-eabi/lib/armv7e-m\libg.a(lib_a-memset.o)
                0x0800f6cc                memset
 .text._realloc_r
                0x0800f7f8      0x3dc d:/stm32_discovery/sterowniki/gnu tools arm embedded/4.7 2013q3/bin/../lib/gcc/arm-none-eabi/4.7.4/../../../../arm-none-eabi/lib/armv7e-m\libg.a(lib_a-reallocr.o)
                0x0800f7f8                _realloc_r
 .text          0x0800fbd4      0x370 d:/stm32_discovery/sterowniki/gnu tools arm embedded/4.7 2013q3/bin/../lib/gcc/arm-none-eabi/4.7.4/armv7e-m\libgcc.a(_arm_addsubdf3.o)
                0x0800fbd4                __aeabi_drsub
                0x0800fbdc                __aeabi_dsub
                0x0800fbdc                __subdf3
                0x0800fbe0                __aeabi_dadd
                0x0800fbe0                __adddf3
                0x0800fe58                __floatunsidf
                0x0800fe58                __aeabi_ui2d
                0x0800fe78                __floatsidf
                0x0800fe78                __aeabi_i2d
                0x0800fe9c                __aeabi_f2d
                0x0800fe9c                __extendsfdf2
                0x0800fed8                __floatundidf
                0x0800fed8                __aeabi_ul2d
                0x0800fee8                __floatdidf
                0x0800fee8                __aeabi_l2d
 .text          0x0800ff44      0x424 d:/stm32_discovery/sterowniki/gnu tools arm embedded/4.7 2013q3/bin/../lib/gcc/arm-none-eabi/4.7.4/armv7e-m\libgcc.a(_arm_muldivdf3.o)
                0x0800ff44                __aeabi_dmul
                0x0800ff44                __muldf3
                0x08010198                __divdf3
                0x08010198                __aeabi_ddiv
 .text          0x08010368      0x110 d:/stm32_discovery/sterowniki/gnu tools arm embedded/4.7 2013q3/bin/../lib/gcc/arm-none-eabi/4.7.4/armv7e-m\libgcc.a(_arm_cmpdf2.o)
                0x08010368                __gtdf2
                0x08010368                __gedf2
                0x08010370                __ltdf2
                0x08010370                __ledf2
                0x08010378                __nedf2
                0x08010378                __eqdf2
                0x08010378                __cmpdf2
                0x080103f4                __aeabi_cdrcmple
                0x08010404                __aeabi_cdcmpeq
                0x08010404                __aeabi_cdcmple
                0x08010414                __aeabi_dcmpeq
                0x08010428                __aeabi_dcmplt
                0x0801043c                __aeabi_dcmple
                0x08010450                __aeabi_dcmpge
                0x08010464                __aeabi_dcmpgt
 .text          0x08010478       0x50 d:/stm32_discovery/sterowniki/gnu tools arm embedded/4.7 2013q3/bin/../lib/gcc/arm-none-eabi/4.7.4/armv7e-m\libgcc.a(_arm_fixdfsi.o)
                0x08010478                __aeabi_d2iz
                0x08010478                __fixdfsi
 .text          0x080104c8       0x2c d:/stm32_discovery/sterowniki/gnu tools arm embedded/4.7 2013q3/bin/../lib/gcc/arm-none-eabi/4.7.4/armv7e-m\libgcc.a(_aeabi_uldivmod.o)
                0x080104c8                __aeabi_uldivmod
 .text          0x080104f4       0x58 d:/stm32_discovery/sterowniki/gnu tools arm embedded/4.7 2013q3/bin/../lib/gcc/arm-none-eabi/4.7.4/armv7e-m\libgcc.a(bpabi.o)
                0x080104f4                __gnu_ldivmod_helper
                0x08010520                __gnu_uldivmod_helper
 .text          0x0801054c        0x4 d:/stm32_discovery/sterowniki/gnu tools arm embedded/4.7 2013q3/bin/../lib/gcc/arm-none-eabi/4.7.4/armv7e-m\libgcc.a(_dvmd_tls.o)
                0x0801054c                __aeabi_idiv0
                0x0801054c                __aeabi_ldiv0
 .text          0x08010550      0x2bc d:/stm32_discovery/sterowniki/gnu tools arm embedded/4.7 2013q3/bin/../lib/gcc/arm-none-eabi/4.7.4/armv7e-m\libgcc.a(_divdi3.o)
                0x08010550                __divdi3
 .text          0x0801080c      0x288 d:/stm32_discovery/sterowniki/gnu tools arm embedded/4.7 2013q3/bin/../lib/gcc/arm-none-eabi/4.7.4/armv7e-m\libgcc.a(_udivdi3.o)
                0x0801080c                __udivdi3
 *(.glue_7t)
 .glue_7t       0x00000000        0x0 linker stubs
 *(.glue_7)
 .glue_7        0x00000000        0x0 linker stubs
 *(.rodata .rodata* .gnu.linkonce.r.*)
 .rodata        0x08010a94        0x4 ..\obj\stm32_ub_fatfs.o
 .rodata        0x08010a98        0x4 ..\obj\usbh_core.o
 .rodata        0x08010a9c       0xc4 ..\obj\lista_plikow.o
 .rodata        0x08010b60      0x4c0 ..\obj\ccsbcs.o
 .rodata        0x08011020       0xa4 ..\obj\ff.o
 .rodata        0x080110c4        0x4 ..\obj\usuwanie_plikow.o
 .rodata.str1.4
                0x080110c8       0x42 d:/stm32_discovery/sterowniki/gnu tools arm embedded/4.7 2013q3/bin/../lib/gcc/arm-none-eabi/4.7.4/../../../../arm-none-eabi/lib/armv7e-m\libg.a(lib_a-svfprintf.o)
                                 0x44 (size before relaxing)
 *fill*         0x0801110a        0x2 00
 .rodata.zeroes.6721
                0x0801110c       0x10 d:/stm32_discovery/sterowniki/gnu tools arm embedded/4.7 2013q3/bin/../lib/gcc/arm-none-eabi/4.7.4/../../../../arm-none-eabi/lib/armv7e-m\libg.a(lib_a-svfprintf.o)
 .rodata.blanks.6720
                0x0801111c       0x10 d:/stm32_discovery/sterowniki/gnu tools arm embedded/4.7 2013q3/bin/../lib/gcc/arm-none-eabi/4.7.4/../../../../arm-none-eabi/lib/armv7e-m\libg.a(lib_a-svfprintf.o)
 .rodata.str1.4
                0x0801112c       0x10 d:/stm32_discovery/sterowniki/gnu tools arm embedded/4.7 2013q3/bin/../lib/gcc/arm-none-eabi/4.7.4/../../../../arm-none-eabi/lib/armv7e-m\libg.a(lib_a-dtoa.o)
                                 0x14 (size before relaxing)
 .rodata.str1.4
                0x0801113c        0x2 d:/stm32_discovery/sterowniki/gnu tools arm embedded/4.7 2013q3/bin/../lib/gcc/arm-none-eabi/4.7.4/../../../../arm-none-eabi/lib/armv7e-m\libg.a(lib_a-impure.o)
                                  0x4 (size before relaxing)
 *fill*         0x0801113e        0x2 00
 .rodata.str1.4
                0x08011140        0xc d:/stm32_discovery/sterowniki/gnu tools arm embedded/4.7 2013q3/bin/../lib/gcc/arm-none-eabi/4.7.4/../../../../arm-none-eabi/lib/armv7e-m\libg.a(lib_a-locale.o)
                                 0x14 (size before relaxing)
 .rodata.p05.5242
                0x0801114c        0xc d:/stm32_discovery/sterowniki/gnu tools arm embedded/4.7 2013q3/bin/../lib/gcc/arm-none-eabi/4.7.4/../../../../arm-none-eabi/lib/armv7e-m\libg.a(lib_a-mprec.o)
 .rodata.__mprec_tens
                0x08011158       0xc8 d:/stm32_discovery/sterowniki/gnu tools arm embedded/4.7 2013q3/bin/../lib/gcc/arm-none-eabi/4.7.4/../../../../arm-none-eabi/lib/armv7e-m\libg.a(lib_a-mprec.o)
                0x08011158                __mprec_tens
 .rodata.__mprec_bigtens
                0x08011220       0x28 d:/stm32_discovery/sterowniki/gnu tools arm embedded/4.7 2013q3/bin/../lib/gcc/arm-none-eabi/4.7.4/../../../../arm-none-eabi/lib/armv7e-m\libg.a(lib_a-mprec.o)
                0x08011220                __mprec_bigtens

.vfp11_veneer   0x08011248        0x0
 .vfp11_veneer  0x00000000        0x0 linker stubs

.v4_bx          0x08011248        0x0
 .v4_bx         0x00000000        0x0 linker stubs

.iplt           0x08011248        0x0
 .iplt          0x00000000        0x0 ..\obj\usb_core.o

.ARM.extab
 *(.ARM.extab* .gnu.linkonce.armextab.*)
                0x08011248                __exidx_start = .

.ARM.exidx      0x08011248        0x8
 *(.ARM.exidx* .gnu.linkonce.armexidx.*)
 .ARM.exidx     0x08011248        0x8 d:/stm32_discovery/sterowniki/gnu tools arm embedded/4.7 2013q3/bin/../lib/gcc/arm-none-eabi/4.7.4/armv7e-m\libgcc.a(_divdi3.o)
 .ARM.exidx     0x08011250        0x0 d:/stm32_discovery/sterowniki/gnu tools arm embedded/4.7 2013q3/bin/../lib/gcc/arm-none-eabi/4.7.4/armv7e-m\libgcc.a(_udivdi3.o)
                                  0x8 (size before relaxing)
                0x08011250                __exidx_end = .

.rel.dyn        0x08011250        0x0
 .rel.iplt      0x00000000        0x0 ..\obj\usb_core.o
                0x08011250                . = ALIGN (0x4)
                0x08011250                _etext = .
                0x08011250                _sidata = .

.data           0x20000000      0x92c load address 0x08011250
                0x20000000                _sdata = .
 *(.data .data.*)
 .data          0x20000000       0x50 ..\obj\stm32_ub_led.o
                0x20000000                LED
 .data          0x20000050       0x10 ..\obj\usbh_msc_core.o
                0x20000050                USBH_MSC_cb
 .data          0x20000060        0xc ..\obj\usbh_core.o
                0x20000060                USBH_DeviceConnStatus_cb
 .data          0x2000006c        0x1 ..\obj\usbh_msc_scsi.o
 *fill*         0x2000006d        0x3 00
 .data          0x20000070       0x48 ..\obj\usbh_usr.o
                0x20000070                USR_Callbacks
 .data.impure_data
                0x200000b8      0x428 d:/stm32_discovery/sterowniki/gnu tools arm embedded/4.7 2013q3/bin/../lib/gcc/arm-none-eabi/4.7.4/../../../../arm-none-eabi/lib/armv7e-m\libg.a(lib_a-impure.o)
 .data._impure_ptr
                0x200004e0        0x4 d:/stm32_discovery/sterowniki/gnu tools arm embedded/4.7 2013q3/bin/../lib/gcc/arm-none-eabi/4.7.4/../../../../arm-none-eabi/lib/armv7e-m\libg.a(lib_a-impure.o)
                0x200004e0                _impure_ptr
 .data.lconv    0x200004e4       0x38 d:/stm32_discovery/sterowniki/gnu tools arm embedded/4.7 2013q3/bin/../lib/gcc/arm-none-eabi/4.7.4/../../../../arm-none-eabi/lib/armv7e-m\libg.a(lib_a-locale.o)
 .data.__malloc_av_
                0x2000051c      0x408 d:/stm32_discovery/sterowniki/gnu tools arm embedded/4.7 2013q3/bin/../lib/gcc/arm-none-eabi/4.7.4/../../../../arm-none-eabi/lib/armv7e-m\libg.a(lib_a-mallocr.o)
                0x2000051c                __malloc_av_
 .data.__malloc_trim_threshold
                0x20000924        0x4 d:/stm32_discovery/sterowniki/gnu tools arm embedded/4.7 2013q3/bin/../lib/gcc/arm-none-eabi/4.7.4/../../../../arm-none-eabi/lib/armv7e-m\libg.a(lib_a-mallocr.o)
                0x20000924                __malloc_trim_threshold
 .data.__malloc_sbrk_base
                0x20000928        0x4 d:/stm32_discovery/sterowniki/gnu tools arm embedded/4.7 2013q3/bin/../lib/gcc/arm-none-eabi/4.7.4/../../../../arm-none-eabi/lib/armv7e-m\libg.a(lib_a-mallocr.o)
                0x20000928                __malloc_sbrk_base
                0x2000092c                . = ALIGN (0x4)
                0x2000092c                _edata = .

.igot.plt       0x2000092c        0x0 load address 0x08011b7c
 .igot.plt      0x00000000        0x0 ..\obj\usb_core.o

.bss            0x2000092c     0x156c load address 0x08011b7c
                0x2000092c                _sbss = .
 *(.bss .bss.*)
 .bss           0x2000092c      0x234 ..\obj\stm32_ub_fatfs.o
 .bss           0x20000b60        0x2 ..\obj\usbh_msc_core.o
                0x20000b60                MSCErrorCount
 .bss           0x20000b62        0x2 ..\obj\usbh_core.o
 .bss           0x20000b64        0x4 ..\obj\syscalls.o
 .bss           0x20000b68        0x1 ..\obj\usbh_usr.o
 *fill*         0x20000b69        0x3 00
 .bss           0x20000b6c      0x208 ..\obj\ff.o
 .bss           0x20000d74       0x10 ..\obj\usbh_msc_bot.o
 .bss.__malloc_max_total_mem
                0x20000d84        0x4 d:/stm32_discovery/sterowniki/gnu tools arm embedded/4.7 2013q3/bin/../lib/gcc/arm-none-eabi/4.7.4/../../../../arm-none-eabi/lib/armv7e-m\libg.a(lib_a-mallocr.o)
                0x20000d84                __malloc_max_total_mem
 .bss.__malloc_max_sbrked_mem
                0x20000d88        0x4 d:/stm32_discovery/sterowniki/gnu tools arm embedded/4.7 2013q3/bin/../lib/gcc/arm-none-eabi/4.7.4/../../../../arm-none-eabi/lib/armv7e-m\libg.a(lib_a-mallocr.o)
                0x20000d88                __malloc_max_sbrked_mem
 .bss.__malloc_top_pad
                0x20000d8c        0x4 d:/stm32_discovery/sterowniki/gnu tools arm embedded/4.7 2013q3/bin/../lib/gcc/arm-none-eabi/4.7.4/../../../../arm-none-eabi/lib/armv7e-m\libg.a(lib_a-mallocr.o)
                0x20000d8c                __malloc_top_pad
 .bss.__malloc_current_mallinfo
                0x20000d90       0x28 d:/stm32_discovery/sterowniki/gnu tools arm embedded/4.7 2013q3/bin/../lib/gcc/arm-none-eabi/4.7.4/../../../../arm-none-eabi/lib/armv7e-m\libg.a(lib_a-mallocr.o)
                0x20000d90                __malloc_current_mallinfo
 *(COMMON)
 COMMON         0x20000db8      0x538 ..\obj\stm32_ub_usb_msc_host.o
                0x20000db8                USB_MSC_HOST_STATUS
                0x20000dbc                USB_OTG_Core
                0x2000126c                USB_Host
 COMMON         0x200012f0      0x700 ..\obj\funkcje.o
                0x200012f0                sBuffer2Write
                0x200016f0                lfnBuffer
                0x200018f0                sBuffer
 COMMON         0x200019f0       0x54 ..\obj\usbh_msc_core.o
                0x200019f0                MSC_Machine
                0x20001a3c                MSC_Setup
 COMMON         0x20001a44      0x410 ..\obj\usbh_msc_scsi.o
                0x20001a44                USBH_DataInBuffer
                0x20001c44                USBH_MSC_Param
                0x20001c54                USBH_DataOutBuffer
 COMMON         0x20001e54       0x40 ..\obj\usbh_msc_bot.o
                0x20001e54                USBH_MSC_CSWData
                0x20001e64                USBH_MSC_BOTXferParam
                0x20001e74                USBH_MSC_CBWData
 COMMON         0x20001e94        0x4 d:/stm32_discovery/sterowniki/gnu tools arm embedded/4.7 2013q3/bin/../lib/gcc/arm-none-eabi/4.7.4/../../../../arm-none-eabi/lib/armv7e-m\libg.a(lib_a-reent.o)
                0x20001e94                errno
                0x20001e98                . = ALIGN (0x4)
                0x20001e98                _ebss = .

.co_stack       0x20001e98      0x800 load address 0x080130e8
                0x20001e98                . = ALIGN (0x8)
 *(.co_stack .co_stack.*)
 .co_stack      0x20001e98      0x800 ..\obj\startup_stm32f4xx.o
                0x20001e98                pulStack
                0x20002698                . = ALIGN (0x4)
                0x20002698                _end = .
LOAD ..\obj\usb_core.o
LOAD ..\obj\stm32_ub_usb_msc_host.o
LOAD ..\obj\usbh_hcs.o
LOAD ..\obj\usbh_stdreq.o
LOAD ..\obj\funkcje.o
LOAD ..\obj\diskio.o
LOAD ..\obj\startup_stm32f4xx.o
LOAD ..\obj\stm32_ub_led.o
LOAD ..\obj\main.o
LOAD ..\obj\stm32_ub_fatfs.o
LOAD ..\obj\stm32f4xx_rcc.o
LOAD ..\obj\init.o
LOAD ..\obj\usbh_msc_core.o
LOAD ..\obj\usbh_core.o
LOAD ..\obj\stm32_ub_sdcard.o
LOAD ..\obj\stm32f4xx_gpio.o
LOAD ..\obj\stm32_ub_usbdisk.o
LOAD ..\obj\usbh_msc_scsi.o
LOAD ..\obj\lista_plikow.o
LOAD ..\obj\system_stm32f4xx.o
LOAD ..\obj\syscalls.o
LOAD ..\obj\usbh_usr.o
LOAD ..\obj\ccsbcs.o
LOAD ..\obj\usb_bsp.o
LOAD ..\obj\stm32_ub_atadrive.o
LOAD ..\obj\ff.o
LOAD ..\obj\usb_hcd.o
LOAD ..\obj\usbh_msc_bot.o
LOAD ..\obj\usuwanie_plikow.o
LOAD ..\obj\stm32f4xx_exti.o
LOAD ..\obj\usbh_ioreq.o
LOAD ..\obj\misc.o
LOAD ..\obj\stm32f4xx_tim.o
LOAD ..\obj\usb_hcd_int.o
START GROUP
LOAD d:/stm32_discovery/sterowniki/gnu tools arm embedded/4.7 2013q3/bin/../lib/gcc/arm-none-eabi/4.7.4/armv7e-m\libgcc.a
LOAD d:/stm32_discovery/sterowniki/gnu tools arm embedded/4.7 2013q3/bin/../lib/gcc/arm-none-eabi/4.7.4/../../../../arm-none-eabi/lib/armv7e-m\libg.a
LOAD d:/stm32_discovery/sterowniki/gnu tools arm embedded/4.7 2013q3/bin/../lib/gcc/arm-none-eabi/4.7.4/../../../../arm-none-eabi/lib/armv7e-m\libc.a
END GROUP
OUTPUT(STM32F4_PenDriveProject_KWPS.elf elf32-littlearm)

.debug_info     0x00000000    0x1944b
 .debug_info    0x00000000     0x22d0 ..\obj\usb_core.o
 .debug_info    0x000022d0     0x1457 ..\obj\stm32_ub_usb_msc_host.o
 .debug_info    0x00003727      0xc23 ..\obj\usbh_hcs.o
 .debug_info    0x0000434a     0x1880 ..\obj\usbh_stdreq.o
 .debug_info    0x00005bca      0x283 ..\obj\funkcje.o
 .debug_info    0x00005e4d      0x350 ..\obj\diskio.o
 .debug_info    0x0000619d      0x103 ..\obj\startup_stm32f4xx.o
 .debug_info    0x000062a0      0x441 ..\obj\stm32_ub_led.o
 .debug_info    0x000066e1      0x16d ..\obj\main.o
 .debug_info    0x0000684e      0x8c7 ..\obj\stm32_ub_fatfs.o
 .debug_info    0x00007115      0xd49 ..\obj\stm32f4xx_rcc.o
 .debug_info    0x00007e5e      0x820 ..\obj\init.o
 .debug_info    0x0000867e     0x1785 ..\obj\usbh_msc_core.o
 .debug_info    0x00009e03     0x162a ..\obj\usbh_core.o
 .debug_info    0x0000b42d      0x260 ..\obj\stm32_ub_sdcard.o
 .debug_info    0x0000b68d      0x640 ..\obj\stm32f4xx_gpio.o
 .debug_info    0x0000bccd     0x166f ..\obj\stm32_ub_usbdisk.o
 .debug_info    0x0000d33c      0xf9e ..\obj\usbh_msc_scsi.o
 .debug_info    0x0000e2da      0x6e7 ..\obj\lista_plikow.o
 .debug_info    0x0000e9c1      0x5f5 ..\obj\system_stm32f4xx.o
 .debug_info    0x0000efb6      0x443 ..\obj\syscalls.o
 .debug_info    0x0000f3f9      0x6fd ..\obj\usbh_usr.o
 .debug_info    0x0000faf6      0x167 ..\obj\ccsbcs.o
 .debug_info    0x0000fc5d     0x1019 ..\obj\usb_bsp.o
 .debug_info    0x00010c76      0x260 ..\obj\stm32_ub_atadrive.o
 .debug_info    0x00010ed6     0x1eb7 ..\obj\ff.o
 .debug_info    0x00012d8d      0xda9 ..\obj\usb_hcd.o
 .debug_info    0x00013b36     0x181b ..\obj\usbh_msc_bot.o
 .debug_info    0x00015351      0x5a7 ..\obj\usuwanie_plikow.o
 .debug_info    0x000158f8     0x168d ..\obj\usbh_ioreq.o
 .debug_info    0x00016f85      0x592 ..\obj\misc.o
 .debug_info    0x00017517     0x1f34 ..\obj\usb_hcd_int.o

.debug_abbrev   0x00000000     0x2e0b
 .debug_abbrev  0x00000000      0x2c8 ..\obj\usb_core.o
 .debug_abbrev  0x000002c8      0x17c ..\obj\stm32_ub_usb_msc_host.o
 .debug_abbrev  0x00000444      0x161 ..\obj\usbh_hcs.o
 .debug_abbrev  0x000005a5      0x229 ..\obj\usbh_stdreq.o
 .debug_abbrev  0x000007ce       0xfb ..\obj\funkcje.o
 .debug_abbrev  0x000008c9      0x14a ..\obj\diskio.o
 .debug_abbrev  0x00000a13       0xb2 ..\obj\startup_stm32f4xx.o
 .debug_abbrev  0x00000ac5      0x14b ..\obj\stm32_ub_led.o
 .debug_abbrev  0x00000c10       0xab ..\obj\main.o
 .debug_abbrev  0x00000cbb      0x1a7 ..\obj\stm32_ub_fatfs.o
 .debug_abbrev  0x00000e62      0x1e5 ..\obj\stm32f4xx_rcc.o
 .debug_abbrev  0x00001047      0x10e ..\obj\init.o
 .debug_abbrev  0x00001155      0x1f5 ..\obj\usbh_msc_core.o
 .debug_abbrev  0x0000134a      0x213 ..\obj\usbh_core.o
 .debug_abbrev  0x0000155d       0xc7 ..\obj\stm32_ub_sdcard.o
 .debug_abbrev  0x00001624      0x1a5 ..\obj\stm32f4xx_gpio.o
 .debug_abbrev  0x000017c9      0x1ce ..\obj\stm32_ub_usbdisk.o
 .debug_abbrev  0x00001997      0x18e ..\obj\usbh_msc_scsi.o
 .debug_abbrev  0x00001b25      0x14e ..\obj\lista_plikow.o
 .debug_abbrev  0x00001c73      0x138 ..\obj\system_stm32f4xx.o
 .debug_abbrev  0x00001dab       0xe4 ..\obj\syscalls.o
 .debug_abbrev  0x00001e8f      0x141 ..\obj\usbh_usr.o
 .debug_abbrev  0x00001fd0       0x99 ..\obj\ccsbcs.o
 .debug_abbrev  0x00002069      0x1c9 ..\obj\usb_bsp.o
 .debug_abbrev  0x00002232       0xc7 ..\obj\stm32_ub_atadrive.o
 .debug_abbrev  0x000022f9      0x1e7 ..\obj\ff.o
 .debug_abbrev  0x000024e0      0x183 ..\obj\usb_hcd.o
 .debug_abbrev  0x00002663      0x1c7 ..\obj\usbh_msc_bot.o
 .debug_abbrev  0x0000282a      0x119 ..\obj\usuwanie_plikow.o
 .debug_abbrev  0x00002943      0x17a ..\obj\usbh_ioreq.o
 .debug_abbrev  0x00002abd      0x129 ..\obj\misc.o
 .debug_abbrev  0x00002be6      0x225 ..\obj\usb_hcd_int.o

.debug_loc      0x00000000     0x436a
 .debug_loc     0x00000000      0x658 ..\obj\usb_core.o
 .debug_loc     0x00000658       0x64 ..\obj\stm32_ub_usb_msc_host.o
 .debug_loc     0x000006bc      0x150 ..\obj\usbh_hcs.o
 .debug_loc     0x0000080c      0x2d8 ..\obj\usbh_stdreq.o
 .debug_loc     0x00000ae4       0x38 ..\obj\funkcje.o
 .debug_loc     0x00000b1c      0x144 ..\obj\diskio.o
 .debug_loc     0x00000c60       0x64 ..\obj\startup_stm32f4xx.o
 .debug_loc     0x00000cc4      0x118 ..\obj\stm32_ub_led.o
 .debug_loc     0x00000ddc       0x2c ..\obj\main.o
 .debug_loc     0x00000e08      0x294 ..\obj\stm32_ub_fatfs.o
 .debug_loc     0x0000109c      0x97c ..\obj\stm32f4xx_rcc.o
 .debug_loc     0x00001a18       0xa8 ..\obj\init.o
 .debug_loc     0x00001ac0      0x188 ..\obj\usbh_msc_core.o
 .debug_loc     0x00001c48      0x1c2 ..\obj\usbh_core.o
 .debug_loc     0x00001e0a      0x17c ..\obj\stm32_ub_sdcard.o
 .debug_loc     0x00001f86      0x310 ..\obj\stm32f4xx_gpio.o
 .debug_loc     0x00002296      0x17c ..\obj\stm32_ub_usbdisk.o
 .debug_loc     0x00002412      0x150 ..\obj\usbh_msc_scsi.o
 .debug_loc     0x00002562       0x3a ..\obj\lista_plikow.o
 .debug_loc     0x0000259c       0x9c ..\obj\system_stm32f4xx.o
 .debug_loc     0x00002638      0x1ec ..\obj\syscalls.o
 .debug_loc     0x00002824      0x360 ..\obj\usbh_usr.o
 .debug_loc     0x00002b84       0x70 ..\obj\ccsbcs.o
 .debug_loc     0x00002bf4      0x17c ..\obj\usb_bsp.o
 .debug_loc     0x00002d70      0x17c ..\obj\stm32_ub_atadrive.o
 .debug_loc     0x00002eec      0xbb8 ..\obj\ff.o
 .debug_loc     0x00003aa4      0x230 ..\obj\usb_hcd.o
 .debug_loc     0x00003cd4       0xe0 ..\obj\usbh_msc_bot.o
 .debug_loc     0x00003db4       0x3a ..\obj\usuwanie_plikow.o
 .debug_loc     0x00003dee      0x1f8 ..\obj\usbh_ioreq.o
 .debug_loc     0x00003fe6      0x118 ..\obj\misc.o
 .debug_loc     0x000040fe      0x26c ..\obj\usb_hcd_int.o

.debug_aranges  0x00000000      0xcc8
 .debug_aranges
                0x00000000      0x100 ..\obj\usb_core.o
 .debug_aranges
                0x00000100       0x28 ..\obj\stm32_ub_usb_msc_host.o
 .debug_aranges
                0x00000128       0x48 ..\obj\usbh_hcs.o
 .debug_aranges
                0x00000170       0x80 ..\obj\usbh_stdreq.o
 .debug_aranges
                0x000001f0       0x20 ..\obj\funkcje.o
 .debug_aranges
                0x00000210       0x48 ..\obj\diskio.o
 .debug_aranges
                0x00000258       0x28 ..\obj\startup_stm32f4xx.o
 .debug_aranges
                0x00000280       0x40 ..\obj\stm32_ub_led.o
 .debug_aranges
                0x000002c0       0x20 ..\obj\main.o
 .debug_aranges
                0x000002e0       0x78 ..\obj\stm32_ub_fatfs.o
 .debug_aranges
                0x00000358      0x178 ..\obj\stm32f4xx_rcc.o
 .debug_aranges
                0x000004d0       0x30 ..\obj\init.o
 .debug_aranges
                0x00000500       0x50 ..\obj\usbh_msc_core.o
 .debug_aranges
                0x00000550       0x58 ..\obj\usbh_core.o
 .debug_aranges
                0x000005a8       0x50 ..\obj\stm32_ub_sdcard.o
 .debug_aranges
                0x000005f8       0x88 ..\obj\stm32f4xx_gpio.o
 .debug_aranges
                0x00000680       0x50 ..\obj\stm32_ub_usbdisk.o
 .debug_aranges
                0x000006d0       0x48 ..\obj\usbh_msc_scsi.o
 .debug_aranges
                0x00000718       0x20 ..\obj\lista_plikow.o
 .debug_aranges
                0x00000738       0x30 ..\obj\system_stm32f4xx.o
 .debug_aranges
                0x00000768       0x60 ..\obj\syscalls.o
 .debug_aranges
                0x000007c8       0xa8 ..\obj\usbh_usr.o
 .debug_aranges
                0x00000870       0x28 ..\obj\ccsbcs.o
 .debug_aranges
                0x00000898       0x50 ..\obj\usb_bsp.o
 .debug_aranges
                0x000008e8       0x50 ..\obj\stm32_ub_atadrive.o
 .debug_aranges
                0x00000938      0x1c0 ..\obj\ff.o
 .debug_aranges
                0x00000af8       0x68 ..\obj\usb_hcd.o
 .debug_aranges
                0x00000b60       0x38 ..\obj\usbh_msc_bot.o
 .debug_aranges
                0x00000b98       0x20 ..\obj\usuwanie_plikow.o
 .debug_aranges
                0x00000bb8       0x60 ..\obj\usbh_ioreq.o
 .debug_aranges
                0x00000c18       0x40 ..\obj\misc.o
 .debug_aranges
                0x00000c58       0x70 ..\obj\usb_hcd_int.o

.debug_ranges   0x00000000      0xae0
 .debug_ranges  0x00000000       0xf0 ..\obj\usb_core.o
 .debug_ranges  0x000000f0       0x18 ..\obj\stm32_ub_usb_msc_host.o
 .debug_ranges  0x00000108       0x38 ..\obj\usbh_hcs.o
 .debug_ranges  0x00000140       0x70 ..\obj\usbh_stdreq.o
 .debug_ranges  0x000001b0       0x28 ..\obj\funkcje.o
 .debug_ranges  0x000001d8       0x38 ..\obj\diskio.o
 .debug_ranges  0x00000210       0x18 ..\obj\startup_stm32f4xx.o
 .debug_ranges  0x00000228       0x30 ..\obj\stm32_ub_led.o
 .debug_ranges  0x00000258       0x10 ..\obj\main.o
 .debug_ranges  0x00000268       0x68 ..\obj\stm32_ub_fatfs.o
 .debug_ranges  0x000002d0      0x168 ..\obj\stm32f4xx_rcc.o
 .debug_ranges  0x00000438       0x20 ..\obj\init.o
 .debug_ranges  0x00000458       0x40 ..\obj\usbh_msc_core.o
 .debug_ranges  0x00000498       0x48 ..\obj\usbh_core.o
 .debug_ranges  0x000004e0       0x40 ..\obj\stm32_ub_sdcard.o
 .debug_ranges  0x00000520       0x78 ..\obj\stm32f4xx_gpio.o
 .debug_ranges  0x00000598       0x40 ..\obj\stm32_ub_usbdisk.o
 .debug_ranges  0x000005d8       0x38 ..\obj\usbh_msc_scsi.o
 .debug_ranges  0x00000610       0x10 ..\obj\lista_plikow.o
 .debug_ranges  0x00000620       0x20 ..\obj\system_stm32f4xx.o
 .debug_ranges  0x00000640       0x50 ..\obj\syscalls.o
 .debug_ranges  0x00000690       0x98 ..\obj\usbh_usr.o
 .debug_ranges  0x00000728       0x18 ..\obj\ccsbcs.o
 .debug_ranges  0x00000740       0x40 ..\obj\usb_bsp.o
 .debug_ranges  0x00000780       0x40 ..\obj\stm32_ub_atadrive.o
 .debug_ranges  0x000007c0      0x1b0 ..\obj\ff.o
 .debug_ranges  0x00000970       0x58 ..\obj\usb_hcd.o
 .debug_ranges  0x000009c8       0x28 ..\obj\usbh_msc_bot.o
 .debug_ranges  0x000009f0       0x10 ..\obj\usuwanie_plikow.o
 .debug_ranges  0x00000a00       0x50 ..\obj\usbh_ioreq.o
 .debug_ranges  0x00000a50       0x30 ..\obj\misc.o
 .debug_ranges  0x00000a80       0x60 ..\obj\usb_hcd_int.o

.debug_line     0x00000000     0x6ba5
 .debug_line    0x00000000      0x600 ..\obj\usb_core.o
 .debug_line    0x00000600      0x276 ..\obj\stm32_ub_usb_msc_host.o
 .debug_line    0x00000876      0x24d ..\obj\usbh_hcs.o
 .debug_line    0x00000ac3      0x386 ..\obj\usbh_stdreq.o
 .debug_line    0x00000e49      0x280 ..\obj\funkcje.o
 .debug_line    0x000010c9      0x29a ..\obj\diskio.o
 .debug_line    0x00001363       0xbc ..\obj\startup_stm32f4xx.o
 .debug_line    0x0000141f      0x2b0 ..\obj\stm32_ub_led.o
 .debug_line    0x000016cf      0x1db ..\obj\main.o
 .debug_line    0x000018aa      0x37e ..\obj\stm32_ub_fatfs.o
 .debug_line    0x00001c28      0x5e1 ..\obj\stm32f4xx_rcc.o
 .debug_line    0x00002209      0x27d ..\obj\init.o
 .debug_line    0x00002486      0x309 ..\obj\usbh_msc_core.o
 .debug_line    0x0000278f      0x3e3 ..\obj\usbh_core.o
 .debug_line    0x00002b72      0x252 ..\obj\stm32_ub_sdcard.o
 .debug_line    0x00002dc4      0x385 ..\obj\stm32f4xx_gpio.o
 .debug_line    0x00003149      0x3bd ..\obj\stm32_ub_usbdisk.o
 .debug_line    0x00003506      0x394 ..\obj\usbh_msc_scsi.o
 .debug_line    0x0000389a      0x2cb ..\obj\lista_plikow.o
 .debug_line    0x00003b65      0x1f9 ..\obj\system_stm32f4xx.o
 .debug_line    0x00003d5e      0x1c3 ..\obj\syscalls.o
 .debug_line    0x00003f21      0x34f ..\obj\usbh_usr.o
 .debug_line    0x00004270      0x147 ..\obj\ccsbcs.o
 .debug_line    0x000043b7      0x2fd ..\obj\usb_bsp.o
 .debug_line    0x000046b4      0x253 ..\obj\stm32_ub_atadrive.o
 .debug_line    0x00004907     0x110c ..\obj\ff.o
 .debug_line    0x00005a13      0x278 ..\obj\usb_hcd.o
 .debug_line    0x00005c8b      0x321 ..\obj\usbh_msc_bot.o
 .debug_line    0x00005fac      0x2b9 ..\obj\usuwanie_plikow.o
 .debug_line    0x00006265      0x2a1 ..\obj\usbh_ioreq.o
 .debug_line    0x00006506      0x28b ..\obj\misc.o
 .debug_line    0x00006791      0x414 ..\obj\usb_hcd_int.o

.debug_str      0x00000000     0x538d
 .debug_str     0x00000000     0x1046 ..\obj\usb_core.o
                               0x1334 (size before relaxing)
 .debug_str     0x00001046      0xabb ..\obj\stm32_ub_usb_msc_host.o
                               0x129f (size before relaxing)
 .debug_str     0x00001b01       0xf8 ..\obj\usbh_hcs.o
                                0x854 (size before relaxing)
 .debug_str     0x00001bf9      0x21a ..\obj\usbh_stdreq.o
                               0x12bc (size before relaxing)
 .debug_str     0x00001e13       0xd1 ..\obj\funkcje.o
                                0x304 (size before relaxing)
 .debug_str     0x00001ee4       0xbd ..\obj\diskio.o
                                0x331 (size before relaxing)
 .debug_str     0x00001fa1       0xcb ..\obj\startup_stm32f4xx.o
                                0x12f (size before relaxing)
 .debug_str     0x0000206c      0x265 ..\obj\stm32_ub_led.o
                                0x3c6 (size before relaxing)
 .debug_str     0x000022d1       0x4a ..\obj\main.o
                                0x290 (size before relaxing)
 .debug_str     0x0000231b      0x46b ..\obj\stm32_ub_fatfs.o
                                0x6d8 (size before relaxing)
 .debug_str     0x00002786      0x6ba ..\obj\stm32f4xx_rcc.o
                                0x80e (size before relaxing)
 .debug_str     0x00002e40      0x707 ..\obj\init.o
                                0xa0e (size before relaxing)
 .debug_str     0x00003547      0x3d2 ..\obj\usbh_msc_core.o
                               0x147d (size before relaxing)
 .debug_str     0x00003919      0x126 ..\obj\usbh_core.o
                               0x1209 (size before relaxing)
 .debug_str     0x00003a3f       0xe2 ..\obj\stm32_ub_sdcard.o
                                0x200 (size before relaxing)
 .debug_str     0x00003b21      0x1be ..\obj\stm32f4xx_gpio.o
                                0x461 (size before relaxing)
 .debug_str     0x00003cdf      0x15b ..\obj\stm32_ub_usbdisk.o
                               0x13aa (size before relaxing)
 .debug_str     0x00003e3a      0x244 ..\obj\usbh_msc_scsi.o
                                0xbfb (size before relaxing)
 .debug_str     0x0000407e       0xb4 ..\obj\lista_plikow.o
                                0x63b (size before relaxing)
 .debug_str     0x00004132      0x133 ..\obj\system_stm32f4xx.o
                                0x368 (size before relaxing)
 .debug_str     0x00004265      0x163 ..\obj\syscalls.o
                                0x2ea (size before relaxing)
 .debug_str     0x000043c8      0x24a ..\obj\usbh_usr.o
                                0x83c (size before relaxing)
 .debug_str     0x00004612       0x84 ..\obj\ccsbcs.o
                                0x139 (size before relaxing)
 .debug_str     0x00004696      0x129 ..\obj\usb_bsp.o
                                0xfdf (size before relaxing)
 .debug_str     0x000047bf       0xe8 ..\obj\stm32_ub_atadrive.o
                                0x206 (size before relaxing)
 .debug_str     0x000048a7      0x311 ..\obj\ff.o
                                0x6e3 (size before relaxing)
 .debug_str     0x00004bb8      0x112 ..\obj\usb_hcd.o
                                0x8f1 (size before relaxing)
 .debug_str     0x00004cca      0x118 ..\obj\usbh_msc_bot.o
                               0x1465 (size before relaxing)
 .debug_str     0x00004de2       0x65 ..\obj\usuwanie_plikow.o
                                0x5ef (size before relaxing)
 .debug_str     0x00004e47      0x11f ..\obj\usbh_ioreq.o
                               0x11c5 (size before relaxing)
 .debug_str     0x00004f66      0x17c ..\obj\misc.o
                                0x397 (size before relaxing)
 .debug_str     0x000050e2      0x2ab ..\obj\usb_hcd_int.o
                                0xefb (size before relaxing)

.comment        0x00000000       0x70
 .comment       0x00000000       0x70 ..\obj\usb_core.o
                                 0x71 (size before relaxing)
 .comment       0x00000000       0x71 ..\obj\stm32_ub_usb_msc_host.o
 .comment       0x00000000       0x71 ..\obj\usbh_hcs.o
 .comment       0x00000000       0x71 ..\obj\usbh_stdreq.o
 .comment       0x00000000       0x71 ..\obj\funkcje.o
 .comment       0x00000000       0x71 ..\obj\diskio.o
 .comment       0x00000000       0x71 ..\obj\startup_stm32f4xx.o
 .comment       0x00000000       0x71 ..\obj\stm32_ub_led.o
 .comment       0x00000000       0x71 ..\obj\main.o
 .comment       0x00000000       0x71 ..\obj\stm32_ub_fatfs.o
 .comment       0x00000000       0x71 ..\obj\stm32f4xx_rcc.o
 .comment       0x00000000       0x71 ..\obj\init.o
 .comment       0x00000000       0x71 ..\obj\usbh_msc_core.o
 .comment       0x00000000       0x71 ..\obj\usbh_core.o
 .comment       0x00000000       0x71 ..\obj\stm32_ub_sdcard.o
 .comment       0x00000000       0x71 ..\obj\stm32f4xx_gpio.o
 .comment       0x00000000       0x71 ..\obj\stm32_ub_usbdisk.o
 .comment       0x00000000       0x71 ..\obj\usbh_msc_scsi.o
 .comment       0x00000000       0x71 ..\obj\lista_plikow.o
 .comment       0x00000000       0x71 ..\obj\system_stm32f4xx.o
 .comment       0x00000000       0x71 ..\obj\syscalls.o
 .comment       0x00000000       0x71 ..\obj\usbh_usr.o
 .comment       0x00000000       0x71 ..\obj\ccsbcs.o
 .comment       0x00000000       0x71 ..\obj\usb_bsp.o
 .comment       0x00000000       0x71 ..\obj\stm32_ub_atadrive.o
 .comment       0x00000000       0x71 ..\obj\ff.o
 .comment       0x00000000       0x71 ..\obj\usb_hcd.o
 .comment       0x00000000       0x71 ..\obj\usbh_msc_bot.o
 .comment       0x00000000       0x71 ..\obj\usuwanie_plikow.o
 .comment       0x00000000       0x71 ..\obj\usbh_ioreq.o
 .comment       0x00000000       0x71 ..\obj\misc.o
 .comment       0x00000000       0x71 ..\obj\usb_hcd_int.o

.ARM.attributes
                0x00000000       0x33
 .ARM.attributes
                0x00000000       0x33 ..\obj\usb_core.o
 .ARM.attributes
                0x00000033       0x33 ..\obj\stm32_ub_usb_msc_host.o
 .ARM.attributes
                0x00000066       0x33 ..\obj\usbh_hcs.o
 .ARM.attributes
                0x00000099       0x33 ..\obj\usbh_stdreq.o
 .ARM.attributes
                0x000000cc       0x33 ..\obj\funkcje.o
 .ARM.attributes
                0x000000ff       0x33 ..\obj\diskio.o
 .ARM.attributes
                0x00000132       0x33 ..\obj\startup_stm32f4xx.o
 .ARM.attributes
                0x00000165       0x33 ..\obj\stm32_ub_led.o
 .ARM.attributes
                0x00000198       0x33 ..\obj\main.o
 .ARM.attributes
                0x000001cb       0x33 ..\obj\stm32_ub_fatfs.o
 .ARM.attributes
                0x000001fe       0x33 ..\obj\stm32f4xx_rcc.o
 .ARM.attributes
                0x00000231       0x33 ..\obj\init.o
 .ARM.attributes
                0x00000264       0x33 ..\obj\usbh_msc_core.o
 .ARM.attributes
                0x00000297       0x33 ..\obj\usbh_core.o
 .ARM.attributes
                0x000002ca       0x33 ..\obj\stm32_ub_sdcard.o
 .ARM.attributes
                0x000002fd       0x33 ..\obj\stm32f4xx_gpio.o
 .ARM.attributes
                0x00000330       0x33 ..\obj\stm32_ub_usbdisk.o
 .ARM.attributes
                0x00000363       0x33 ..\obj\usbh_msc_scsi.o
 .ARM.attributes
                0x00000396       0x33 ..\obj\lista_plikow.o
 .ARM.attributes
                0x000003c9       0x33 ..\obj\system_stm32f4xx.o
 .ARM.attributes
                0x000003fc       0x33 ..\obj\syscalls.o
 .ARM.attributes
                0x0000042f       0x33 ..\obj\usbh_usr.o
 .ARM.attributes
                0x00000462       0x33 ..\obj\ccsbcs.o
 .ARM.attributes
                0x00000495       0x33 ..\obj\usb_bsp.o
 .ARM.attributes
                0x000004c8       0x33 ..\obj\stm32_ub_atadrive.o
 .ARM.attributes
                0x000004fb       0x33 ..\obj\ff.o
 .ARM.attributes
                0x0000052e       0x33 ..\obj\usb_hcd.o
 .ARM.attributes
                0x00000561       0x33 ..\obj\usbh_msc_bot.o
 .ARM.attributes
                0x00000594       0x33 ..\obj\usuwanie_plikow.o
 .ARM.attributes
                0x000005c7       0x33 ..\obj\usbh_ioreq.o
 .ARM.attributes
                0x000005fa       0x33 ..\obj\misc.o
 .ARM.attributes
                0x0000062d       0x33 ..\obj\usb_hcd_int.o
 .ARM.attributes
                0x00000660       0x2e d:/stm32_discovery/sterowniki/gnu tools arm embedded/4.7 2013q3/bin/../lib/gcc/arm-none-eabi/4.7.4/../../../../arm-none-eabi/lib/armv7e-m\libg.a(lib_a-sprintf.o)
 .ARM.attributes
                0x0000068e       0x2e d:/stm32_discovery/sterowniki/gnu tools arm embedded/4.7 2013q3/bin/../lib/gcc/arm-none-eabi/4.7.4/../../../../arm-none-eabi/lib/armv7e-m\libg.a(lib_a-strcat.o)
 .ARM.attributes
                0x000006bc       0x2e d:/stm32_discovery/sterowniki/gnu tools arm embedded/4.7 2013q3/bin/../lib/gcc/arm-none-eabi/4.7.4/../../../../arm-none-eabi/lib/armv7e-m\libg.a(lib_a-strcpy.o)
 .ARM.attributes
                0x000006ea       0x2e d:/stm32_discovery/sterowniki/gnu tools arm embedded/4.7 2013q3/bin/../lib/gcc/arm-none-eabi/4.7.4/../../../../arm-none-eabi/lib/armv7e-m\libg.a(lib_a-svfprintf.o)
 .ARM.attributes
                0x00000718       0x2e d:/stm32_discovery/sterowniki/gnu tools arm embedded/4.7 2013q3/bin/../lib/gcc/arm-none-eabi/4.7.4/../../../../arm-none-eabi/lib/armv7e-m\libg.a(lib_a-dtoa.o)
 .ARM.attributes
                0x00000746       0x2e d:/stm32_discovery/sterowniki/gnu tools arm embedded/4.7 2013q3/bin/../lib/gcc/arm-none-eabi/4.7.4/../../../../arm-none-eabi/lib/armv7e-m\libg.a(lib_a-impure.o)
 .ARM.attributes
                0x00000774       0x2e d:/stm32_discovery/sterowniki/gnu tools arm embedded/4.7 2013q3/bin/../lib/gcc/arm-none-eabi/4.7.4/../../../../arm-none-eabi/lib/armv7e-m\libg.a(lib_a-locale.o)
 .ARM.attributes
                0x000007a2       0x2e d:/stm32_discovery/sterowniki/gnu tools arm embedded/4.7 2013q3/bin/../lib/gcc/arm-none-eabi/4.7.4/../../../../arm-none-eabi/lib/armv7e-m\libg.a(lib_a-mallocr.o)
 .ARM.attributes
                0x000007d0       0x2e d:/stm32_discovery/sterowniki/gnu tools arm embedded/4.7 2013q3/bin/../lib/gcc/arm-none-eabi/4.7.4/../../../../arm-none-eabi/lib/armv7e-m\libg.a(lib_a-memchr.o)
 .ARM.attributes
                0x000007fe       0x2e d:/stm32_discovery/sterowniki/gnu tools arm embedded/4.7 2013q3/bin/../lib/gcc/arm-none-eabi/4.7.4/../../../../arm-none-eabi/lib/armv7e-m\libg.a(lib_a-memcpy.o)
 .ARM.attributes
                0x0000082c       0x2e d:/stm32_discovery/sterowniki/gnu tools arm embedded/4.7 2013q3/bin/../lib/gcc/arm-none-eabi/4.7.4/../../../../arm-none-eabi/lib/armv7e-m\libg.a(lib_a-mlock.o)
 .ARM.attributes
                0x0000085a       0x2e d:/stm32_discovery/sterowniki/gnu tools arm embedded/4.7 2013q3/bin/../lib/gcc/arm-none-eabi/4.7.4/../../../../arm-none-eabi/lib/armv7e-m\libg.a(lib_a-mprec.o)
 .ARM.attributes
                0x00000888       0x2e d:/stm32_discovery/sterowniki/gnu tools arm embedded/4.7 2013q3/bin/../lib/gcc/arm-none-eabi/4.7.4/../../../../arm-none-eabi/lib/armv7e-m\libg.a(lib_a-s_fpclassify.o)
 .ARM.attributes
                0x000008b6       0x2e d:/stm32_discovery/sterowniki/gnu tools arm embedded/4.7 2013q3/bin/../lib/gcc/arm-none-eabi/4.7.4/../../../../arm-none-eabi/lib/armv7e-m\libg.a(lib_a-sbrkr.o)
 .ARM.attributes
                0x000008e4       0x2e d:/stm32_discovery/sterowniki/gnu tools arm embedded/4.7 2013q3/bin/../lib/gcc/arm-none-eabi/4.7.4/../../../../arm-none-eabi/lib/armv7e-m\libg.a(lib_a-strlen.o)
 .ARM.attributes
                0x00000912       0x2e d:/stm32_discovery/sterowniki/gnu tools arm embedded/4.7 2013q3/bin/../lib/gcc/arm-none-eabi/4.7.4/../../../../arm-none-eabi/lib/armv7e-m\libg.a(lib_a-svfiprintf.o)
 .ARM.attributes
                0x00000940       0x2e d:/stm32_discovery/sterowniki/gnu tools arm embedded/4.7 2013q3/bin/../lib/gcc/arm-none-eabi/4.7.4/../../../../arm-none-eabi/lib/armv7e-m\libg.a(lib_a-callocr.o)
 .ARM.attributes
                0x0000096e       0x2e d:/stm32_discovery/sterowniki/gnu tools arm embedded/4.7 2013q3/bin/../lib/gcc/arm-none-eabi/4.7.4/../../../../arm-none-eabi/lib/armv7e-m\libg.a(lib_a-freer.o)
 .ARM.attributes
                0x0000099c       0x2e d:/stm32_discovery/sterowniki/gnu tools arm embedded/4.7 2013q3/bin/../lib/gcc/arm-none-eabi/4.7.4/../../../../arm-none-eabi/lib/armv7e-m\libg.a(lib_a-memmove.o)
 .ARM.attributes
                0x000009ca       0x2e d:/stm32_discovery/sterowniki/gnu tools arm embedded/4.7 2013q3/bin/../lib/gcc/arm-none-eabi/4.7.4/../../../../arm-none-eabi/lib/armv7e-m\libg.a(lib_a-memset.o)
 .ARM.attributes
                0x000009f8       0x2e d:/stm32_discovery/sterowniki/gnu tools arm embedded/4.7 2013q3/bin/../lib/gcc/arm-none-eabi/4.7.4/../../../../arm-none-eabi/lib/armv7e-m\libg.a(lib_a-reallocr.o)
 .ARM.attributes
                0x00000a26       0x2e d:/stm32_discovery/sterowniki/gnu tools arm embedded/4.7 2013q3/bin/../lib/gcc/arm-none-eabi/4.7.4/../../../../arm-none-eabi/lib/armv7e-m\libg.a(lib_a-reent.o)
 .ARM.attributes
                0x00000a54       0x1e d:/stm32_discovery/sterowniki/gnu tools arm embedded/4.7 2013q3/bin/../lib/gcc/arm-none-eabi/4.7.4/armv7e-m\libgcc.a(_arm_addsubdf3.o)
 .ARM.attributes
                0x00000a72       0x1e d:/stm32_discovery/sterowniki/gnu tools arm embedded/4.7 2013q3/bin/../lib/gcc/arm-none-eabi/4.7.4/armv7e-m\libgcc.a(_arm_muldivdf3.o)
 .ARM.attributes
                0x00000a90       0x1e d:/stm32_discovery/sterowniki/gnu tools arm embedded/4.7 2013q3/bin/../lib/gcc/arm-none-eabi/4.7.4/armv7e-m\libgcc.a(_arm_cmpdf2.o)
 .ARM.attributes
                0x00000aae       0x1e d:/stm32_discovery/sterowniki/gnu tools arm embedded/4.7 2013q3/bin/../lib/gcc/arm-none-eabi/4.7.4/armv7e-m\libgcc.a(_arm_fixdfsi.o)
 .ARM.attributes
                0x00000acc       0x1e d:/stm32_discovery/sterowniki/gnu tools arm embedded/4.7 2013q3/bin/../lib/gcc/arm-none-eabi/4.7.4/armv7e-m\libgcc.a(_aeabi_uldivmod.o)
 .ARM.attributes
                0x00000aea       0x2e d:/stm32_discovery/sterowniki/gnu tools arm embedded/4.7 2013q3/bin/../lib/gcc/arm-none-eabi/4.7.4/armv7e-m\libgcc.a(bpabi.o)
 .ARM.attributes
                0x00000b18       0x1e d:/stm32_discovery/sterowniki/gnu tools arm embedded/4.7 2013q3/bin/../lib/gcc/arm-none-eabi/4.7.4/armv7e-m\libgcc.a(_dvmd_tls.o)
 .ARM.attributes
                0x00000b36       0x2e d:/stm32_discovery/sterowniki/gnu tools arm embedded/4.7 2013q3/bin/../lib/gcc/arm-none-eabi/4.7.4/armv7e-m\libgcc.a(_divdi3.o)
 .ARM.attributes
                0x00000b64       0x2e d:/stm32_discovery/sterowniki/gnu tools arm embedded/4.7 2013q3/bin/../lib/gcc/arm-none-eabi/4.7.4/armv7e-m\libgcc.a(_udivdi3.o)

.debug_frame    0x00000000     0x2e1c
 .debug_frame   0x00000000      0x370 ..\obj\usb_core.o
 .debug_frame   0x00000370       0x4c ..\obj\stm32_ub_usb_msc_host.o
 .debug_frame   0x000003bc       0xc4 ..\obj\usbh_hcs.o
 .debug_frame   0x00000480      0x19c ..\obj\usbh_stdreq.o
 .debug_frame   0x0000061c       0x30 ..\obj\funkcje.o
 .debug_frame   0x0000064c       0xc8 ..\obj\diskio.o
 .debug_frame   0x00000714       0x48 ..\obj\startup_stm32f4xx.o
 .debug_frame   0x0000075c       0xa8 ..\obj\stm32_ub_led.o
 .debug_frame   0x00000804       0x2c ..\obj\main.o
 .debug_frame   0x00000830      0x188 ..\obj\stm32_ub_fatfs.o
 .debug_frame   0x000009b8      0x4d8 ..\obj\stm32f4xx_rcc.o
 .debug_frame   0x00000e90       0x70 ..\obj\init.o
 .debug_frame   0x00000f00       0xe8 ..\obj\usbh_msc_core.o
 .debug_frame   0x00000fe8      0x108 ..\obj\usbh_core.o
 .debug_frame   0x000010f0       0xd0 ..\obj\stm32_ub_sdcard.o
 .debug_frame   0x000011c0      0x19c ..\obj\stm32f4xx_gpio.o
 .debug_frame   0x0000135c       0xe4 ..\obj\stm32_ub_usbdisk.o
 .debug_frame   0x00001440       0xd0 ..\obj\usbh_msc_scsi.o
 .debug_frame   0x00001510       0x30 ..\obj\lista_plikow.o
 .debug_frame   0x00001540       0x64 ..\obj\system_stm32f4xx.o
 .debug_frame   0x000015a4      0x108 ..\obj\syscalls.o
 .debug_frame   0x000016ac      0x1d8 ..\obj\usbh_usr.o
 .debug_frame   0x00001884       0x48 ..\obj\ccsbcs.o
 .debug_frame   0x000018cc       0xe8 ..\obj\usb_bsp.o
 .debug_frame   0x000019b4       0xd0 ..\obj\stm32_ub_atadrive.o
 .debug_frame   0x00001a84      0x68c ..\obj\ff.o
 .debug_frame   0x00002110      0x138 ..\obj\usb_hcd.o
 .debug_frame   0x00002248       0x90 ..\obj\usbh_msc_bot.o
 .debug_frame   0x000022d8       0x30 ..\obj\usuwanie_plikow.o
 .debug_frame   0x00002308      0x12c ..\obj\usbh_ioreq.o
 .debug_frame   0x00002434       0x9c ..\obj\misc.o
 .debug_frame   0x000024d0      0x168 ..\obj\usb_hcd_int.o
 .debug_frame   0x00002638       0x60 d:/stm32_discovery/sterowniki/gnu tools arm embedded/4.7 2013q3/bin/../lib/gcc/arm-none-eabi/4.7.4/../../../../arm-none-eabi/lib/armv7e-m\libg.a(lib_a-sprintf.o)
 .debug_frame   0x00002698       0x2c d:/stm32_discovery/sterowniki/gnu tools arm embedded/4.7 2013q3/bin/../lib/gcc/arm-none-eabi/4.7.4/../../../../arm-none-eabi/lib/armv7e-m\libg.a(lib_a-strcat.o)
 .debug_frame   0x000026c4       0x20 d:/stm32_discovery/sterowniki/gnu tools arm embedded/4.7 2013q3/bin/../lib/gcc/arm-none-eabi/4.7.4/../../../../arm-none-eabi/lib/armv7e-m\libg.a(lib_a-strcpy.o)
 .debug_frame   0x000026e4       0x3c d:/stm32_discovery/sterowniki/gnu tools arm embedded/4.7 2013q3/bin/../lib/gcc/arm-none-eabi/4.7.4/../../../../arm-none-eabi/lib/armv7e-m\libg.a(lib_a-svfprintf.o)
 .debug_frame   0x00002720       0x64 d:/stm32_discovery/sterowniki/gnu tools arm embedded/4.7 2013q3/bin/../lib/gcc/arm-none-eabi/4.7.4/../../../../arm-none-eabi/lib/armv7e-m\libg.a(lib_a-dtoa.o)
 .debug_frame   0x00002784       0xa0 d:/stm32_discovery/sterowniki/gnu tools arm embedded/4.7 2013q3/bin/../lib/gcc/arm-none-eabi/4.7.4/../../../../arm-none-eabi/lib/armv7e-m\libg.a(lib_a-locale.o)
 .debug_frame   0x00002824       0x38 d:/stm32_discovery/sterowniki/gnu tools arm embedded/4.7 2013q3/bin/../lib/gcc/arm-none-eabi/4.7.4/../../../../arm-none-eabi/lib/armv7e-m\libg.a(lib_a-mallocr.o)
 .debug_frame   0x0000285c       0x2c d:/stm32_discovery/sterowniki/gnu tools arm embedded/4.7 2013q3/bin/../lib/gcc/arm-none-eabi/4.7.4/../../../../arm-none-eabi/lib/armv7e-m\libg.a(lib_a-memchr.o)
 .debug_frame   0x00002888       0x30 d:/stm32_discovery/sterowniki/gnu tools arm embedded/4.7 2013q3/bin/../lib/gcc/arm-none-eabi/4.7.4/../../../../arm-none-eabi/lib/armv7e-m\libg.a(lib_a-memcpy.o)
 .debug_frame   0x000028b8       0x30 d:/stm32_discovery/sterowniki/gnu tools arm embedded/4.7 2013q3/bin/../lib/gcc/arm-none-eabi/4.7.4/../../../../arm-none-eabi/lib/armv7e-m\libg.a(lib_a-mlock.o)
 .debug_frame   0x000028e8      0x234 d:/stm32_discovery/sterowniki/gnu tools arm embedded/4.7 2013q3/bin/../lib/gcc/arm-none-eabi/4.7.4/../../../../arm-none-eabi/lib/armv7e-m\libg.a(lib_a-mprec.o)
 .debug_frame   0x00002b1c       0x20 d:/stm32_discovery/sterowniki/gnu tools arm embedded/4.7 2013q3/bin/../lib/gcc/arm-none-eabi/4.7.4/../../../../arm-none-eabi/lib/armv7e-m\libg.a(lib_a-s_fpclassify.o)
 .debug_frame   0x00002b3c       0x2c d:/stm32_discovery/sterowniki/gnu tools arm embedded/4.7 2013q3/bin/../lib/gcc/arm-none-eabi/4.7.4/../../../../arm-none-eabi/lib/armv7e-m\libg.a(lib_a-sbrkr.o)
 .debug_frame   0x00002b68       0x20 d:/stm32_discovery/sterowniki/gnu tools arm embedded/4.7 2013q3/bin/../lib/gcc/arm-none-eabi/4.7.4/../../../../arm-none-eabi/lib/armv7e-m\libg.a(lib_a-strlen.o)
 .debug_frame   0x00002b88       0x64 d:/stm32_discovery/sterowniki/gnu tools arm embedded/4.7 2013q3/bin/../lib/gcc/arm-none-eabi/4.7.4/../../../../arm-none-eabi/lib/armv7e-m\libg.a(lib_a-svfiprintf.o)
 .debug_frame   0x00002bec       0x28 d:/stm32_discovery/sterowniki/gnu tools arm embedded/4.7 2013q3/bin/../lib/gcc/arm-none-eabi/4.7.4/../../../../arm-none-eabi/lib/armv7e-m\libg.a(lib_a-callocr.o)
 .debug_frame   0x00002c14       0x50 d:/stm32_discovery/sterowniki/gnu tools arm embedded/4.7 2013q3/bin/../lib/gcc/arm-none-eabi/4.7.4/../../../../arm-none-eabi/lib/armv7e-m\libg.a(lib_a-freer.o)
 .debug_frame   0x00002c64       0x30 d:/stm32_discovery/sterowniki/gnu tools arm embedded/4.7 2013q3/bin/../lib/gcc/arm-none-eabi/4.7.4/../../../../arm-none-eabi/lib/armv7e-m\libg.a(lib_a-memmove.o)
 .debug_frame   0x00002c94       0x2c d:/stm32_discovery/sterowniki/gnu tools arm embedded/4.7 2013q3/bin/../lib/gcc/arm-none-eabi/4.7.4/../../../../arm-none-eabi/lib/armv7e-m\libg.a(lib_a-memset.o)
 .debug_frame   0x00002cc0       0x38 d:/stm32_discovery/sterowniki/gnu tools arm embedded/4.7 2013q3/bin/../lib/gcc/arm-none-eabi/4.7.4/../../../../arm-none-eabi/lib/armv7e-m\libg.a(lib_a-reallocr.o)
 .debug_frame   0x00002cf8       0x6c d:/stm32_discovery/sterowniki/gnu tools arm embedded/4.7 2013q3/bin/../lib/gcc/arm-none-eabi/4.7.4/../../../../arm-none-eabi/lib/armv7e-m\libg.a(lib_a-reent.o)
 .debug_frame   0x00002d64       0x50 d:/stm32_discovery/sterowniki/gnu tools arm embedded/4.7 2013q3/bin/../lib/gcc/arm-none-eabi/4.7.4/armv7e-m\libgcc.a(bpabi.o)
 .debug_frame   0x00002db4       0x34 d:/stm32_discovery/sterowniki/gnu tools arm embedded/4.7 2013q3/bin/../lib/gcc/arm-none-eabi/4.7.4/armv7e-m\libgcc.a(_divdi3.o)
 .debug_frame   0x00002de8       0x34 d:/stm32_discovery/sterowniki/gnu tools arm embedded/4.7 2013q3/bin/../lib/gcc/arm-none-eabi/4.7.4/armv7e-m\libgcc.a(_udivdi3.o)
